ï»¿2026-04-19T06:36:09.7789160Z Current runner version: '2.333.1'
2026-04-19T06:36:09.7802520Z ##[group]Runner Image Provisioner
2026-04-19T06:36:09.7802980Z Hosted Compute Agent
2026-04-19T06:36:09.7803320Z Version: 20260415.520
2026-04-19T06:36:09.7803710Z Commit: af089020f5f67b61ccc91db6c07980876c02bf7b
2026-04-19T06:36:09.7804150Z Build Date: 2026-04-15T18:07:08Z
2026-04-19T06:36:09.7804570Z Worker ID: {45664557-38b6-4b2a-ad01-1f87602526e4}
2026-04-19T06:36:09.7805140Z Azure Region: westus
2026-04-19T06:36:09.7805480Z ##[endgroup]
2026-04-19T06:36:09.7806720Z ##[group]Operating System
2026-04-19T06:36:09.7807070Z macOS
2026-04-19T06:36:09.7807340Z 15.7.4
2026-04-19T06:36:09.7807600Z 24G517
2026-04-19T06:36:09.7807880Z ##[endgroup]
2026-04-19T06:36:09.7808160Z ##[group]Runner Image
2026-04-19T06:36:09.7808480Z Image: macos-15-arm64
2026-04-19T06:36:09.7808790Z Version: 20260414.0270.1
2026-04-19T06:36:09.7809540Z Included Software: https://github.com/actions/runner-images/blob/macos-15-arm64/20260414.0270/images/macos/macos-15-arm64-Readme.md
2026-04-19T06:36:09.7810490Z Image Release: https://github.com/actions/runner-images/releases/tag/macos-15-arm64%2F20260414.0270
2026-04-19T06:36:09.7811080Z ##[endgroup]
2026-04-19T06:36:09.7812770Z ##[group]GITHUB_TOKEN Permissions
2026-04-19T06:36:09.7813880Z Actions: write
2026-04-19T06:36:09.7814180Z ArtifactMetadata: write
2026-04-19T06:36:09.7814510Z Attestations: write
2026-04-19T06:36:09.7814810Z Checks: write
2026-04-19T06:36:09.7815100Z Contents: write
2026-04-19T06:36:09.7815400Z Deployments: write
2026-04-19T06:36:09.7815710Z Discussions: write
2026-04-19T06:36:09.7816010Z Issues: write
2026-04-19T06:36:09.7816300Z Metadata: read
2026-04-19T06:36:09.7816590Z Models: read
2026-04-19T06:36:09.7816890Z Packages: write
2026-04-19T06:36:09.7817180Z Pages: write
2026-04-19T06:36:09.7817520Z PullRequests: write
2026-04-19T06:36:09.7817840Z RepositoryProjects: write
2026-04-19T06:36:09.7818180Z SecurityEvents: write
2026-04-19T06:36:09.7818580Z Statuses: write
2026-04-19T06:36:09.7818890Z ##[endgroup]
2026-04-19T06:36:09.7820200Z Secret source: Actions
2026-04-19T06:36:09.7820600Z Prepare workflow directory
2026-04-19T06:36:09.8030790Z Prepare all required actions
2026-04-19T06:36:09.8059990Z Getting action download info
2026-04-19T06:36:10.0392060Z Download action repository 'actions/checkout@v4' (SHA:34e114876b0b11c390a56381ad16ebd13914f8d5)
2026-04-19T06:36:10.2850540Z Download action repository 'actions/setup-java@v4' (SHA:c1e323688fd81a25caa38c78aa6df2d33d3e20d9)
2026-04-19T06:36:11.9172580Z Download action repository 'actions/upload-artifact@v4' (SHA:ea165f8d65b6e75b540449e92b4886f43607fa02)
2026-04-19T06:36:12.1158720Z Complete job name: build (8, macos-latest)
2026-04-19T06:36:12.1498020Z ##[group]Run actions/checkout@v4
2026-04-19T06:36:12.1499610Z with:
2026-04-19T06:36:12.1499930Z   repository: sreeya12/bytecode-viewer
2026-04-19T06:36:12.1500580Z   token: ***
2026-04-19T06:36:12.1500850Z   ssh-strict: true
2026-04-19T06:36:12.1501130Z   ssh-user: git
2026-04-19T06:36:12.1501410Z   persist-credentials: true
2026-04-19T06:36:12.1501860Z   clean: true
2026-04-19T06:36:12.1502140Z   sparse-checkout-cone-mode: true
2026-04-19T06:36:12.1502490Z   fetch-depth: 1
2026-04-19T06:36:12.1502760Z   fetch-tags: false
2026-04-19T06:36:12.1503050Z   show-progress: true
2026-04-19T06:36:12.1503340Z   lfs: false
2026-04-19T06:36:12.1503610Z   submodules: false
2026-04-19T06:36:12.1503900Z   set-safe-directory: true
2026-04-19T06:36:12.1504340Z ##[endgroup]
2026-04-19T06:36:12.4317450Z Syncing repository: sreeya12/bytecode-viewer
2026-04-19T06:36:12.4319110Z ##[group]Getting Git version info
2026-04-19T06:36:12.4319900Z Working directory is '/Users/runner/work/bytecode-viewer/bytecode-viewer'
2026-04-19T06:36:12.4320780Z [command]/opt/homebrew/bin/git version
2026-04-19T06:36:12.4875600Z git version 2.53.0
2026-04-19T06:36:12.4906950Z ##[endgroup]
2026-04-19T06:36:12.5069890Z Copying '/Users/runner/.gitconfig' to '/Users/runner/work/_temp/2ce63cde-b6ae-4ee9-9944-84666678fae9/.gitconfig'
2026-04-19T06:36:12.5173570Z Temporarily overriding HOME='/Users/runner/work/_temp/2ce63cde-b6ae-4ee9-9944-84666678fae9' before making global git config changes
2026-04-19T06:36:12.5276450Z Adding repository directory to the temporary git global config as a safe directory
2026-04-19T06:36:12.5278020Z [command]/opt/homebrew/bin/git config --global --add safe.directory /Users/runner/work/bytecode-viewer/bytecode-viewer
2026-04-19T06:36:12.5451290Z Deleting the contents of '/Users/runner/work/bytecode-viewer/bytecode-viewer'
2026-04-19T06:36:12.5452580Z ##[group]Initializing the repository
2026-04-19T06:36:12.5453570Z [command]/opt/homebrew/bin/git init /Users/runner/work/bytecode-viewer/bytecode-viewer
2026-04-19T06:36:12.5550470Z hint: Using 'master' as the name for the initial branch. This default branch name
2026-04-19T06:36:12.5551800Z hint: will change to "main" in Git 3.0. To configure the initial branch name
2026-04-19T06:36:12.5552690Z hint: to use in all of your new repositories, which will suppress this warning,
2026-04-19T06:36:12.5553300Z hint: call:
2026-04-19T06:36:12.5553600Z hint:
2026-04-19T06:36:12.5554010Z hint: 	git config --global init.defaultBranch <name>
2026-04-19T06:36:12.5554470Z hint:
2026-04-19T06:36:12.5554970Z hint: Names commonly chosen instead of 'master' are 'main', 'trunk' and
2026-04-19T06:36:12.5555700Z hint: 'development'. The just-created branch can be renamed via this command:
2026-04-19T06:36:12.5556260Z hint:
2026-04-19T06:36:12.5556570Z hint: 	git branch -m <name>
2026-04-19T06:36:12.5556910Z hint:
2026-04-19T06:36:12.5557410Z hint: Disable this message with "git config set advice.defaultBranchName false"
2026-04-19T06:36:12.5558300Z Initialized empty Git repository in /Users/runner/work/bytecode-viewer/bytecode-viewer/.git/
2026-04-19T06:36:12.5559920Z [command]/opt/homebrew/bin/git remote add origin https://github.com/sreeya12/bytecode-viewer
2026-04-19T06:36:12.5629660Z ##[endgroup]
2026-04-19T06:36:12.5630280Z ##[group]Disabling automatic garbage collection
2026-04-19T06:36:12.5632130Z [command]/opt/homebrew/bin/git config --local gc.auto 0
2026-04-19T06:36:12.5694520Z ##[endgroup]
2026-04-19T06:36:12.5713630Z ##[group]Setting up auth
2026-04-19T06:36:12.5714550Z [command]/opt/homebrew/bin/git config --local --name-only --get-regexp core\.sshCommand
2026-04-19T06:36:12.5760130Z [command]/opt/homebrew/bin/git submodule foreach --recursive sh -c "git config --local --name-only --get-regexp 'core\.sshCommand' && git config --local --unset-all 'core.sshCommand' || :"
2026-04-19T06:36:12.6740920Z [command]/opt/homebrew/bin/git config --local --name-only --get-regexp http\.https\:\/\/github\.com\/\.extraheader
2026-04-19T06:36:12.6858730Z [command]/opt/homebrew/bin/git submodule foreach --recursive sh -c "git config --local --name-only --get-regexp 'http\.https\:\/\/github\.com\/\.extraheader' && git config --local --unset-all 'http.https://github.com/.extraheader' || :"
2026-04-19T06:36:12.7650800Z [command]/opt/homebrew/bin/git config --local --name-only --get-regexp ^includeIf\.gitdir:
2026-04-19T06:36:12.7704640Z [command]/opt/homebrew/bin/git submodule foreach --recursive git config --local --show-origin --name-only --get-regexp remote.origin.url
2026-04-19T06:36:12.8510510Z [command]/opt/homebrew/bin/git config --local http.https://github.com/.extraheader AUTHORIZATION: basic ***
2026-04-19T06:36:12.8569010Z ##[endgroup]
2026-04-19T06:36:12.8569790Z ##[group]Fetching the repository
2026-04-19T06:36:12.8575640Z [command]/opt/homebrew/bin/git -c protocol.version=2 fetch --no-tags --prune --no-recurse-submodules --depth=1 origin +330f58eb3768fc899c2ad2b404b8e2c824c2a0bf:refs/remotes/origin/os-expansion-experiment
2026-04-19T06:36:13.9890860Z From https://github.com/sreeya12/bytecode-viewer
2026-04-19T06:36:13.9891740Z  * [new ref]         330f58eb3768fc899c2ad2b404b8e2c824c2a0bf -> origin/os-expansion-experiment
2026-04-19T06:36:14.0035190Z ##[endgroup]
2026-04-19T06:36:14.0035600Z ##[group]Determining the checkout info
2026-04-19T06:36:14.0035970Z ##[endgroup]
2026-04-19T06:36:14.0039830Z [command]/opt/homebrew/bin/git sparse-checkout disable
2026-04-19T06:36:14.0168760Z [command]/opt/homebrew/bin/git config --local --unset-all extensions.worktreeConfig
2026-04-19T06:36:14.0230900Z ##[group]Checking out the ref
2026-04-19T06:36:14.0232440Z [command]/opt/homebrew/bin/git checkout --progress --force -B os-expansion-experiment refs/remotes/origin/os-expansion-experiment
2026-04-19T06:36:14.1134540Z Switched to a new branch 'os-expansion-experiment'
2026-04-19T06:36:14.1235700Z branch 'os-expansion-experiment' set up to track 'origin/os-expansion-experiment'.
2026-04-19T06:36:14.1435640Z ##[endgroup]
2026-04-19T06:36:14.1436720Z [command]/opt/homebrew/bin/git log -1 --format=%H
2026-04-19T06:36:14.1437310Z 330f58eb3768fc899c2ad2b404b8e2c824c2a0bf
2026-04-19T06:36:14.1763000Z ##[group]Run actions/setup-java@v4
2026-04-19T06:36:14.1763280Z with:
2026-04-19T06:36:14.1763440Z   java-version: 8
2026-04-19T06:36:14.1763600Z   distribution: temurin
2026-04-19T06:36:14.1763760Z   cache: maven
2026-04-19T06:36:14.1763940Z   java-package: jdk
2026-04-19T06:36:14.1764100Z   check-latest: false
2026-04-19T06:36:14.1764270Z   server-id: github
2026-04-19T06:36:14.1764440Z   server-username: GITHUB_ACTOR
2026-04-19T06:36:14.1764680Z   server-password: GITHUB_TOKEN
2026-04-19T06:36:14.1764890Z   overwrite-settings: true
2026-04-19T06:36:14.1765100Z   job-status: success
2026-04-19T06:36:14.1765400Z   token: ***
2026-04-19T06:36:14.1765550Z ##[endgroup]
2026-04-19T06:36:14.3553030Z ##[group]Installed distributions
2026-04-19T06:36:14.3578610Z Trying to resolve the latest version from remote
2026-04-19T06:36:14.9684260Z ##[error]Could not find satisfied version for SemVer '8'. 
Available versions: 26.0.0+35, 25.0.2+10.0.LTS, 25.0.1+8.0.LTS, 25.0.0+36.0.LTS, 24.0.2+12, 24.0.1+9, 24.0.0+36, 23.0.2+7, 23.0.1+11, 23.0.0+37, 22.0.2+9, 22.0.1+8, 22.0.0+36, 21.0.10+7.0.LTS, 21.0.9+10.0.LTS, 21.0.8+9.0.LTS, 21.0.7+6.0.LTS, 21.0.6+7.0.LTS, 21.0.5+11.0.LTS, 21.0.4+7.0.LTS, 21.0.3+9.0.LTS, 21.0.2+13.0.LTS, 21.0.1+12.0.LTS, 21.0.0+35.0.LTS, 20.0.2+9, 20.0.1+9, 20.0.0+36, 19.0.2+7, 19.0.1+10, 19.0.0+36, 18.0.2+101, 18.0.2+9, 18.0.1+10, 18.0.0+36, 17.0.18+8, 17.0.17+10, 17.0.16+8, 17.0.15+6, 17.0.14+7, 17.0.13+11, 17.0.12+7, 17.0.11+9, 17.0.10+7, 17.0.9+9, 17.0.8+101, 17.0.8+7, 17.0.7+7, 17.0.6+10, 17.0.5+8, 17.0.4+101, 17.0.4+8, 17.0.3+7, 17.0.2+8, 17.0.1+12, 17.0.0+35, 11.0.30+7, 11.0.29+7, 11.0.28+6, 11.0.27+6, 11.0.26+4, 11.0.25+9, 11.0.24+8, 11.0.23+9, 11.0.22+7.1, 11.0.22+7, 11.0.21+9, 11.0.20+101, 11.0.20+8, 11.0.19+7, 11.0.18+10, 11.0.17+8, 11.0.16+101, 11.0.16+8, 11.0.15+10
2026-04-19T06:36:14.9811090Z Post job cleanup.
2026-04-19T06:36:15.1283060Z Post job cleanup.
2026-04-19T06:36:15.2200170Z [command]/opt/homebrew/bin/git version
2026-04-19T06:36:15.2261460Z git version 2.53.0
2026-04-19T06:36:15.2283360Z Copying '/Users/runner/.gitconfig' to '/Users/runner/work/_temp/cf32b62d-51fe-4d06-9cdc-b37f0a039ea1/.gitconfig'
2026-04-19T06:36:15.2290690Z Temporarily overriding HOME='/Users/runner/work/_temp/cf32b62d-51fe-4d06-9cdc-b37f0a039ea1' before making global git config changes
2026-04-19T06:36:15.2291500Z Adding repository directory to the temporary git global config as a safe directory
2026-04-19T06:36:15.2294340Z [command]/opt/homebrew/bin/git config --global --add safe.directory /Users/runner/work/bytecode-viewer/bytecode-viewer
2026-04-19T06:36:15.2379190Z [command]/opt/homebrew/bin/git config --local --name-only --get-regexp core\.sshCommand
2026-04-19T06:36:15.2463740Z [command]/opt/homebrew/bin/git submodule foreach --recursive sh -c "git config --local --name-only --get-regexp 'core\.sshCommand' && git config --local --unset-all 'core.sshCommand' || :"
2026-04-19T06:36:15.3263060Z [command]/opt/homebrew/bin/git config --local --name-only --get-regexp http\.https\:\/\/github\.com\/\.extraheader
2026-04-19T06:36:15.3320130Z http.https://github.com/.extraheader
2026-04-19T06:36:15.3328550Z [command]/opt/homebrew/bin/git config --local --unset-all http.https://github.com/.extraheader
2026-04-19T06:36:15.3387990Z [command]/opt/homebrew/bin/git submodule foreach --recursive sh -c "git config --local --name-only --get-regexp 'http\.https\:\/\/github\.com\/\.extraheader' && git config --local --unset-all 'http.https://github.com/.extraheader' || :"
2026-04-19T06:36:15.4302450Z [command]/opt/homebrew/bin/git config --local --name-only --get-regexp ^includeIf\.gitdir:
2026-04-19T06:36:15.4381050Z [command]/opt/homebrew/bin/git submodule foreach --recursive git config --local --show-origin --name-only --get-regexp remote.origin.url
2026-04-19T06:36:15.6304080Z Cleaning up orphan processes
2026-04-19T06:36:15.7406560Z ##[warning]Node.js 20 actions are deprecated. The following actions are running on Node.js 20 and may not work as expected: actions/checkout@v4, actions/setup-java@v4. Actions will be forced to run with Node.js 24 by default starting June 2nd, 2026. Node.js 20 will be removed from the runner on September 16th, 2026. Please check if updated versions of these actions are available that support Node.js 24. To opt into Node.js 24 now, set the FORCE_JAVASCRIPT_ACTIONS_TO_NODE24=true environment variable on the runner or in your workflow file. Once Node.js 24 becomes the default, you can temporarily opt out by setting ACTIONS_ALLOW_USE_UNSECURE_NODE_VERSION=true. For more information see: https://github.blog/changelog/2025-09-19-deprecation-of-node-20-on-github-actions-runners/
