ï»¿2026-04-19T06:52:06.3800890Z Current runner version: '2.333.1'
2026-04-19T06:52:06.3815190Z ##[group]Runner Image Provisioner
2026-04-19T06:52:06.3815660Z Hosted Compute Agent
2026-04-19T06:52:06.3815980Z Version: 20260415.520
2026-04-19T06:52:06.3816330Z Commit: af089020f5f67b61ccc91db6c07980876c02bf7b
2026-04-19T06:52:06.3816740Z Build Date: 2026-04-15T18:07:08Z
2026-04-19T06:52:06.3817130Z Worker ID: {23faf9c8-9f80-4cfd-b7f7-4701e9fea591}
2026-04-19T06:52:06.3817530Z Azure Region: westus
2026-04-19T06:52:06.3817850Z ##[endgroup]
2026-04-19T06:52:06.3818600Z ##[group]Operating System
2026-04-19T06:52:06.3818930Z macOS
2026-04-19T06:52:06.3819190Z 15.7.4
2026-04-19T06:52:06.3819440Z 24G517
2026-04-19T06:52:06.3819700Z ##[endgroup]
2026-04-19T06:52:06.3819980Z ##[group]Runner Image
2026-04-19T06:52:06.3820290Z Image: macos-15-arm64
2026-04-19T06:52:06.3820580Z Version: 20260414.0270.1
2026-04-19T06:52:06.3821290Z Included Software: https://github.com/actions/runner-images/blob/macos-15-arm64/20260414.0270/images/macos/macos-15-arm64-Readme.md
2026-04-19T06:52:06.3822200Z Image Release: https://github.com/actions/runner-images/releases/tag/macos-15-arm64%2F20260414.0270
2026-04-19T06:52:06.3822760Z ##[endgroup]
2026-04-19T06:52:06.3824360Z ##[group]GITHUB_TOKEN Permissions
2026-04-19T06:52:06.3825290Z Actions: write
2026-04-19T06:52:06.3825580Z ArtifactMetadata: write
2026-04-19T06:52:06.3825890Z Attestations: write
2026-04-19T06:52:06.3826180Z Checks: write
2026-04-19T06:52:06.3826460Z Contents: write
2026-04-19T06:52:06.3826750Z Deployments: write
2026-04-19T06:52:06.3827040Z Discussions: write
2026-04-19T06:52:06.3827340Z Issues: write
2026-04-19T06:52:06.3827700Z Metadata: read
2026-04-19T06:52:06.3827990Z Models: read
2026-04-19T06:52:06.3828270Z Packages: write
2026-04-19T06:52:06.3828550Z Pages: write
2026-04-19T06:52:06.3828880Z PullRequests: write
2026-04-19T06:52:06.3829190Z RepositoryProjects: write
2026-04-19T06:52:06.3829510Z SecurityEvents: write
2026-04-19T06:52:06.3829820Z Statuses: write
2026-04-19T06:52:06.3830130Z ##[endgroup]
2026-04-19T06:52:06.3831290Z Secret source: Actions
2026-04-19T06:52:06.3831660Z Prepare workflow directory
2026-04-19T06:52:06.4025090Z Prepare all required actions
2026-04-19T06:52:06.4051580Z Getting action download info
2026-04-19T06:52:06.7220970Z Download action repository 'actions/checkout@v4' (SHA:34e114876b0b11c390a56381ad16ebd13914f8d5)
2026-04-19T06:52:07.0527860Z Download action repository 'actions/setup-java@v4' (SHA:c1e323688fd81a25caa38c78aa6df2d33d3e20d9)
2026-04-19T06:52:08.2651510Z Download action repository 'actions/upload-artifact@v4' (SHA:ea165f8d65b6e75b540449e92b4886f43607fa02)
2026-04-19T06:52:08.4920630Z Complete job name: build (8, macos-latest)
2026-04-19T06:52:08.5318760Z ##[group]Run actions/checkout@v4
2026-04-19T06:52:08.5319590Z with:
2026-04-19T06:52:08.5319930Z   repository: sreeya12/bytecode-viewer
2026-04-19T06:52:08.5320630Z   token: ***
2026-04-19T06:52:08.5320940Z   ssh-strict: true
2026-04-19T06:52:08.5321240Z   ssh-user: git
2026-04-19T06:52:08.5321550Z   persist-credentials: true
2026-04-19T06:52:08.5321930Z   clean: true
2026-04-19T06:52:08.5322240Z   sparse-checkout-cone-mode: true
2026-04-19T06:52:08.5322600Z   fetch-depth: 1
2026-04-19T06:52:08.5322900Z   fetch-tags: false
2026-04-19T06:52:08.5323200Z   show-progress: true
2026-04-19T06:52:08.5323530Z   lfs: false
2026-04-19T06:52:08.5323830Z   submodules: false
2026-04-19T06:52:08.5324140Z   set-safe-directory: true
2026-04-19T06:52:08.5324650Z ##[endgroup]
2026-04-19T06:52:08.8782500Z Syncing repository: sreeya12/bytecode-viewer
2026-04-19T06:52:08.8783860Z ##[group]Getting Git version info
2026-04-19T06:52:08.8784550Z Working directory is '/Users/runner/work/bytecode-viewer/bytecode-viewer'
2026-04-19T06:52:08.8785370Z [command]/opt/homebrew/bin/git version
2026-04-19T06:52:08.9429260Z git version 2.53.0
2026-04-19T06:52:08.9457690Z ##[endgroup]
2026-04-19T06:52:08.9463150Z Copying '/Users/runner/.gitconfig' to '/Users/runner/work/_temp/8b7448f2-eb21-419c-a382-58024d3cf75e/.gitconfig'
2026-04-19T06:52:08.9469980Z Temporarily overriding HOME='/Users/runner/work/_temp/8b7448f2-eb21-419c-a382-58024d3cf75e' before making global git config changes
2026-04-19T06:52:08.9471160Z Adding repository directory to the temporary git global config as a safe directory
2026-04-19T06:52:08.9478770Z [command]/opt/homebrew/bin/git config --global --add safe.directory /Users/runner/work/bytecode-viewer/bytecode-viewer
2026-04-19T06:52:08.9566840Z Deleting the contents of '/Users/runner/work/bytecode-viewer/bytecode-viewer'
2026-04-19T06:52:08.9569410Z ##[group]Initializing the repository
2026-04-19T06:52:08.9573500Z [command]/opt/homebrew/bin/git init /Users/runner/work/bytecode-viewer/bytecode-viewer
2026-04-19T06:52:08.9744380Z hint: Using 'master' as the name for the initial branch. This default branch name
2026-04-19T06:52:08.9745550Z hint: will change to "main" in Git 3.0. To configure the initial branch name
2026-04-19T06:52:08.9747380Z hint: to use in all of your new repositories, which will suppress this warning,
2026-04-19T06:52:08.9748180Z hint: call:
2026-04-19T06:52:08.9748660Z hint:
2026-04-19T06:52:08.9749880Z hint: 	git config --global init.defaultBranch <name>
2026-04-19T06:52:08.9751080Z hint:
2026-04-19T06:52:08.9751680Z hint: Names commonly chosen instead of 'master' are 'main', 'trunk' and
2026-04-19T06:52:08.9752670Z hint: 'development'. The just-created branch can be renamed via this command:
2026-04-19T06:52:08.9753450Z hint:
2026-04-19T06:52:08.9754670Z hint: 	git branch -m <name>
2026-04-19T06:52:08.9755170Z hint:
2026-04-19T06:52:08.9756030Z hint: Disable this message with "git config set advice.defaultBranchName false"
2026-04-19T06:52:08.9757030Z Initialized empty Git repository in /Users/runner/work/bytecode-viewer/bytecode-viewer/.git/
2026-04-19T06:52:08.9762670Z [command]/opt/homebrew/bin/git remote add origin https://github.com/sreeya12/bytecode-viewer
2026-04-19T06:52:08.9821280Z ##[endgroup]
2026-04-19T06:52:08.9822220Z ##[group]Disabling automatic garbage collection
2026-04-19T06:52:08.9823280Z [command]/opt/homebrew/bin/git config --local gc.auto 0
2026-04-19T06:52:08.9878670Z ##[endgroup]
2026-04-19T06:52:08.9879510Z ##[group]Setting up auth
2026-04-19T06:52:08.9911130Z [command]/opt/homebrew/bin/git config --local --name-only --get-regexp core\.sshCommand
2026-04-19T06:52:09.0028630Z [command]/opt/homebrew/bin/git submodule foreach --recursive sh -c "git config --local --name-only --get-regexp 'core\.sshCommand' && git config --local --unset-all 'core.sshCommand' || :"
2026-04-19T06:52:09.1188210Z [command]/opt/homebrew/bin/git config --local --name-only --get-regexp http\.https\:\/\/github\.com\/\.extraheader
2026-04-19T06:52:09.1243290Z [command]/opt/homebrew/bin/git submodule foreach --recursive sh -c "git config --local --name-only --get-regexp 'http\.https\:\/\/github\.com\/\.extraheader' && git config --local --unset-all 'http.https://github.com/.extraheader' || :"
2026-04-19T06:52:09.1917970Z [command]/opt/homebrew/bin/git config --local --name-only --get-regexp ^includeIf\.gitdir:
2026-04-19T06:52:09.1970820Z [command]/opt/homebrew/bin/git submodule foreach --recursive git config --local --show-origin --name-only --get-regexp remote.origin.url
2026-04-19T06:52:09.2729430Z [command]/opt/homebrew/bin/git config --local http.https://github.com/.extraheader AUTHORIZATION: basic ***
2026-04-19T06:52:09.2814730Z ##[endgroup]
2026-04-19T06:52:09.2816650Z ##[group]Fetching the repository
2026-04-19T06:52:09.2823690Z [command]/opt/homebrew/bin/git -c protocol.version=2 fetch --no-tags --prune --no-recurse-submodules --depth=1 origin +330f58eb3768fc899c2ad2b404b8e2c824c2a0bf:refs/remotes/origin/os-expansion-experiment
2026-04-19T06:52:10.2641130Z From https://github.com/sreeya12/bytecode-viewer
2026-04-19T06:52:10.2643110Z  * [new ref]         330f58eb3768fc899c2ad2b404b8e2c824c2a0bf -> origin/os-expansion-experiment
2026-04-19T06:52:10.2727260Z ##[endgroup]
2026-04-19T06:52:10.2728300Z ##[group]Determining the checkout info
2026-04-19T06:52:10.2729450Z ##[endgroup]
2026-04-19T06:52:10.2732070Z [command]/opt/homebrew/bin/git sparse-checkout disable
2026-04-19T06:52:10.2794980Z [command]/opt/homebrew/bin/git config --local --unset-all extensions.worktreeConfig
2026-04-19T06:52:10.2844800Z ##[group]Checking out the ref
2026-04-19T06:52:10.2847490Z [command]/opt/homebrew/bin/git checkout --progress --force -B os-expansion-experiment refs/remotes/origin/os-expansion-experiment
2026-04-19T06:52:10.4356550Z Switched to a new branch 'os-expansion-experiment'
2026-04-19T06:52:10.4359480Z branch 'os-expansion-experiment' set up to track 'origin/os-expansion-experiment'.
2026-04-19T06:52:10.4365340Z ##[endgroup]
2026-04-19T06:52:10.4441580Z [command]/opt/homebrew/bin/git log -1 --format=%H
2026-04-19T06:52:10.4500760Z 330f58eb3768fc899c2ad2b404b8e2c824c2a0bf
2026-04-19T06:52:10.4776920Z ##[group]Run actions/setup-java@v4
2026-04-19T06:52:10.4777640Z with:
2026-04-19T06:52:10.4778080Z   java-version: 8
2026-04-19T06:52:10.4778610Z   distribution: temurin
2026-04-19T06:52:10.4779120Z   cache: maven
2026-04-19T06:52:10.4779600Z   java-package: jdk
2026-04-19T06:52:10.4780160Z   check-latest: false
2026-04-19T06:52:10.4780700Z   server-id: github
2026-04-19T06:52:10.4781220Z   server-username: GITHUB_ACTOR
2026-04-19T06:52:10.4781840Z   server-password: GITHUB_TOKEN
2026-04-19T06:52:10.4782450Z   overwrite-settings: true
2026-04-19T06:52:10.4783000Z   job-status: success
2026-04-19T06:52:10.4783790Z   token: ***
2026-04-19T06:52:10.4784260Z ##[endgroup]
2026-04-19T06:52:10.6450960Z ##[group]Installed distributions
2026-04-19T06:52:10.6512770Z Trying to resolve the latest version from remote
2026-04-19T06:52:12.2928510Z ##[error]Could not find satisfied version for SemVer '8'. 
Available versions: 26.0.0+35, 25.0.2+10.0.LTS, 25.0.1+8.0.LTS, 25.0.0+36.0.LTS, 24.0.2+12, 24.0.1+9, 24.0.0+36, 23.0.2+7, 23.0.1+11, 23.0.0+37, 22.0.2+9, 22.0.1+8, 22.0.0+36, 21.0.10+7.0.LTS, 21.0.9+10.0.LTS, 21.0.8+9.0.LTS, 21.0.7+6.0.LTS, 21.0.6+7.0.LTS, 21.0.5+11.0.LTS, 21.0.4+7.0.LTS, 21.0.3+9.0.LTS, 21.0.2+13.0.LTS, 21.0.1+12.0.LTS, 21.0.0+35.0.LTS, 20.0.2+9, 20.0.1+9, 20.0.0+36, 19.0.2+7, 19.0.1+10, 19.0.0+36, 18.0.2+101, 18.0.2+9, 18.0.1+10, 18.0.0+36, 17.0.18+8, 17.0.17+10, 17.0.16+8, 17.0.15+6, 17.0.14+7, 17.0.13+11, 17.0.12+7, 17.0.11+9, 17.0.10+7, 17.0.9+9, 17.0.8+101, 17.0.8+7, 17.0.7+7, 17.0.6+10, 17.0.5+8, 17.0.4+101, 17.0.4+8, 17.0.3+7, 17.0.2+8, 17.0.1+12, 17.0.0+35, 11.0.30+7, 11.0.29+7, 11.0.28+6, 11.0.27+6, 11.0.26+4, 11.0.25+9, 11.0.24+8, 11.0.23+9, 11.0.22+7.1, 11.0.22+7, 11.0.21+9, 11.0.20+101, 11.0.20+8, 11.0.19+7, 11.0.18+10, 11.0.17+8, 11.0.16+101, 11.0.16+8, 11.0.15+10
2026-04-19T06:52:12.3270050Z Post job cleanup.
2026-04-19T06:52:12.4771340Z Post job cleanup.
2026-04-19T06:52:12.5665790Z [command]/opt/homebrew/bin/git version
2026-04-19T06:52:12.5729950Z git version 2.53.0
2026-04-19T06:52:12.5751630Z Copying '/Users/runner/.gitconfig' to '/Users/runner/work/_temp/816004f5-3d19-4532-9727-8e77b0b68a97/.gitconfig'
2026-04-19T06:52:12.5759000Z Temporarily overriding HOME='/Users/runner/work/_temp/816004f5-3d19-4532-9727-8e77b0b68a97' before making global git config changes
2026-04-19T06:52:12.5759940Z Adding repository directory to the temporary git global config as a safe directory
2026-04-19T06:52:12.5762840Z [command]/opt/homebrew/bin/git config --global --add safe.directory /Users/runner/work/bytecode-viewer/bytecode-viewer
2026-04-19T06:52:12.5829300Z [command]/opt/homebrew/bin/git config --local --name-only --get-regexp core\.sshCommand
2026-04-19T06:52:12.5897120Z [command]/opt/homebrew/bin/git submodule foreach --recursive sh -c "git config --local --name-only --get-regexp 'core\.sshCommand' && git config --local --unset-all 'core.sshCommand' || :"
2026-04-19T06:52:12.6640850Z [command]/opt/homebrew/bin/git config --local --name-only --get-regexp http\.https\:\/\/github\.com\/\.extraheader
2026-04-19T06:52:12.6721940Z http.https://github.com/.extraheader
2026-04-19T06:52:12.6734090Z [command]/opt/homebrew/bin/git config --local --unset-all http.https://github.com/.extraheader
2026-04-19T06:52:12.6840750Z [command]/opt/homebrew/bin/git submodule foreach --recursive sh -c "git config --local --name-only --get-regexp 'http\.https\:\/\/github\.com\/\.extraheader' && git config --local --unset-all 'http.https://github.com/.extraheader' || :"
2026-04-19T06:52:12.7489290Z [command]/opt/homebrew/bin/git config --local --name-only --get-regexp ^includeIf\.gitdir:
2026-04-19T06:52:12.7542330Z [command]/opt/homebrew/bin/git submodule foreach --recursive git config --local --show-origin --name-only --get-regexp remote.origin.url
2026-04-19T06:52:12.8376300Z Cleaning up orphan processes
2026-04-19T06:52:13.2580460Z ##[warning]Node.js 20 actions are deprecated. The following actions are running on Node.js 20 and may not work as expected: actions/checkout@v4, actions/setup-java@v4. Actions will be forced to run with Node.js 24 by default starting June 2nd, 2026. Node.js 20 will be removed from the runner on September 16th, 2026. Please check if updated versions of these actions are available that support Node.js 24. To opt into Node.js 24 now, set the FORCE_JAVASCRIPT_ACTIONS_TO_NODE24=true environment variable on the runner or in your workflow file. Once Node.js 24 becomes the default, you can temporarily opt out by setting ACTIONS_ALLOW_USE_UNSECURE_NODE_VERSION=true. For more information see: https://github.blog/changelog/2025-09-19-deprecation-of-node-20-on-github-actions-runners/
