2026-04-19T06:44:23.3389790Z Current runner version: '2.333.1'
2026-04-19T06:44:23.3403730Z ##[group]Runner Image Provisioner
2026-04-19T06:44:23.3404180Z Hosted Compute Agent
2026-04-19T06:44:23.3404610Z Version: 20260415.520
2026-04-19T06:44:23.3404980Z Commit: af089020f5f67b61ccc91db6c07980876c02bf7b
2026-04-19T06:44:23.3405410Z Build Date: 2026-04-15T18:07:08Z
2026-04-19T06:44:23.3405810Z Worker ID: {e722c9dc-5162-4715-b6bd-7b6b440a090f}
2026-04-19T06:44:23.3406220Z Azure Region: westus
2026-04-19T06:44:23.3406550Z ##[endgroup]
2026-04-19T06:44:23.3407320Z ##[group]Operating System
2026-04-19T06:44:23.3407670Z macOS
2026-04-19T06:44:23.3407940Z 15.7.4
2026-04-19T06:44:23.3408210Z 24G517
2026-04-19T06:44:23.3408480Z ##[endgroup]
2026-04-19T06:44:23.3408770Z ##[group]Runner Image
2026-04-19T06:44:23.3409090Z Image: macos-15-arm64
2026-04-19T06:44:23.3409410Z Version: 20260414.0270.1
2026-04-19T06:44:23.3410200Z Included Software: https://github.com/actions/runner-images/blob/macos-15-arm64/20260414.0270/images/macos/macos-15-arm64-Readme.md
2026-04-19T06:44:23.3411170Z Image Release: https://github.com/actions/runner-images/releases/tag/macos-15-arm64%2F20260414.0270
2026-04-19T06:44:23.3411760Z ##[endgroup]
2026-04-19T06:44:23.3413440Z ##[group]GITHUB_TOKEN Permissions
2026-04-19T06:44:23.3414510Z Actions: write
2026-04-19T06:44:23.3414810Z ArtifactMetadata: write
2026-04-19T06:44:23.3415140Z Attestations: write
2026-04-19T06:44:23.3415440Z Checks: write
2026-04-19T06:44:23.3415730Z Contents: write
2026-04-19T06:44:23.3416020Z Deployments: write
2026-04-19T06:44:23.3416330Z Discussions: write
2026-04-19T06:44:23.3416640Z Issues: write
2026-04-19T06:44:23.3416930Z Metadata: read
2026-04-19T06:44:23.3417280Z Models: read
2026-04-19T06:44:23.3417580Z Packages: write
2026-04-19T06:44:23.3417890Z Pages: write
2026-04-19T06:44:23.3418240Z PullRequests: write
2026-04-19T06:44:23.3418580Z RepositoryProjects: write
2026-04-19T06:44:23.3418930Z SecurityEvents: write
2026-04-19T06:44:23.3419250Z Statuses: write
2026-04-19T06:44:23.3419580Z ##[endgroup]
2026-04-19T06:44:23.3420830Z Secret source: Actions
2026-04-19T06:44:23.3421280Z Prepare workflow directory
2026-04-19T06:44:23.3626070Z Prepare all required actions
2026-04-19T06:44:23.3652370Z Getting action download info
2026-04-19T06:44:23.5617500Z Download action repository 'actions/checkout@v4' (SHA:34e114876b0b11c390a56381ad16ebd13914f8d5)
2026-04-19T06:44:23.8624320Z Download action repository 'actions/setup-java@v4' (SHA:c1e323688fd81a25caa38c78aa6df2d33d3e20d9)
2026-04-19T06:44:25.4010530Z Download action repository 'actions/upload-artifact@v4' (SHA:ea165f8d65b6e75b540449e92b4886f43607fa02)
2026-04-19T06:44:25.5749250Z Complete job name: build (8, macos-latest)
2026-04-19T06:44:25.6098320Z ##[group]Run actions/checkout@v4
2026-04-19T06:44:25.6099270Z with:
2026-04-19T06:44:25.6099660Z   repository: sreeya12/bytecode-viewer
2026-04-19T06:44:25.6100170Z   token: ***
2026-04-19T06:44:25.6100500Z   ssh-strict: true
2026-04-19T06:44:25.6100800Z   ssh-user: git
2026-04-19T06:44:25.6101100Z   persist-credentials: true
2026-04-19T06:44:25.6101460Z   clean: true
2026-04-19T06:44:25.6101760Z   sparse-checkout-cone-mode: true
2026-04-19T06:44:25.6102120Z   fetch-depth: 1
2026-04-19T06:44:25.6102420Z   fetch-tags: false
2026-04-19T06:44:25.6102720Z   show-progress: true
2026-04-19T06:44:25.6103070Z   lfs: false
2026-04-19T06:44:25.6103390Z   submodules: false
2026-04-19T06:44:25.6103700Z   set-safe-directory: true
2026-04-19T06:44:25.6104220Z ##[endgroup]
2026-04-19T06:44:25.9576830Z Syncing repository: sreeya12/bytecode-viewer
2026-04-19T06:44:25.9578160Z ##[group]Getting Git version info
2026-04-19T06:44:25.9578800Z Working directory is '/Users/runner/work/bytecode-viewer/bytecode-viewer'
2026-04-19T06:44:25.9579870Z [command]/opt/homebrew/bin/git version
2026-04-19T06:44:26.0154750Z git version 2.53.0
2026-04-19T06:44:26.0203810Z ##[endgroup]
2026-04-19T06:44:26.0212280Z Copying '/Users/runner/.gitconfig' to '/Users/runner/work/_temp/98f7b150-a076-4924-b3c4-8093600025df/.gitconfig'
2026-04-19T06:44:26.0218820Z Temporarily overriding HOME='/Users/runner/work/_temp/98f7b150-a076-4924-b3c4-8093600025df' before making global git config changes
2026-04-19T06:44:26.0219830Z Adding repository directory to the temporary git global config as a safe directory
2026-04-19T06:44:26.0228040Z [command]/opt/homebrew/bin/git config --global --add safe.directory /Users/runner/work/bytecode-viewer/bytecode-viewer
2026-04-19T06:44:26.0323390Z Deleting the contents of '/Users/runner/work/bytecode-viewer/bytecode-viewer'
2026-04-19T06:44:26.0325990Z ##[group]Initializing the repository
2026-04-19T06:44:26.0330000Z [command]/opt/homebrew/bin/git init /Users/runner/work/bytecode-viewer/bytecode-viewer
2026-04-19T06:44:26.0529450Z hint: Using 'master' as the name for the initial branch. This default branch name
2026-04-19T06:44:26.0531330Z hint: will change to "main" in Git 3.0. To configure the initial branch name
2026-04-19T06:44:26.0532750Z hint: to use in all of your new repositories, which will suppress this warning,
2026-04-19T06:44:26.0533590Z hint: call:
2026-04-19T06:44:26.0534180Z hint:
2026-04-19T06:44:26.0534870Z hint: 	git config --global init.defaultBranch <name>
2026-04-19T06:44:26.0535530Z hint:
2026-04-19T06:44:26.0536280Z hint: Names commonly chosen instead of 'master' are 'main', 'trunk' and
2026-04-19T06:44:26.0537370Z hint: 'development'. The just-created branch can be renamed via this command:
2026-04-19T06:44:26.0538240Z hint:
2026-04-19T06:44:26.0539040Z hint: 	git branch -m <name>
2026-04-19T06:44:26.0539840Z hint:
2026-04-19T06:44:26.0540510Z hint: Disable this message with "git config set advice.defaultBranchName false"
2026-04-19T06:44:26.0541480Z Initialized empty Git repository in /Users/runner/work/bytecode-viewer/bytecode-viewer/.git/
2026-04-19T06:44:26.0543570Z [command]/opt/homebrew/bin/git remote add origin https://github.com/sreeya12/bytecode-viewer
2026-04-19T06:44:26.0619760Z ##[endgroup]
2026-04-19T06:44:26.0620600Z ##[group]Disabling automatic garbage collection
2026-04-19T06:44:26.0622680Z [command]/opt/homebrew/bin/git config --local gc.auto 0
2026-04-19T06:44:26.0705000Z ##[endgroup]
2026-04-19T06:44:26.0705620Z ##[group]Setting up auth
2026-04-19T06:44:26.0706210Z [command]/opt/homebrew/bin/git config --local --name-only --get-regexp core\.sshCommand
2026-04-19T06:44:26.0753080Z [command]/opt/homebrew/bin/git submodule foreach --recursive sh -c "git config --local --name-only --get-regexp 'core\.sshCommand' && git config --local --unset-all 'core.sshCommand' || :"
2026-04-19T06:44:26.1717360Z [command]/opt/homebrew/bin/git config --local --name-only --get-regexp http\.https\:\/\/github\.com\/\.extraheader
2026-04-19T06:44:26.1778510Z [command]/opt/homebrew/bin/git submodule foreach --recursive sh -c "git config --local --name-only --get-regexp 'http\.https\:\/\/github\.com\/\.extraheader' && git config --local --unset-all 'http.https://github.com/.extraheader' || :"
2026-04-19T06:44:26.2392070Z [command]/opt/homebrew/bin/git config --local --name-only --get-regexp ^includeIf\.gitdir:
2026-04-19T06:44:26.2436470Z [command]/opt/homebrew/bin/git submodule foreach --recursive git config --local --show-origin --name-only --get-regexp remote.origin.url
2026-04-19T06:44:26.3060050Z [command]/opt/homebrew/bin/git config --local http.https://github.com/.extraheader AUTHORIZATION: basic ***
2026-04-19T06:44:26.3125220Z ##[endgroup]
2026-04-19T06:44:26.3125880Z ##[group]Fetching the repository
2026-04-19T06:44:26.3135470Z [command]/opt/homebrew/bin/git -c protocol.version=2 fetch --no-tags --prune --no-recurse-submodules --depth=1 origin +330f58eb3768fc899c2ad2b404b8e2c824c2a0bf:refs/remotes/origin/os-expansion-experiment
2026-04-19T06:44:27.4630120Z From https://github.com/sreeya12/bytecode-viewer
2026-04-19T06:44:27.4630720Z  * [new ref]         330f58eb3768fc899c2ad2b404b8e2c824c2a0bf -> origin/os-expansion-experiment
2026-04-19T06:44:27.4705300Z ##[endgroup]
2026-04-19T06:44:27.4705670Z ##[group]Determining the checkout info
2026-04-19T06:44:27.4706010Z ##[endgroup]
2026-04-19T06:44:27.4709110Z [command]/opt/homebrew/bin/git sparse-checkout disable
2026-04-19T06:44:27.4770870Z [command]/opt/homebrew/bin/git config --local --unset-all extensions.worktreeConfig
2026-04-19T06:44:27.4816660Z ##[group]Checking out the ref
2026-04-19T06:44:27.4819370Z [command]/opt/homebrew/bin/git checkout --progress --force -B os-expansion-experiment refs/remotes/origin/os-expansion-experiment
2026-04-19T06:44:27.6560310Z Switched to a new branch 'os-expansion-experiment'
2026-04-19T06:44:27.6569810Z branch 'os-expansion-experiment' set up to track 'origin/os-expansion-experiment'.
2026-04-19T06:44:27.6575710Z ##[endgroup]
2026-04-19T06:44:27.6647480Z [command]/opt/homebrew/bin/git log -1 --format=%H
2026-04-19T06:44:27.6701080Z 330f58eb3768fc899c2ad2b404b8e2c824c2a0bf
2026-04-19T06:44:27.6901580Z ##[group]Run actions/setup-java@v4
2026-04-19T06:44:27.6901850Z with:
2026-04-19T06:44:27.6901990Z   java-version: 8
2026-04-19T06:44:27.6902240Z   distribution: temurin
2026-04-19T06:44:27.6902410Z   cache: maven
2026-04-19T06:44:27.6902610Z   java-package: jdk
2026-04-19T06:44:27.6902780Z   check-latest: false
2026-04-19T06:44:27.6902980Z   server-id: github
2026-04-19T06:44:27.6903160Z   server-username: GITHUB_ACTOR
2026-04-19T06:44:27.6903370Z   server-password: GITHUB_TOKEN
2026-04-19T06:44:27.6903560Z   overwrite-settings: true
2026-04-19T06:44:27.6903760Z   job-status: success
2026-04-19T06:44:27.6904050Z   token: ***
2026-04-19T06:44:27.6904210Z ##[endgroup]
2026-04-19T06:44:27.8660600Z ##[group]Installed distributions
2026-04-19T06:44:27.8726690Z Trying to resolve the latest version from remote
2026-04-19T06:44:29.2222480Z ##[error]Could not find satisfied version for SemVer '8'. 
Available versions: 26.0.0+35, 25.0.2+10.0.LTS, 25.0.1+8.0.LTS, 25.0.0+36.0.LTS, 24.0.2+12, 24.0.1+9, 24.0.0+36, 23.0.2+7, 23.0.1+11, 23.0.0+37, 22.0.2+9, 22.0.1+8, 22.0.0+36, 21.0.10+7.0.LTS, 21.0.9+10.0.LTS, 21.0.8+9.0.LTS, 21.0.7+6.0.LTS, 21.0.6+7.0.LTS, 21.0.5+11.0.LTS, 21.0.4+7.0.LTS, 21.0.3+9.0.LTS, 21.0.2+13.0.LTS, 21.0.1+12.0.LTS, 21.0.0+35.0.LTS, 20.0.2+9, 20.0.1+9, 20.0.0+36, 19.0.2+7, 19.0.1+10, 19.0.0+36, 18.0.2+101, 18.0.2+9, 18.0.1+10, 18.0.0+36, 17.0.18+8, 17.0.17+10, 17.0.16+8, 17.0.15+6, 17.0.14+7, 17.0.13+11, 17.0.12+7, 17.0.11+9, 17.0.10+7, 17.0.9+9, 17.0.8+101, 17.0.8+7, 17.0.7+7, 17.0.6+10, 17.0.5+8, 17.0.4+101, 17.0.4+8, 17.0.3+7, 17.0.2+8, 17.0.1+12, 17.0.0+35, 11.0.30+7, 11.0.29+7, 11.0.28+6, 11.0.27+6, 11.0.26+4, 11.0.25+9, 11.0.24+8, 11.0.23+9, 11.0.22+7.1, 11.0.22+7, 11.0.21+9, 11.0.20+101, 11.0.20+8, 11.0.19+7, 11.0.18+10, 11.0.17+8, 11.0.16+101, 11.0.16+8, 11.0.15+10
2026-04-19T06:44:29.2387680Z Post job cleanup.
2026-04-19T06:44:29.3693100Z Post job cleanup.
2026-04-19T06:44:29.4458170Z [command]/opt/homebrew/bin/git version
2026-04-19T06:44:29.4511760Z git version 2.53.0
2026-04-19T06:44:29.4531240Z Copying '/Users/runner/.gitconfig' to '/Users/runner/work/_temp/e51e4c85-56c8-43ac-9795-1073c8252874/.gitconfig'
2026-04-19T06:44:29.4538240Z Temporarily overriding HOME='/Users/runner/work/_temp/e51e4c85-56c8-43ac-9795-1073c8252874' before making global git config changes
2026-04-19T06:44:29.4538990Z Adding repository directory to the temporary git global config as a safe directory
2026-04-19T06:44:29.4545430Z [command]/opt/homebrew/bin/git config --global --add safe.directory /Users/runner/work/bytecode-viewer/bytecode-viewer
2026-04-19T06:44:29.4604490Z [command]/opt/homebrew/bin/git config --local --name-only --get-regexp core\.sshCommand
2026-04-19T06:44:29.4654990Z [command]/opt/homebrew/bin/git submodule foreach --recursive sh -c "git config --local --name-only --get-regexp 'core\.sshCommand' && git config --local --unset-all 'core.sshCommand' || :"
2026-04-19T06:44:29.5227670Z [command]/opt/homebrew/bin/git config --local --name-only --get-regexp http\.https\:\/\/github\.com\/\.extraheader
2026-04-19T06:44:29.5266970Z http.https://github.com/.extraheader
2026-04-19T06:44:29.5274340Z [command]/opt/homebrew/bin/git config --local --unset-all http.https://github.com/.extraheader
2026-04-19T06:44:29.5320020Z [command]/opt/homebrew/bin/git submodule foreach --recursive sh -c "git config --local --name-only --get-regexp 'http\.https\:\/\/github\.com\/\.extraheader' && git config --local --unset-all 'http.https://github.com/.extraheader' || :"
2026-04-19T06:44:29.5885310Z [command]/opt/homebrew/bin/git config --local --name-only --get-regexp ^includeIf\.gitdir:
2026-04-19T06:44:29.5937710Z [command]/opt/homebrew/bin/git submodule foreach --recursive git config --local --show-origin --name-only --get-regexp remote.origin.url
2026-04-19T06:44:29.6996660Z Cleaning up orphan processes
2026-04-19T06:44:29.9514920Z ##[warning]Node.js 20 actions are deprecated. The following actions are running on Node.js 20 and may not work as expected: actions/checkout@v4, actions/setup-java@v4. Actions will be forced to run with Node.js 24 by default starting June 2nd, 2026. Node.js 20 will be removed from the runner on September 16th, 2026. Please check if updated versions of these actions are available that support Node.js 24. To opt into Node.js 24 now, set the FORCE_JAVASCRIPT_ACTIONS_TO_NODE24=true environment variable on the runner or in your workflow file. Once Node.js 24 becomes the default, you can temporarily opt out by setting ACTIONS_ALLOW_USE_UNSECURE_NODE_VERSION=true. For more information see: https://github.blog/changelog/2025-09-19-deprecation-of-node-20-on-github-actions-runners/
