ï»¿2026-05-04T07:41:57.1223470Z Current runner version: '2.334.0'
2026-05-04T07:41:57.1236240Z ##[group]Runner Image Provisioner
2026-05-04T07:41:57.1236680Z Hosted Compute Agent
2026-05-04T07:41:57.1237000Z Version: 20260422.526
2026-05-04T07:41:57.1237350Z Commit: e1a9e573f4d0838b3a7c1b07401aeb29ed3635a9
2026-05-04T07:41:57.1237760Z Build Date: 2026-04-22T09:31:31Z
2026-05-04T07:41:57.1238130Z Worker ID: {abe85146-fc19-422d-9c88-85efe27ad760}
2026-05-04T07:41:57.1238530Z Azure Region: westus
2026-05-04T07:41:57.1238840Z ##[endgroup]
2026-05-04T07:41:57.1239580Z ##[group]Operating System
2026-05-04T07:41:57.1239910Z macOS
2026-05-04T07:41:57.1240170Z 15.7.4
2026-05-04T07:41:57.1240420Z 24G517
2026-05-04T07:41:57.1240680Z ##[endgroup]
2026-05-04T07:41:57.1240950Z ##[group]Runner Image
2026-05-04T07:41:57.1241260Z Image: macos-15-arm64
2026-05-04T07:41:57.1241560Z Version: 20260427.0018.1
2026-05-04T07:41:57.1242270Z Included Software: https://github.com/actions/runner-images/blob/macos-15-arm64/20260427.0018/images/macos/macos-15-arm64-Readme.md
2026-05-04T07:41:57.1243190Z Image Release: https://github.com/actions/runner-images/releases/tag/macos-15-arm64%2F20260427.0018
2026-05-04T07:41:57.1243750Z ##[endgroup]
2026-05-04T07:41:57.1244380Z ##[group]GITHUB_TOKEN Permissions
2026-05-04T07:41:57.1245210Z Contents: read
2026-05-04T07:41:57.1245490Z Metadata: read
2026-05-04T07:41:57.1245760Z Packages: read
2026-05-04T07:41:57.1246040Z ##[endgroup]
2026-05-04T07:41:57.1247260Z Secret source: Actions
2026-05-04T07:41:57.1247610Z Prepare workflow directory
2026-05-04T07:41:57.1550070Z Prepare all required actions
2026-05-04T07:41:57.1574430Z Getting action download info
2026-05-04T07:41:57.4541220Z Download action repository 'actions/checkout@v4' (SHA:34e114876b0b11c390a56381ad16ebd13914f8d5)
2026-05-04T07:41:57.9171470Z Download action repository 'actions/setup-java@v4' (SHA:c1e323688fd81a25caa38c78aa6df2d33d3e20d9)
2026-05-04T07:41:59.3221550Z Complete job name: jdk-17-zulu
2026-05-04T07:41:59.3854860Z ##[group]Run actions/checkout@v4
2026-05-04T07:41:59.3855550Z with:
2026-05-04T07:41:59.3855890Z   repository: sreeya12/jjwt
2026-05-04T07:41:59.3856560Z   token: ***
2026-05-04T07:41:59.3856860Z   ssh-strict: true
2026-05-04T07:41:59.3857180Z   ssh-user: git
2026-05-04T07:41:59.3857490Z   persist-credentials: true
2026-05-04T07:41:59.3857840Z   clean: true
2026-05-04T07:41:59.3858170Z   sparse-checkout-cone-mode: true
2026-05-04T07:41:59.3858540Z   fetch-depth: 1
2026-05-04T07:41:59.3858840Z   fetch-tags: false
2026-05-04T07:41:59.3859160Z   show-progress: true
2026-05-04T07:41:59.3859480Z   lfs: false
2026-05-04T07:41:59.3859800Z   submodules: false
2026-05-04T07:41:59.3860130Z   set-safe-directory: true
2026-05-04T07:41:59.3860620Z env:
2026-05-04T07:41:59.3860950Z   MVN_CMD: ./mvnw --no-transfer-progress -B
2026-05-04T07:41:59.3861370Z   JDK_MAJOR_VERSION: 17
2026-05-04T07:41:59.3861710Z ##[endgroup]
2026-05-04T07:41:59.6955210Z Syncing repository: sreeya12/jjwt
2026-05-04T07:41:59.6956580Z ##[group]Getting Git version info
2026-05-04T07:41:59.6957070Z Working directory is '/Users/runner/work/jjwt/jjwt'
2026-05-04T07:41:59.6958280Z [command]/opt/homebrew/bin/git version
2026-05-04T07:41:59.8114040Z git version 2.54.0
2026-05-04T07:41:59.8242480Z ##[endgroup]
2026-05-04T07:41:59.8247500Z Copying '/Users/runner/.gitconfig' to '/Users/runner/work/_temp/5150ca66-3dd5-4538-8736-5e4cfea04729/.gitconfig'
2026-05-04T07:41:59.8248730Z Temporarily overriding HOME='/Users/runner/work/_temp/5150ca66-3dd5-4538-8736-5e4cfea04729' before making global git config changes
2026-05-04T07:41:59.8249720Z Adding repository directory to the temporary git global config as a safe directory
2026-05-04T07:41:59.8250550Z [command]/opt/homebrew/bin/git config --global --add safe.directory /Users/runner/work/jjwt/jjwt
2026-05-04T07:41:59.8267720Z Deleting the contents of '/Users/runner/work/jjwt/jjwt'
2026-05-04T07:41:59.8270580Z ##[group]Initializing the repository
2026-05-04T07:41:59.8274550Z [command]/opt/homebrew/bin/git init /Users/runner/work/jjwt/jjwt
2026-05-04T07:41:59.8495260Z hint: Using 'master' as the name for the initial branch. This default branch name
2026-05-04T07:41:59.8496320Z hint: will change to "main" in Git 3.0. To configure the initial branch name
2026-05-04T07:41:59.8497260Z hint: to use in all of your new repositories, which will suppress this warning,
2026-05-04T07:41:59.8497910Z hint: call:
2026-05-04T07:41:59.8498350Z hint:
2026-05-04T07:41:59.8498750Z hint: 	git config --global init.defaultBranch <name>
2026-05-04T07:41:59.8499190Z hint:
2026-05-04T07:41:59.8499650Z hint: Names commonly chosen instead of 'master' are 'main', 'trunk' and
2026-05-04T07:41:59.8500330Z hint: 'development'. The just-created branch can be renamed via this command:
2026-05-04T07:41:59.8500880Z hint:
2026-05-04T07:41:59.8501190Z hint: 	git branch -m <name>
2026-05-04T07:41:59.8501550Z hint:
2026-05-04T07:41:59.8502000Z hint: Disable this message with "git config set advice.defaultBranchName false"
2026-05-04T07:41:59.8502740Z Initialized empty Git repository in /Users/runner/work/jjwt/jjwt/.git/
2026-05-04T07:41:59.8505150Z [command]/opt/homebrew/bin/git remote add origin https://github.com/sreeya12/jjwt
2026-05-04T07:41:59.8578540Z ##[endgroup]
2026-05-04T07:41:59.8579200Z ##[group]Disabling automatic garbage collection
2026-05-04T07:41:59.8579760Z [command]/opt/homebrew/bin/git config --local gc.auto 0
2026-05-04T07:41:59.8630650Z ##[endgroup]
2026-05-04T07:41:59.8631200Z ##[group]Setting up auth
2026-05-04T07:41:59.8635850Z [command]/opt/homebrew/bin/git config --local --name-only --get-regexp core\.sshCommand
2026-05-04T07:41:59.8695640Z [command]/opt/homebrew/bin/git submodule foreach --recursive sh -c "git config --local --name-only --get-regexp 'core\.sshCommand' && git config --local --unset-all 'core.sshCommand' || :"
2026-05-04T07:42:00.0881920Z [command]/opt/homebrew/bin/git config --local --name-only --get-regexp http\.https\:\/\/github\.com\/\.extraheader
2026-05-04T07:42:00.1191140Z [command]/opt/homebrew/bin/git submodule foreach --recursive sh -c "git config --local --name-only --get-regexp 'http\.https\:\/\/github\.com\/\.extraheader' && git config --local --unset-all 'http.https://github.com/.extraheader' || :"
2026-05-04T07:42:00.2553620Z [command]/opt/homebrew/bin/git config --local --name-only --get-regexp ^includeIf\.gitdir:
2026-05-04T07:42:00.2790250Z [command]/opt/homebrew/bin/git submodule foreach --recursive git config --local --show-origin --name-only --get-regexp remote.origin.url
2026-05-04T07:42:00.3453020Z [command]/opt/homebrew/bin/git config --local http.https://github.com/.extraheader AUTHORIZATION: basic ***
2026-05-04T07:42:00.3519510Z ##[endgroup]
2026-05-04T07:42:00.3521550Z ##[group]Fetching the repository
2026-05-04T07:42:00.3525830Z [command]/opt/homebrew/bin/git -c protocol.version=2 fetch --no-tags --prune --no-recurse-submodules --depth=1 origin +f8d61dcb25cb1310f3c30d12af9a1fb020650449:refs/remotes/origin/os-expansion-experiment
2026-05-04T07:42:01.2694610Z From https://github.com/sreeya12/jjwt
2026-05-04T07:42:01.2696400Z  * [new ref]         f8d61dcb25cb1310f3c30d12af9a1fb020650449 -> origin/os-expansion-experiment
2026-05-04T07:42:01.2822700Z ##[endgroup]
2026-05-04T07:42:01.2823850Z ##[group]Determining the checkout info
2026-05-04T07:42:01.2825270Z ##[endgroup]
2026-05-04T07:42:01.2826030Z [command]/opt/homebrew/bin/git sparse-checkout disable
2026-05-04T07:42:01.2938420Z [command]/opt/homebrew/bin/git config --local --unset-all extensions.worktreeConfig
2026-05-04T07:42:01.3022470Z ##[group]Checking out the ref
2026-05-04T07:42:01.3024790Z [command]/opt/homebrew/bin/git checkout --progress --force -B os-expansion-experiment refs/remotes/origin/os-expansion-experiment
2026-05-04T07:42:01.5782790Z Switched to a new branch 'os-expansion-experiment'
2026-05-04T07:42:01.5795140Z branch 'os-expansion-experiment' set up to track 'origin/os-expansion-experiment'.
2026-05-04T07:42:01.5870660Z ##[endgroup]
2026-05-04T07:42:01.5916110Z [command]/opt/homebrew/bin/git log -1 --format=%H
2026-05-04T07:42:01.5978510Z f8d61dcb25cb1310f3c30d12af9a1fb020650449
2026-05-04T07:42:01.6289650Z ##[group]Run actions/setup-java@v4
2026-05-04T07:42:01.6290530Z with:
2026-05-04T07:42:01.6291180Z   java-version: 17
2026-05-04T07:42:01.6291890Z   distribution: zulu
2026-05-04T07:42:01.6292540Z   cache: maven
2026-05-04T07:42:01.6293180Z   check-latest: true
2026-05-04T07:42:01.6293820Z   java-package: jdk
2026-05-04T07:42:01.6294430Z   server-id: github
2026-05-04T07:42:01.6295090Z   server-username: GITHUB_ACTOR
2026-05-04T07:42:01.6295920Z   server-password: GITHUB_TOKEN
2026-05-04T07:42:01.6296690Z   overwrite-settings: true
2026-05-04T07:42:01.6297390Z   job-status: success
2026-05-04T07:42:01.6298360Z   token: ***
2026-05-04T07:42:01.6298940Z env:
2026-05-04T07:42:01.6299560Z   MVN_CMD: ./mvnw --no-transfer-progress -B
2026-05-04T07:42:01.6300430Z   JDK_MAJOR_VERSION: 17
2026-05-04T07:42:01.6301120Z ##[endgroup]
2026-05-04T07:42:01.8037060Z ##[group]Installed distributions
2026-05-04T07:42:01.8052100Z Trying to resolve the latest version from remote
2026-05-04T07:42:01.9281440Z Resolved latest version as 17.0.19+10
2026-05-04T07:42:01.9288890Z Trying to download...
2026-05-04T07:42:01.9326410Z Downloading Java 17.0.19+10 (Zulu) from https://cdn.azul.com/zulu/bin/zulu17.66.19-ca-jdk17.0.19-macosx_aarch64.tar.gz ...
2026-05-04T07:42:04.4432510Z Extracting Java archive...
2026-05-04T07:42:04.4605360Z [command]/usr/bin/tar xz -C /Users/runner/work/_temp/b65ccafb-cbf9-4b3c-aea4-553c023e58e0 -f /Users/runner/work/_temp/3c8abbd4-e8ad-4f70-9265-073fbe65476e
2026-05-04T07:42:07.4181270Z Java 17.0.19+10 was downloaded
2026-05-04T07:42:07.4182710Z Setting Java 17.0.19+10 as the default
2026-05-04T07:42:07.4199210Z Creating toolchains.xml for JDK version 17 from zulu
2026-05-04T07:42:07.4271080Z Writing to /Users/runner/.m2/toolchains.xml
2026-05-04T07:42:07.4272400Z 
2026-05-04T07:42:07.4273420Z Java configuration:
2026-05-04T07:42:07.4274520Z   Distribution: zulu
2026-05-04T07:42:07.4275460Z   Version: 17.0.19+10
2026-05-04T07:42:07.4277300Z   Path: /Users/runner/hostedtoolcache/Java_Zulu_jdk/17.0.19-10/arm64/Contents/Home
2026-05-04T07:42:07.4278450Z 
2026-05-04T07:42:07.4279390Z ##[endgroup]
2026-05-04T07:42:07.4306210Z Creating settings.xml with server-id: github
2026-05-04T07:42:07.4306730Z Writing to /Users/runner/.m2/settings.xml
2026-05-04T07:42:07.7434640Z Cache hit for: setup-java-macOS-arm64-maven-c04a3f9a59846a2cc40572d973c0ee0010373c2502ff289fe0b70f68bbdc1ef8
2026-05-04T07:42:08.7399700Z Received 19116892 of 19116892 (100.0%), 22.1 MBs/sec
2026-05-04T07:42:08.7541930Z Cache Size: ~18 MB (19116892 B)
2026-05-04T07:42:08.7672960Z [command]/opt/homebrew/bin/gtar -xf /Users/runner/work/_temp/6e330267-526b-4036-bc18-5e2df30fe080/cache.tzst -P -C /Users/runner/work/jjwt/jjwt --delay-directory-restore --use-compress-program unzstd
2026-05-04T07:42:09.3190160Z Cache restored successfully
2026-05-04T07:42:09.3207260Z Cache restored from key: setup-java-macOS-arm64-maven-c04a3f9a59846a2cc40572d973c0ee0010373c2502ff289fe0b70f68bbdc1ef8
2026-05-04T07:42:09.3359670Z ##[group]Run sudo apt-get install -y softhsm2
2026-05-04T07:42:09.3360170Z [36;1msudo apt-get install -y softhsm2[0m
2026-05-04T07:42:09.3428450Z shell: /bin/bash -e {0}
2026-05-04T07:42:09.3428710Z env:
2026-05-04T07:42:09.3428920Z   MVN_CMD: ./mvnw --no-transfer-progress -B
2026-05-04T07:42:09.3429330Z   JDK_MAJOR_VERSION: 17
2026-05-04T07:42:09.3429640Z   JAVA_HOME: /Users/runner/hostedtoolcache/Java_Zulu_jdk/17.0.19-10/arm64/Contents/Home
2026-05-04T07:42:09.3430230Z   JAVA_HOME_17_ARM64: /Users/runner/hostedtoolcache/Java_Zulu_jdk/17.0.19-10/arm64/Contents/Home
2026-05-04T07:42:09.3430610Z ##[endgroup]
2026-05-04T07:42:09.4514310Z sudo: apt-get: command not found
2026-05-04T07:42:09.4535960Z ##[error]Process completed with exit code 1.
2026-05-04T07:42:09.4638960Z Post job cleanup.
2026-05-04T07:42:09.6922380Z Post job cleanup.
2026-05-04T07:42:09.8235140Z [command]/opt/homebrew/bin/git version
2026-05-04T07:42:09.8331590Z git version 2.54.0
2026-05-04T07:42:09.8335960Z Copying '/Users/runner/.gitconfig' to '/Users/runner/work/_temp/966f3b6f-008d-42b7-8d57-a8e1e105a723/.gitconfig'
2026-05-04T07:42:09.8342810Z Temporarily overriding HOME='/Users/runner/work/_temp/966f3b6f-008d-42b7-8d57-a8e1e105a723' before making global git config changes
2026-05-04T07:42:09.8344470Z Adding repository directory to the temporary git global config as a safe directory
2026-05-04T07:42:09.8345800Z [command]/opt/homebrew/bin/git config --global --add safe.directory /Users/runner/work/jjwt/jjwt
2026-05-04T07:42:09.8456500Z [command]/opt/homebrew/bin/git config --local --name-only --get-regexp core\.sshCommand
2026-05-04T07:42:09.8531020Z [command]/opt/homebrew/bin/git submodule foreach --recursive sh -c "git config --local --name-only --get-regexp 'core\.sshCommand' && git config --local --unset-all 'core.sshCommand' || :"
2026-05-04T07:42:09.9986110Z [command]/opt/homebrew/bin/git config --local --name-only --get-regexp http\.https\:\/\/github\.com\/\.extraheader
2026-05-04T07:42:10.0053510Z http.https://github.com/.extraheader
2026-05-04T07:42:10.0065360Z [command]/opt/homebrew/bin/git config --local --unset-all http.https://github.com/.extraheader
2026-05-04T07:42:10.0150160Z [command]/opt/homebrew/bin/git submodule foreach --recursive sh -c "git config --local --name-only --get-regexp 'http\.https\:\/\/github\.com\/\.extraheader' && git config --local --unset-all 'http.https://github.com/.extraheader' || :"
2026-05-04T07:42:10.1528050Z [command]/opt/homebrew/bin/git config --local --name-only --get-regexp ^includeIf\.gitdir:
2026-05-04T07:42:10.1938930Z [command]/opt/homebrew/bin/git submodule foreach --recursive git config --local --show-origin --name-only --get-regexp remote.origin.url
2026-05-04T07:42:10.3706160Z Cleaning up orphan processes
2026-05-04T07:42:10.6089710Z ##[warning]Node.js 20 actions are deprecated. The following actions are running on Node.js 20 and may not work as expected: actions/checkout@v4, actions/setup-java@v4. Actions will be forced to run with Node.js 24 by default starting June 2nd, 2026. Node.js 20 will be removed from the runner on September 16th, 2026. Please check if updated versions of these actions are available that support Node.js 24. To opt into Node.js 24 now, set the FORCE_JAVASCRIPT_ACTIONS_TO_NODE24=true environment variable on the runner or in your workflow file. Once Node.js 24 becomes the default, you can temporarily opt out by setting ACTIONS_ALLOW_USE_UNSECURE_NODE_VERSION=true. For more information see: https://github.blog/changelog/2025-09-19-deprecation-of-node-20-on-github-actions-runners/
