2026-05-04T07:22:38.6911610Z Current runner version: '2.334.0'
2026-05-04T07:22:38.6925840Z ##[group]Runner Image Provisioner
2026-05-04T07:22:38.6926330Z Hosted Compute Agent
2026-05-04T07:22:38.6926670Z Version: 20260422.526
2026-05-04T07:22:38.6927150Z Commit: e1a9e573f4d0838b3a7c1b07401aeb29ed3635a9
2026-05-04T07:22:38.6927630Z Build Date: 2026-04-22T09:31:31Z
2026-05-04T07:22:38.6928120Z Worker ID: {0cfbde11-97e0-429b-affb-c20f2c11e727}
2026-05-04T07:22:38.6928610Z Azure Region: westus
2026-05-04T07:22:38.6928950Z ##[endgroup]
2026-05-04T07:22:38.6930080Z ##[group]Operating System
2026-05-04T07:22:38.6930510Z macOS
2026-05-04T07:22:38.6930950Z 15.7.4
2026-05-04T07:22:38.6931300Z 24G517
2026-05-04T07:22:38.6931590Z ##[endgroup]
2026-05-04T07:22:38.6931930Z ##[group]Runner Image
2026-05-04T07:22:38.6933290Z Image: macos-15-arm64
2026-05-04T07:22:38.6933630Z Version: 20260427.0018.1
2026-05-04T07:22:38.6934750Z Included Software: https://github.com/actions/runner-images/blob/macos-15-arm64/20260427.0018/images/macos/macos-15-arm64-Readme.md
2026-05-04T07:22:38.6935760Z Image Release: https://github.com/actions/runner-images/releases/tag/macos-15-arm64%2F20260427.0018
2026-05-04T07:22:38.6936400Z ##[endgroup]
2026-05-04T07:22:38.6937200Z ##[group]GITHUB_TOKEN Permissions
2026-05-04T07:22:38.6938640Z Contents: read
2026-05-04T07:22:38.6938990Z Metadata: read
2026-05-04T07:22:38.6939370Z Packages: read
2026-05-04T07:22:38.6939740Z ##[endgroup]
2026-05-04T07:22:38.6941300Z Secret source: Actions
2026-05-04T07:22:38.6941720Z Prepare workflow directory
2026-05-04T07:22:38.7268450Z Prepare all required actions
2026-05-04T07:22:38.7296210Z Getting action download info
2026-05-04T07:22:39.1191660Z Download action repository 'actions/checkout@v4' (SHA:34e114876b0b11c390a56381ad16ebd13914f8d5)
2026-05-04T07:22:39.3007050Z Download action repository 'actions/setup-java@v4' (SHA:c1e323688fd81a25caa38c78aa6df2d33d3e20d9)
2026-05-04T07:22:40.6096720Z Complete job name: jdk-8-temurin
2026-05-04T07:22:40.6620560Z ##[group]Run actions/checkout@v4
2026-05-04T07:22:40.6621370Z with:
2026-05-04T07:22:40.6621860Z   repository: sreeya12/jjwt
2026-05-04T07:22:40.6622690Z   token: ***
2026-05-04T07:22:40.6623180Z   ssh-strict: true
2026-05-04T07:22:40.6623700Z   ssh-user: git
2026-05-04T07:22:40.6624230Z   persist-credentials: true
2026-05-04T07:22:40.6624830Z   clean: true
2026-05-04T07:22:40.6625350Z   sparse-checkout-cone-mode: true
2026-05-04T07:22:40.6625990Z   fetch-depth: 1
2026-05-04T07:22:40.6626510Z   fetch-tags: false
2026-05-04T07:22:40.6627040Z   show-progress: true
2026-05-04T07:22:40.6627570Z   lfs: false
2026-05-04T07:22:40.6628080Z   submodules: false
2026-05-04T07:22:40.6628610Z   set-safe-directory: true
2026-05-04T07:22:40.6629300Z env:
2026-05-04T07:22:40.6629840Z   MVN_CMD: ./mvnw --no-transfer-progress -B
2026-05-04T07:22:40.6630530Z ##[endgroup]
2026-05-04T07:22:40.9545340Z Syncing repository: sreeya12/jjwt
2026-05-04T07:22:40.9559190Z ##[group]Getting Git version info
2026-05-04T07:22:40.9562980Z Working directory is '/Users/runner/work/jjwt/jjwt'
2026-05-04T07:22:40.9564720Z [command]/opt/homebrew/bin/git version
2026-05-04T07:22:41.0105670Z git version 2.54.0
2026-05-04T07:22:41.0129180Z ##[endgroup]
2026-05-04T07:22:41.0143850Z Copying '/Users/runner/.gitconfig' to '/Users/runner/work/_temp/2ebeefa7-f2e3-40b4-9fab-c86d69ba510f/.gitconfig'
2026-05-04T07:22:41.0149160Z Temporarily overriding HOME='/Users/runner/work/_temp/2ebeefa7-f2e3-40b4-9fab-c86d69ba510f' before making global git config changes
2026-05-04T07:22:41.0151970Z Adding repository directory to the temporary git global config as a safe directory
2026-05-04T07:22:41.0153880Z [command]/opt/homebrew/bin/git config --global --add safe.directory /Users/runner/work/jjwt/jjwt
2026-05-04T07:22:41.0247840Z Deleting the contents of '/Users/runner/work/jjwt/jjwt'
2026-05-04T07:22:41.0251820Z ##[group]Initializing the repository
2026-05-04T07:22:41.0257210Z [command]/opt/homebrew/bin/git init /Users/runner/work/jjwt/jjwt
2026-05-04T07:22:41.0467250Z hint: Using 'master' as the name for the initial branch. This default branch name
2026-05-04T07:22:41.0469130Z hint: will change to "main" in Git 3.0. To configure the initial branch name
2026-05-04T07:22:41.0470390Z hint: to use in all of your new repositories, which will suppress this warning,
2026-05-04T07:22:41.0471580Z hint: call:
2026-05-04T07:22:41.0472250Z hint:
2026-05-04T07:22:41.0473020Z hint: 	git config --global init.defaultBranch <name>
2026-05-04T07:22:41.0473770Z hint:
2026-05-04T07:22:41.0474480Z hint: Names commonly chosen instead of 'master' are 'main', 'trunk' and
2026-05-04T07:22:41.0475660Z hint: 'development'. The just-created branch can be renamed via this command:
2026-05-04T07:22:41.0476600Z hint:
2026-05-04T07:22:41.0477300Z hint: 	git branch -m <name>
2026-05-04T07:22:41.0477900Z hint:
2026-05-04T07:22:41.0478740Z hint: Disable this message with "git config set advice.defaultBranchName false"
2026-05-04T07:22:41.0480790Z Initialized empty Git repository in /Users/runner/work/jjwt/jjwt/.git/
2026-05-04T07:22:41.0482990Z [command]/opt/homebrew/bin/git remote add origin https://github.com/sreeya12/jjwt
2026-05-04T07:22:41.0551810Z ##[endgroup]
2026-05-04T07:22:41.0552820Z ##[group]Disabling automatic garbage collection
2026-05-04T07:22:41.0554130Z [command]/opt/homebrew/bin/git config --local gc.auto 0
2026-05-04T07:22:41.0613310Z ##[endgroup]
2026-05-04T07:22:41.0614190Z ##[group]Setting up auth
2026-05-04T07:22:41.0618160Z [command]/opt/homebrew/bin/git config --local --name-only --get-regexp core\.sshCommand
2026-05-04T07:22:41.0676130Z [command]/opt/homebrew/bin/git submodule foreach --recursive sh -c "git config --local --name-only --get-regexp 'core\.sshCommand' && git config --local --unset-all 'core.sshCommand' || :"
2026-05-04T07:22:41.1905230Z [command]/opt/homebrew/bin/git config --local --name-only --get-regexp http\.https\:\/\/github\.com\/\.extraheader
2026-05-04T07:22:41.1971880Z [command]/opt/homebrew/bin/git submodule foreach --recursive sh -c "git config --local --name-only --get-regexp 'http\.https\:\/\/github\.com\/\.extraheader' && git config --local --unset-all 'http.https://github.com/.extraheader' || :"
2026-05-04T07:22:41.2805000Z [command]/opt/homebrew/bin/git config --local --name-only --get-regexp ^includeIf\.gitdir:
2026-05-04T07:22:41.2861410Z [command]/opt/homebrew/bin/git submodule foreach --recursive git config --local --show-origin --name-only --get-regexp remote.origin.url
2026-05-04T07:22:41.3594770Z [command]/opt/homebrew/bin/git config --local http.https://github.com/.extraheader AUTHORIZATION: basic ***
2026-05-04T07:22:41.3660000Z ##[endgroup]
2026-05-04T07:22:41.3660950Z ##[group]Fetching the repository
2026-05-04T07:22:41.3665640Z [command]/opt/homebrew/bin/git -c protocol.version=2 fetch --no-tags --prune --no-recurse-submodules --depth=1 origin +f8d61dcb25cb1310f3c30d12af9a1fb020650449:refs/remotes/origin/os-expansion-experiment
2026-05-04T07:22:42.3045650Z From https://github.com/sreeya12/jjwt
2026-05-04T07:22:42.3148460Z  * [new ref]         f8d61dcb25cb1310f3c30d12af9a1fb020650449 -> origin/os-expansion-experiment
2026-05-04T07:22:42.3162380Z ##[endgroup]
2026-05-04T07:22:42.3162770Z ##[group]Determining the checkout info
2026-05-04T07:22:42.3163140Z ##[endgroup]
2026-05-04T07:22:42.3163460Z [command]/opt/homebrew/bin/git sparse-checkout disable
2026-05-04T07:22:42.3236470Z [command]/opt/homebrew/bin/git config --local --unset-all extensions.worktreeConfig
2026-05-04T07:22:42.3313960Z ##[group]Checking out the ref
2026-05-04T07:22:42.3314590Z [command]/opt/homebrew/bin/git checkout --progress --force -B os-expansion-experiment refs/remotes/origin/os-expansion-experiment
2026-05-04T07:22:42.4142510Z Switched to a new branch 'os-expansion-experiment'
2026-05-04T07:22:42.4145790Z branch 'os-expansion-experiment' set up to track 'origin/os-expansion-experiment'.
2026-05-04T07:22:42.4151030Z ##[endgroup]
2026-05-04T07:22:42.4231400Z [command]/opt/homebrew/bin/git log -1 --format=%H
2026-05-04T07:22:42.4288950Z f8d61dcb25cb1310f3c30d12af9a1fb020650449
2026-05-04T07:22:42.4472770Z ##[group]Run actions/setup-java@v4
2026-05-04T07:22:42.4473250Z with:
2026-05-04T07:22:42.4473580Z   java-version: 8
2026-05-04T07:22:42.4473790Z   distribution: temurin
2026-05-04T07:22:42.4473980Z   cache: maven
2026-05-04T07:22:42.4474150Z   check-latest: true
2026-05-04T07:22:42.4474380Z   java-package: jdk
2026-05-04T07:22:42.4474560Z   server-id: github
2026-05-04T07:22:42.4474740Z   server-username: GITHUB_ACTOR
2026-05-04T07:22:42.4475020Z   server-password: GITHUB_TOKEN
2026-05-04T07:22:42.4475380Z   overwrite-settings: true
2026-05-04T07:22:42.4475580Z   job-status: success
2026-05-04T07:22:42.4475880Z   token: ***
2026-05-04T07:22:42.4476100Z env:
2026-05-04T07:22:42.4476310Z   MVN_CMD: ./mvnw --no-transfer-progress -B
2026-05-04T07:22:42.4476560Z ##[endgroup]
2026-05-04T07:22:42.6059590Z ##[group]Installed distributions
2026-05-04T07:22:42.6098540Z Trying to resolve the latest version from remote
2026-05-04T07:22:42.9398390Z ##[error]Could not find satisfied version for SemVer '8'. 
Available versions: 26.0.0+35, 25.0.3+9.0.LTS, 25.0.2+10.0.LTS, 25.0.1+8.0.LTS, 25.0.0+36.0.LTS, 24.0.2+12, 24.0.1+9, 24.0.0+36, 23.0.2+7, 23.0.1+11, 23.0.0+37, 22.0.2+9, 22.0.1+8, 22.0.0+36, 21.0.11+10.0.LTS, 21.0.10+7.0.LTS, 21.0.9+10.0.LTS, 21.0.8+9.0.LTS, 21.0.7+6.0.LTS, 21.0.6+7.0.LTS, 21.0.5+11.0.LTS, 21.0.4+7.0.LTS, 21.0.3+9.0.LTS, 21.0.2+13.0.LTS, 21.0.1+12.0.LTS, 21.0.0+35.0.LTS, 20.0.2+9, 20.0.1+9, 20.0.0+36, 19.0.2+7, 19.0.1+10, 19.0.0+36, 18.0.2+101, 18.0.2+9, 18.0.1+10, 18.0.0+36, 17.0.19+10, 17.0.18+8, 17.0.17+10, 17.0.16+8, 17.0.15+6, 17.0.14+7, 17.0.13+11, 17.0.12+7, 17.0.11+9, 17.0.10+7, 17.0.9+9, 17.0.8+101, 17.0.8+7, 17.0.7+7, 17.0.6+10, 17.0.5+8, 17.0.4+101, 17.0.4+8, 17.0.3+7, 17.0.2+8, 17.0.1+12, 17.0.0+35, 11.0.31+11, 11.0.30+7, 11.0.29+7, 11.0.28+6, 11.0.27+6, 11.0.26+4, 11.0.25+9, 11.0.24+8, 11.0.23+9, 11.0.22+7.1, 11.0.22+7, 11.0.21+9, 11.0.20+101, 11.0.20+8, 11.0.19+7, 11.0.18+10, 11.0.17+8, 11.0.16+101, 11.0.16+8, 11.0.15+10
2026-05-04T07:22:42.9509780Z Post job cleanup.
2026-05-04T07:22:43.1129650Z Post job cleanup.
2026-05-04T07:22:43.2276370Z [command]/opt/homebrew/bin/git version
2026-05-04T07:22:43.2378080Z git version 2.54.0
2026-05-04T07:22:43.2682430Z Copying '/Users/runner/.gitconfig' to '/Users/runner/work/_temp/e77fd838-9203-4199-bf25-ee4d00a514ae/.gitconfig'
2026-05-04T07:22:43.2774470Z Temporarily overriding HOME='/Users/runner/work/_temp/e77fd838-9203-4199-bf25-ee4d00a514ae' before making global git config changes
2026-05-04T07:22:43.2798370Z Adding repository directory to the temporary git global config as a safe directory
2026-05-04T07:22:43.2813560Z [command]/opt/homebrew/bin/git config --global --add safe.directory /Users/runner/work/jjwt/jjwt
2026-05-04T07:22:43.2814520Z [command]/opt/homebrew/bin/git config --local --name-only --get-regexp core\.sshCommand
2026-05-04T07:22:43.2815670Z [command]/opt/homebrew/bin/git submodule foreach --recursive sh -c "git config --local --name-only --get-regexp 'core\.sshCommand' && git config --local --unset-all 'core.sshCommand' || :"
2026-05-04T07:22:43.3384100Z [command]/opt/homebrew/bin/git config --local --name-only --get-regexp http\.https\:\/\/github\.com\/\.extraheader
2026-05-04T07:22:43.3439650Z http.https://github.com/.extraheader
2026-05-04T07:22:43.3571370Z [command]/opt/homebrew/bin/git config --local --unset-all http.https://github.com/.extraheader
2026-05-04T07:22:43.3572980Z [command]/opt/homebrew/bin/git submodule foreach --recursive sh -c "git config --local --name-only --get-regexp 'http\.https\:\/\/github\.com\/\.extraheader' && git config --local --unset-all 'http.https://github.com/.extraheader' || :"
2026-05-04T07:22:43.4204710Z [command]/opt/homebrew/bin/git config --local --name-only --get-regexp ^includeIf\.gitdir:
2026-05-04T07:22:43.4276130Z [command]/opt/homebrew/bin/git submodule foreach --recursive git config --local --show-origin --name-only --get-regexp remote.origin.url
2026-05-04T07:22:43.5217980Z Cleaning up orphan processes
2026-05-04T07:22:43.5267060Z ##[warning]Node.js 20 actions are deprecated. The following actions are running on Node.js 20 and may not work as expected: actions/checkout@v4, actions/setup-java@v4. Actions will be forced to run with Node.js 24 by default starting June 2nd, 2026. Node.js 20 will be removed from the runner on September 16th, 2026. Please check if updated versions of these actions are available that support Node.js 24. To opt into Node.js 24 now, set the FORCE_JAVASCRIPT_ACTIONS_TO_NODE24=true environment variable on the runner or in your workflow file. Once Node.js 24 becomes the default, you can temporarily opt out by setting ACTIONS_ALLOW_USE_UNSECURE_NODE_VERSION=true. For more information see: https://github.blog/changelog/2025-09-19-deprecation-of-node-20-on-github-actions-runners/
