ï»¿2026-05-05T03:33:37.4736660Z Current runner version: '2.334.0'
2026-05-05T03:33:37.4751360Z ##[group]Runner Image Provisioner
2026-05-05T03:33:37.4751850Z Hosted Compute Agent
2026-05-05T03:33:37.4752220Z Version: 20260422.526
2026-05-05T03:33:37.4752600Z Commit: e1a9e573f4d0838b3a7c1b07401aeb29ed3635a9
2026-05-05T03:33:37.4753040Z Build Date: 2026-04-22T09:31:31Z
2026-05-05T03:33:37.4753460Z Worker ID: {adfb40be-9bf9-4755-8f9b-57dabb4eabd8}
2026-05-05T03:33:37.4753890Z Azure Region: westus
2026-05-05T03:33:37.4754220Z ##[endgroup]
2026-05-05T03:33:37.4755010Z ##[group]Operating System
2026-05-05T03:33:37.4755380Z macOS
2026-05-05T03:33:37.4755660Z 15.7.4
2026-05-05T03:33:37.4755940Z 24G517
2026-05-05T03:33:37.4756210Z ##[endgroup]
2026-05-05T03:33:37.4756510Z ##[group]Runner Image
2026-05-05T03:33:37.4756820Z Image: macos-15-arm64
2026-05-05T03:33:37.4757130Z Version: 20260427.0018.1
2026-05-05T03:33:37.4757870Z Included Software: https://github.com/actions/runner-images/blob/macos-15-arm64/20260427.0018/images/macos/macos-15-arm64-Readme.md
2026-05-05T03:33:37.4758810Z Image Release: https://github.com/actions/runner-images/releases/tag/macos-15-arm64%2F20260427.0018
2026-05-05T03:33:37.4759390Z ##[endgroup]
2026-05-05T03:33:37.4760240Z ##[group]GITHUB_TOKEN Permissions
2026-05-05T03:33:37.4761230Z Contents: read
2026-05-05T03:33:37.4761530Z Metadata: read
2026-05-05T03:33:37.4761840Z Packages: read
2026-05-05T03:33:37.4762140Z ##[endgroup]
2026-05-05T03:33:37.4763370Z Secret source: Actions
2026-05-05T03:33:37.4763740Z Prepare workflow directory
2026-05-05T03:33:37.5073410Z Prepare all required actions
2026-05-05T03:33:37.5100620Z Getting action download info
2026-05-05T03:33:37.8161410Z Download action repository 'actions/checkout@v4' (SHA:34e114876b0b11c390a56381ad16ebd13914f8d5)
2026-05-05T03:33:37.9791270Z Download action repository 'actions/setup-java@v4' (SHA:c1e323688fd81a25caa38c78aa6df2d33d3e20d9)
2026-05-05T03:33:38.9266420Z Complete job name: jdk-12-zulu
2026-05-05T03:33:38.9619890Z ##[group]Run actions/checkout@v4
2026-05-05T03:33:38.9620400Z with:
2026-05-05T03:33:38.9620680Z   repository: sreeya12/jjwt
2026-05-05T03:33:38.9621120Z   token: ***
2026-05-05T03:33:38.9621390Z   ssh-strict: true
2026-05-05T03:33:38.9621670Z   ssh-user: git
2026-05-05T03:33:38.9621950Z   persist-credentials: true
2026-05-05T03:33:38.9622270Z   clean: true
2026-05-05T03:33:38.9622560Z   sparse-checkout-cone-mode: true
2026-05-05T03:33:38.9622900Z   fetch-depth: 1
2026-05-05T03:33:38.9623190Z   fetch-tags: false
2026-05-05T03:33:38.9623470Z   show-progress: true
2026-05-05T03:33:38.9623760Z   lfs: false
2026-05-05T03:33:38.9624050Z   submodules: false
2026-05-05T03:33:38.9624350Z   set-safe-directory: true
2026-05-05T03:33:38.9624750Z env:
2026-05-05T03:33:38.9625060Z   MVN_CMD: ./mvnw --no-transfer-progress -B
2026-05-05T03:33:38.9625440Z   JDK_MAJOR_VERSION: 12
2026-05-05T03:33:38.9625730Z ##[endgroup]
2026-05-05T03:33:39.2308810Z Syncing repository: sreeya12/jjwt
2026-05-05T03:33:39.2310270Z ##[group]Getting Git version info
2026-05-05T03:33:39.2311160Z Working directory is '/Users/runner/work/jjwt/jjwt'
2026-05-05T03:33:39.2311880Z [command]/opt/homebrew/bin/git version
2026-05-05T03:33:39.2806700Z git version 2.54.0
2026-05-05T03:33:39.2831880Z ##[endgroup]
2026-05-05T03:33:39.2837290Z Copying '/Users/runner/.gitconfig' to '/Users/runner/work/_temp/573697b8-3f0b-4dca-8f16-e15f0e0b6055/.gitconfig'
2026-05-05T03:33:39.2843530Z Temporarily overriding HOME='/Users/runner/work/_temp/573697b8-3f0b-4dca-8f16-e15f0e0b6055' before making global git config changes
2026-05-05T03:33:39.2844590Z Adding repository directory to the temporary git global config as a safe directory
2026-05-05T03:33:39.2851840Z [command]/opt/homebrew/bin/git config --global --add safe.directory /Users/runner/work/jjwt/jjwt
2026-05-05T03:33:39.2944530Z Deleting the contents of '/Users/runner/work/jjwt/jjwt'
2026-05-05T03:33:39.2947310Z ##[group]Initializing the repository
2026-05-05T03:33:39.2951250Z [command]/opt/homebrew/bin/git init /Users/runner/work/jjwt/jjwt
2026-05-05T03:33:39.3127650Z hint: Using 'master' as the name for the initial branch. This default branch name
2026-05-05T03:33:39.3129890Z hint: will change to "main" in Git 3.0. To configure the initial branch name
2026-05-05T03:33:39.3131200Z hint: to use in all of your new repositories, which will suppress this warning,
2026-05-05T03:33:39.3131880Z hint: call:
2026-05-05T03:33:39.3132320Z hint:
2026-05-05T03:33:39.3132810Z hint: 	git config --global init.defaultBranch <name>
2026-05-05T03:33:39.3133360Z hint:
2026-05-05T03:33:39.3133880Z hint: Names commonly chosen instead of 'master' are 'main', 'trunk' and
2026-05-05T03:33:39.3134640Z hint: 'development'. The just-created branch can be renamed via this command:
2026-05-05T03:33:39.3135360Z hint:
2026-05-05T03:33:39.3135760Z hint: 	git branch -m <name>
2026-05-05T03:33:39.3136390Z hint:
2026-05-05T03:33:39.3137390Z hint: Disable this message with "git config set advice.defaultBranchName false"
2026-05-05T03:33:39.3138560Z Initialized empty Git repository in /Users/runner/work/jjwt/jjwt/.git/
2026-05-05T03:33:39.3140280Z [command]/opt/homebrew/bin/git remote add origin https://github.com/sreeya12/jjwt
2026-05-05T03:33:39.3228470Z ##[endgroup]
2026-05-05T03:33:39.3229120Z ##[group]Disabling automatic garbage collection
2026-05-05T03:33:39.3230640Z [command]/opt/homebrew/bin/git config --local gc.auto 0
2026-05-05T03:33:39.3289030Z ##[endgroup]
2026-05-05T03:33:39.3289610Z ##[group]Setting up auth
2026-05-05T03:33:39.3293640Z [command]/opt/homebrew/bin/git config --local --name-only --get-regexp core\.sshCommand
2026-05-05T03:33:39.3350280Z [command]/opt/homebrew/bin/git submodule foreach --recursive sh -c "git config --local --name-only --get-regexp 'core\.sshCommand' && git config --local --unset-all 'core.sshCommand' || :"
2026-05-05T03:33:39.4146790Z [command]/opt/homebrew/bin/git config --local --name-only --get-regexp http\.https\:\/\/github\.com\/\.extraheader
2026-05-05T03:33:39.4196650Z [command]/opt/homebrew/bin/git submodule foreach --recursive sh -c "git config --local --name-only --get-regexp 'http\.https\:\/\/github\.com\/\.extraheader' && git config --local --unset-all 'http.https://github.com/.extraheader' || :"
2026-05-05T03:33:39.4800640Z [command]/opt/homebrew/bin/git config --local --name-only --get-regexp ^includeIf\.gitdir:
2026-05-05T03:33:39.4850230Z [command]/opt/homebrew/bin/git submodule foreach --recursive git config --local --show-origin --name-only --get-regexp remote.origin.url
2026-05-05T03:33:39.5456420Z [command]/opt/homebrew/bin/git config --local http.https://github.com/.extraheader AUTHORIZATION: basic ***
2026-05-05T03:33:39.5519480Z ##[endgroup]
2026-05-05T03:33:39.5521240Z ##[group]Fetching the repository
2026-05-05T03:33:39.5522840Z [command]/opt/homebrew/bin/git -c protocol.version=2 fetch --no-tags --prune --no-recurse-submodules --depth=1 origin +f8d61dcb25cb1310f3c30d12af9a1fb020650449:refs/remotes/origin/os-expansion-experiment
2026-05-05T03:33:40.5435020Z From https://github.com/sreeya12/jjwt
2026-05-05T03:33:40.5440090Z  * [new ref]         f8d61dcb25cb1310f3c30d12af9a1fb020650449 -> origin/os-expansion-experiment
2026-05-05T03:33:40.5546020Z ##[endgroup]
2026-05-05T03:33:40.5547090Z ##[group]Determining the checkout info
2026-05-05T03:33:40.5548380Z ##[endgroup]
2026-05-05T03:33:40.5549680Z [command]/opt/homebrew/bin/git sparse-checkout disable
2026-05-05T03:33:40.5602110Z [command]/opt/homebrew/bin/git config --local --unset-all extensions.worktreeConfig
2026-05-05T03:33:40.5656610Z ##[group]Checking out the ref
2026-05-05T03:33:40.5658810Z [command]/opt/homebrew/bin/git checkout --progress --force -B os-expansion-experiment refs/remotes/origin/os-expansion-experiment
2026-05-05T03:33:40.7671650Z Switched to a new branch 'os-expansion-experiment'
2026-05-05T03:33:40.7721350Z branch 'os-expansion-experiment' set up to track 'origin/os-expansion-experiment'.
2026-05-05T03:33:40.7757000Z ##[endgroup]
2026-05-05T03:33:40.7767420Z [command]/opt/homebrew/bin/git log -1 --format=%H
2026-05-05T03:33:40.7768680Z f8d61dcb25cb1310f3c30d12af9a1fb020650449
2026-05-05T03:33:40.8492430Z ##[group]Run actions/setup-java@v4
2026-05-05T03:33:40.8494000Z with:
2026-05-05T03:33:40.8494570Z   java-version: 12
2026-05-05T03:33:40.8495170Z   distribution: zulu
2026-05-05T03:33:40.8495820Z   cache: maven
2026-05-05T03:33:40.8496500Z   check-latest: true
2026-05-05T03:33:40.8497220Z   java-package: jdk
2026-05-05T03:33:40.8497880Z   server-id: github
2026-05-05T03:33:40.8498560Z   server-username: GITHUB_ACTOR
2026-05-05T03:33:40.8499370Z   server-password: GITHUB_TOKEN
2026-05-05T03:33:40.8500180Z   overwrite-settings: true
2026-05-05T03:33:40.8500910Z   job-status: success
2026-05-05T03:33:40.8501890Z   token: ***
2026-05-05T03:33:40.8502500Z env:
2026-05-05T03:33:40.8503080Z   MVN_CMD: ./mvnw --no-transfer-progress -B
2026-05-05T03:33:40.8504030Z   JDK_MAJOR_VERSION: 12
2026-05-05T03:33:40.8504730Z ##[endgroup]
2026-05-05T03:33:41.0243640Z ##[group]Installed distributions
2026-05-05T03:33:41.0261350Z Trying to resolve the latest version from remote
2026-05-05T03:33:41.1613910Z ##[error]Could not find satisfied version for semver 12. 
Available versions: 26.0.1+8, 26.0.0+35, 25.0.3+9, 25.0.2+10, 25.0.0+36, 24.0.2+12, 24.0.2+12, 23.0.2+7, 23.0.2+7, 22.0.2+9, 22.0.2+9, 21.0.11+10, 21.0.10+7, 21.0.1+12, 20.0.2+9, 19.0.2+7, 18.0.2+1, 17.0.19+10, 17.0.18+8, 17.0.3+7, 16.0.2+7, 15.0.10+5, 13.0.14+5, 11.0.31+11, 11.0.15+10, 8.0.492+9, 8.0.332+9, 26.0.0+35, 25.0.2+10, 25.0.2+10, 25.0.2+10, 25.0.1+8, 25.0.1+8, 25.0.0+36, 24.0.1+9, 24.0.1+9, 24.0.0+36, 24.0.0+36, 23.0.1+11, 23.0.1+11, 23.0.0+37, 23.0.0+37, 22.0.2+9, 22.0.1+8, 22.0.1+8, 22.0.0+36, 22.0.0+36, 21.0.10+7, 21.0.10+7, 21.0.10+7, 21.0.9+10, 21.0.9+10, 21.0.8+9, 21.0.8+9, 21.0.7+6, 21.0.7+6, 21.0.6+7, 21.0.6+7, 21.0.5+11, 21.0.5+11, 21.0.4+7, 21.0.4+7, 21.0.3+9, 21.0.3+9, 21.0.2+13, 21.0.2+13, 21.0.0+35, 20.0.1+9, 20.0.0+36, 19.0.1+10, 19.0.0+36, 18.0.2+9, 18.0.1+10, 18.0.0+37, 17.0.18+8, 17.0.18+8, 17.0.18+8, 17.0.17+10, 17.0.17+10, 17.0.16+8, 17.0.16+8, 17.0.15+6, 17.0.15+6, 17.0.14+7, 17.0.14+7, 17.0.13+11, 17.0.13+11, 17.0.12+7, 17.0.12+7, 17.0.11+9, 17.0.11+9, 17.0.10+7, 17.0.10+7, 17.0.9+8, 17.0.8+1, 17.0.8+7, 17.0.7+7, 17.0.6+10, 17.0.5+8, 17.0.4+1, 17.0.4+8, 17.0.2+8, 17.0.1+12, 17.0.0+35, 16.0.1+9, 16.0.1+9, 16.0.0+36, 15.0.9+5, 15.0.8+4, 15.0.7+4, 15.0.6+5, 15.0.5+3, 15.0.4+5, 15.0.3+3, 15.0.2+7, 15.0.1+9, 15.0.1+9, 13.0.13+5, 13.0.12+4, 13.0.11+4, 13.0.10+5, 13.0.9+3, 13.0.8+5, 13.0.7+5, 13.0.6+5, 13.0.5+1, 13.0.5+1, 13.0.5+1, 11.0.30+7, 11.0.30+7, 11.0.29+7, 11.0.28+6, 11.0.27+6, 11.0.26+4, 11.0.25+9, 11.0.24+8, 11.0.23+9, 11.0.22+7, 11.0.21+9, 11.0.20+1, 11.0.20+8, 11.0.19+7, 11.0.18+10, 11.0.17+8, 11.0.16+1, 11.0.16+8, 11.0.14+1, 11.0.14+9, 11.0.13+8, 11.0.12+7, 11.0.11+9, 11.0.10+9, 11.0.9+1, 11.0.9+1, 11.0.9+1, 8.0.482+8, 8.0.482+8, 8.0.472+8, 8.0.462+8, 8.0.452+9, 8.0.442+6, 8.0.432+6, 8.0.422+5, 8.0.412+8, 8.0.402+6, 8.0.392+8, 8.0.382+5, 8.0.372+7, 8.0.362+9, 8.0.362+8, 8.0.352+8, 8.0.345+1, 8.0.342+7, 8.0.322+6, 8.0.312+7, 8.0.302+8, 8.0.292+10, 8.0.282+8, 8.0.275+1
2026-05-05T03:33:41.1823430Z Post job cleanup.
2026-05-05T03:33:41.3279410Z Post job cleanup.
2026-05-05T03:33:41.4296540Z [command]/opt/homebrew/bin/git version
2026-05-05T03:33:41.4364890Z git version 2.54.0
2026-05-05T03:33:41.4467170Z Copying '/Users/runner/.gitconfig' to '/Users/runner/work/_temp/1262f464-c5c2-4536-9cf3-7a8c134284e9/.gitconfig'
2026-05-05T03:33:41.4469840Z Temporarily overriding HOME='/Users/runner/work/_temp/1262f464-c5c2-4536-9cf3-7a8c134284e9' before making global git config changes
2026-05-05T03:33:41.4471920Z Adding repository directory to the temporary git global config as a safe directory
2026-05-05T03:33:41.4473470Z [command]/opt/homebrew/bin/git config --global --add safe.directory /Users/runner/work/jjwt/jjwt
2026-05-05T03:33:41.4476270Z [command]/opt/homebrew/bin/git config --local --name-only --get-regexp core\.sshCommand
2026-05-05T03:33:41.4480390Z [command]/opt/homebrew/bin/git submodule foreach --recursive sh -c "git config --local --name-only --get-regexp 'core\.sshCommand' && git config --local --unset-all 'core.sshCommand' || :"
2026-05-05T03:33:41.5136840Z [command]/opt/homebrew/bin/git config --local --name-only --get-regexp http\.https\:\/\/github\.com\/\.extraheader
2026-05-05T03:33:41.5186520Z http.https://github.com/.extraheader
2026-05-05T03:33:41.5195860Z [command]/opt/homebrew/bin/git config --local --unset-all http.https://github.com/.extraheader
2026-05-05T03:33:41.5353430Z [command]/opt/homebrew/bin/git submodule foreach --recursive sh -c "git config --local --name-only --get-regexp 'http\.https\:\/\/github\.com\/\.extraheader' && git config --local --unset-all 'http.https://github.com/.extraheader' || :"
2026-05-05T03:33:41.5915170Z [command]/opt/homebrew/bin/git config --local --name-only --get-regexp ^includeIf\.gitdir:
2026-05-05T03:33:41.5963360Z [command]/opt/homebrew/bin/git submodule foreach --recursive git config --local --show-origin --name-only --get-regexp remote.origin.url
2026-05-05T03:33:41.7015240Z Cleaning up orphan processes
2026-05-05T03:33:41.9716970Z ##[warning]Node.js 20 actions are deprecated. The following actions are running on Node.js 20 and may not work as expected: actions/checkout@v4, actions/setup-java@v4. Actions will be forced to run with Node.js 24 by default starting June 2nd, 2026. Node.js 20 will be removed from the runner on September 16th, 2026. Please check if updated versions of these actions are available that support Node.js 24. To opt into Node.js 24 now, set the FORCE_JAVASCRIPT_ACTIONS_TO_NODE24=true environment variable on the runner or in your workflow file. Once Node.js 24 becomes the default, you can temporarily opt out by setting ACTIONS_ALLOW_USE_UNSECURE_NODE_VERSION=true. For more information see: https://github.blog/changelog/2025-09-19-deprecation-of-node-20-on-github-actions-runners/
