ï»¿2026-05-05T03:33:53.9546300Z Current runner version: '2.334.0'
2026-05-05T03:33:53.9569490Z ##[group]Runner Image Provisioner
2026-05-05T03:33:53.9570000Z Hosted Compute Agent
2026-05-05T03:33:53.9570340Z Version: 20260422.526
2026-05-05T03:33:53.9570700Z Commit: e1a9e573f4d0838b3a7c1b07401aeb29ed3635a9
2026-05-05T03:33:53.9571130Z Build Date: 2026-04-22T09:31:31Z
2026-05-05T03:33:53.9571530Z Worker ID: {eb0b80ef-4bb8-4676-92ea-77484dfb49c8}
2026-05-05T03:33:53.9571950Z Azure Region: westus
2026-05-05T03:33:53.9572280Z ##[endgroup]
2026-05-05T03:33:53.9573210Z ##[group]Operating System
2026-05-05T03:33:53.9573560Z macOS
2026-05-05T03:33:53.9573820Z 15.7.4
2026-05-05T03:33:53.9574100Z 24G517
2026-05-05T03:33:53.9574370Z ##[endgroup]
2026-05-05T03:33:53.9574670Z ##[group]Runner Image
2026-05-05T03:33:53.9574990Z Image: macos-15-arm64
2026-05-05T03:33:53.9575300Z Version: 20260427.0018.1
2026-05-05T03:33:53.9576100Z Included Software: https://github.com/actions/runner-images/blob/macos-15-arm64/20260427.0018/images/macos/macos-15-arm64-Readme.md
2026-05-05T03:33:53.9577070Z Image Release: https://github.com/actions/runner-images/releases/tag/macos-15-arm64%2F20260427.0018
2026-05-05T03:33:53.9577670Z ##[endgroup]
2026-05-05T03:33:53.9578370Z ##[group]GITHUB_TOKEN Permissions
2026-05-05T03:33:53.9579510Z Contents: read
2026-05-05T03:33:53.9579810Z Metadata: read
2026-05-05T03:33:53.9580110Z Packages: read
2026-05-05T03:33:53.9580410Z ##[endgroup]
2026-05-05T03:33:53.9581780Z Secret source: Actions
2026-05-05T03:33:53.9582160Z Prepare workflow directory
2026-05-05T03:33:53.9909140Z Prepare all required actions
2026-05-05T03:33:53.9933760Z Getting action download info
2026-05-05T03:33:54.1734790Z Download action repository 'actions/checkout@v4' (SHA:34e114876b0b11c390a56381ad16ebd13914f8d5)
2026-05-05T03:33:54.5714280Z Download action repository 'actions/setup-java@v4' (SHA:c1e323688fd81a25caa38c78aa6df2d33d3e20d9)
2026-05-05T03:33:55.8428310Z Complete job name: jdk-14-zulu
2026-05-05T03:33:55.8909970Z ##[group]Run actions/checkout@v4
2026-05-05T03:33:55.8910710Z with:
2026-05-05T03:33:55.8911060Z   repository: sreeya12/jjwt
2026-05-05T03:33:55.8911690Z   token: ***
2026-05-05T03:33:55.8912000Z   ssh-strict: true
2026-05-05T03:33:55.8912310Z   ssh-user: git
2026-05-05T03:33:55.8912630Z   persist-credentials: true
2026-05-05T03:33:55.8912990Z   clean: true
2026-05-05T03:33:55.8913330Z   sparse-checkout-cone-mode: true
2026-05-05T03:33:55.8913710Z   fetch-depth: 1
2026-05-05T03:33:55.8914040Z   fetch-tags: false
2026-05-05T03:33:55.8914370Z   show-progress: true
2026-05-05T03:33:55.8914720Z   lfs: false
2026-05-05T03:33:55.8915060Z   submodules: false
2026-05-05T03:33:55.8915430Z   set-safe-directory: true
2026-05-05T03:33:55.8915920Z env:
2026-05-05T03:33:55.8916270Z   MVN_CMD: ./mvnw --no-transfer-progress -B
2026-05-05T03:33:55.8917430Z   JDK_MAJOR_VERSION: 14
2026-05-05T03:33:55.8917810Z ##[endgroup]
2026-05-05T03:33:56.3115550Z Syncing repository: sreeya12/jjwt
2026-05-05T03:33:56.3117410Z ##[group]Getting Git version info
2026-05-05T03:33:56.3117990Z Working directory is '/Users/runner/work/jjwt/jjwt'
2026-05-05T03:33:56.3118750Z [command]/opt/homebrew/bin/git version
2026-05-05T03:33:56.3980690Z git version 2.54.0
2026-05-05T03:33:56.4007980Z ##[endgroup]
2026-05-05T03:33:56.4013000Z Copying '/Users/runner/.gitconfig' to '/Users/runner/work/_temp/01169943-4740-468d-a0e6-952faf8ff80c/.gitconfig'
2026-05-05T03:33:56.4014210Z Temporarily overriding HOME='/Users/runner/work/_temp/01169943-4740-468d-a0e6-952faf8ff80c' before making global git config changes
2026-05-05T03:33:56.4015250Z Adding repository directory to the temporary git global config as a safe directory
2026-05-05T03:33:56.4016150Z [command]/opt/homebrew/bin/git config --global --add safe.directory /Users/runner/work/jjwt/jjwt
2026-05-05T03:33:56.4098500Z Deleting the contents of '/Users/runner/work/jjwt/jjwt'
2026-05-05T03:33:56.4101200Z ##[group]Initializing the repository
2026-05-05T03:33:56.4105790Z [command]/opt/homebrew/bin/git init /Users/runner/work/jjwt/jjwt
2026-05-05T03:33:56.4308260Z hint: Using 'master' as the name for the initial branch. This default branch name
2026-05-05T03:33:56.4309440Z hint: will change to "main" in Git 3.0. To configure the initial branch name
2026-05-05T03:33:56.4310180Z hint: to use in all of your new repositories, which will suppress this warning,
2026-05-05T03:33:56.4310760Z hint: call:
2026-05-05T03:33:56.4311090Z hint:
2026-05-05T03:33:56.4311600Z hint: 	git config --global init.defaultBranch <name>
2026-05-05T03:33:56.4312070Z hint:
2026-05-05T03:33:56.4312530Z hint: Names commonly chosen instead of 'master' are 'main', 'trunk' and
2026-05-05T03:33:56.4313240Z hint: 'development'. The just-created branch can be renamed via this command:
2026-05-05T03:33:56.4313790Z hint:
2026-05-05T03:33:56.4314110Z hint: 	git branch -m <name>
2026-05-05T03:33:56.4314500Z hint:
2026-05-05T03:33:56.4314980Z hint: Disable this message with "git config set advice.defaultBranchName false"
2026-05-05T03:33:56.4315760Z Initialized empty Git repository in /Users/runner/work/jjwt/jjwt/.git/
2026-05-05T03:33:56.4319180Z [command]/opt/homebrew/bin/git remote add origin https://github.com/sreeya12/jjwt
2026-05-05T03:33:56.4397540Z ##[endgroup]
2026-05-05T03:33:56.4399330Z ##[group]Disabling automatic garbage collection
2026-05-05T03:33:56.4404260Z [command]/opt/homebrew/bin/git config --local gc.auto 0
2026-05-05T03:33:56.4477350Z ##[endgroup]
2026-05-05T03:33:56.4478870Z ##[group]Setting up auth
2026-05-05T03:33:56.4481680Z [command]/opt/homebrew/bin/git config --local --name-only --get-regexp core\.sshCommand
2026-05-05T03:33:56.4555050Z [command]/opt/homebrew/bin/git submodule foreach --recursive sh -c "git config --local --name-only --get-regexp 'core\.sshCommand' && git config --local --unset-all 'core.sshCommand' || :"
2026-05-05T03:33:56.5773450Z [command]/opt/homebrew/bin/git config --local --name-only --get-regexp http\.https\:\/\/github\.com\/\.extraheader
2026-05-05T03:33:56.5906930Z [command]/opt/homebrew/bin/git submodule foreach --recursive sh -c "git config --local --name-only --get-regexp 'http\.https\:\/\/github\.com\/\.extraheader' && git config --local --unset-all 'http.https://github.com/.extraheader' || :"
2026-05-05T03:33:56.6864770Z [command]/opt/homebrew/bin/git config --local --name-only --get-regexp ^includeIf\.gitdir:
2026-05-05T03:33:56.7133680Z [command]/opt/homebrew/bin/git submodule foreach --recursive git config --local --show-origin --name-only --get-regexp remote.origin.url
2026-05-05T03:33:56.8665930Z [command]/opt/homebrew/bin/git config --local http.https://github.com/.extraheader AUTHORIZATION: basic ***
2026-05-05T03:33:56.8667740Z ##[endgroup]
2026-05-05T03:33:56.8668390Z ##[group]Fetching the repository
2026-05-05T03:33:56.8669670Z [command]/opt/homebrew/bin/git -c protocol.version=2 fetch --no-tags --prune --no-recurse-submodules --depth=1 origin +f8d61dcb25cb1310f3c30d12af9a1fb020650449:refs/remotes/origin/os-expansion-experiment
2026-05-05T03:33:57.8457550Z From https://github.com/sreeya12/jjwt
2026-05-05T03:33:57.8458830Z  * [new ref]         f8d61dcb25cb1310f3c30d12af9a1fb020650449 -> origin/os-expansion-experiment
2026-05-05T03:33:57.8544880Z ##[endgroup]
2026-05-05T03:33:57.8547210Z ##[group]Determining the checkout info
2026-05-05T03:33:57.8548320Z ##[endgroup]
2026-05-05T03:33:57.8548870Z [command]/opt/homebrew/bin/git sparse-checkout disable
2026-05-05T03:33:57.8623180Z [command]/opt/homebrew/bin/git config --local --unset-all extensions.worktreeConfig
2026-05-05T03:33:57.8686560Z ##[group]Checking out the ref
2026-05-05T03:33:57.8689380Z [command]/opt/homebrew/bin/git checkout --progress --force -B os-expansion-experiment refs/remotes/origin/os-expansion-experiment
2026-05-05T03:33:58.0219650Z Switched to a new branch 'os-expansion-experiment'
2026-05-05T03:33:58.0321750Z branch 'os-expansion-experiment' set up to track 'origin/os-expansion-experiment'.
2026-05-05T03:33:58.0472620Z ##[endgroup]
2026-05-05T03:33:58.0575550Z [command]/opt/homebrew/bin/git log -1 --format=%H
2026-05-05T03:33:58.0627200Z f8d61dcb25cb1310f3c30d12af9a1fb020650449
2026-05-05T03:33:58.1041540Z ##[group]Run actions/setup-java@v4
2026-05-05T03:33:58.1042290Z with:
2026-05-05T03:33:58.1042790Z   java-version: 14
2026-05-05T03:33:58.1043360Z   distribution: zulu
2026-05-05T03:33:58.1043930Z   cache: maven
2026-05-05T03:33:58.1044460Z   check-latest: true
2026-05-05T03:33:58.1045010Z   java-package: jdk
2026-05-05T03:33:58.1045520Z   server-id: github
2026-05-05T03:33:58.1046050Z   server-username: GITHUB_ACTOR
2026-05-05T03:33:58.1046720Z   server-password: GITHUB_TOKEN
2026-05-05T03:33:58.1047400Z   overwrite-settings: true
2026-05-05T03:33:58.1048020Z   job-status: success
2026-05-05T03:33:58.1048990Z   token: ***
2026-05-05T03:33:58.1049470Z env:
2026-05-05T03:33:58.1049990Z   MVN_CMD: ./mvnw --no-transfer-progress -B
2026-05-05T03:33:58.1050760Z   JDK_MAJOR_VERSION: 14
2026-05-05T03:33:58.1051360Z ##[endgroup]
2026-05-05T03:33:58.2755220Z ##[group]Installed distributions
2026-05-05T03:33:58.2771450Z Trying to resolve the latest version from remote
2026-05-05T03:33:58.4016380Z ##[error]Could not find satisfied version for semver 14. 
Available versions: 26.0.1+8, 26.0.0+35, 25.0.3+9, 25.0.2+10, 25.0.0+36, 24.0.2+12, 24.0.2+12, 23.0.2+7, 23.0.2+7, 22.0.2+9, 22.0.2+9, 21.0.11+10, 21.0.10+7, 21.0.1+12, 20.0.2+9, 19.0.2+7, 18.0.2+1, 17.0.19+10, 17.0.18+8, 17.0.3+7, 16.0.2+7, 15.0.10+5, 13.0.14+5, 11.0.31+11, 11.0.15+10, 8.0.492+9, 8.0.332+9, 26.0.0+35, 25.0.2+10, 25.0.2+10, 25.0.2+10, 25.0.1+8, 25.0.1+8, 25.0.0+36, 24.0.1+9, 24.0.1+9, 24.0.0+36, 24.0.0+36, 23.0.1+11, 23.0.1+11, 23.0.0+37, 23.0.0+37, 22.0.2+9, 22.0.1+8, 22.0.1+8, 22.0.0+36, 22.0.0+36, 21.0.10+7, 21.0.10+7, 21.0.10+7, 21.0.9+10, 21.0.9+10, 21.0.8+9, 21.0.8+9, 21.0.7+6, 21.0.7+6, 21.0.6+7, 21.0.6+7, 21.0.5+11, 21.0.5+11, 21.0.4+7, 21.0.4+7, 21.0.3+9, 21.0.3+9, 21.0.2+13, 21.0.2+13, 21.0.0+35, 20.0.1+9, 20.0.0+36, 19.0.1+10, 19.0.0+36, 18.0.2+9, 18.0.1+10, 18.0.0+37, 17.0.18+8, 17.0.18+8, 17.0.18+8, 17.0.17+10, 17.0.17+10, 17.0.16+8, 17.0.16+8, 17.0.15+6, 17.0.15+6, 17.0.14+7, 17.0.14+7, 17.0.13+11, 17.0.13+11, 17.0.12+7, 17.0.12+7, 17.0.11+9, 17.0.11+9, 17.0.10+7, 17.0.10+7, 17.0.9+8, 17.0.8+1, 17.0.8+7, 17.0.7+7, 17.0.6+10, 17.0.5+8, 17.0.4+1, 17.0.4+8, 17.0.2+8, 17.0.1+12, 17.0.0+35, 16.0.1+9, 16.0.1+9, 16.0.0+36, 15.0.9+5, 15.0.8+4, 15.0.7+4, 15.0.6+5, 15.0.5+3, 15.0.4+5, 15.0.3+3, 15.0.2+7, 15.0.1+9, 15.0.1+9, 13.0.13+5, 13.0.12+4, 13.0.11+4, 13.0.10+5, 13.0.9+3, 13.0.8+5, 13.0.7+5, 13.0.6+5, 13.0.5+1, 13.0.5+1, 13.0.5+1, 11.0.30+7, 11.0.30+7, 11.0.29+7, 11.0.28+6, 11.0.27+6, 11.0.26+4, 11.0.25+9, 11.0.24+8, 11.0.23+9, 11.0.22+7, 11.0.21+9, 11.0.20+1, 11.0.20+8, 11.0.19+7, 11.0.18+10, 11.0.17+8, 11.0.16+1, 11.0.16+8, 11.0.14+1, 11.0.14+9, 11.0.13+8, 11.0.12+7, 11.0.11+9, 11.0.10+9, 11.0.9+1, 11.0.9+1, 11.0.9+1, 8.0.482+8, 8.0.482+8, 8.0.472+8, 8.0.462+8, 8.0.452+9, 8.0.442+6, 8.0.432+6, 8.0.422+5, 8.0.412+8, 8.0.402+6, 8.0.392+8, 8.0.382+5, 8.0.372+7, 8.0.362+9, 8.0.362+8, 8.0.352+8, 8.0.345+1, 8.0.342+7, 8.0.322+6, 8.0.312+7, 8.0.302+8, 8.0.292+10, 8.0.282+8, 8.0.275+1
2026-05-05T03:33:58.4197910Z Post job cleanup.
2026-05-05T03:33:58.6095840Z Post job cleanup.
2026-05-05T03:33:58.7577230Z [command]/opt/homebrew/bin/git version
2026-05-05T03:33:58.7672700Z git version 2.54.0
2026-05-05T03:33:58.7780930Z Copying '/Users/runner/.gitconfig' to '/Users/runner/work/_temp/c4796608-c8d2-4c84-9987-be4ae5a0b23e/.gitconfig'
2026-05-05T03:33:58.7807140Z Temporarily overriding HOME='/Users/runner/work/_temp/c4796608-c8d2-4c84-9987-be4ae5a0b23e' before making global git config changes
2026-05-05T03:33:58.7808090Z Adding repository directory to the temporary git global config as a safe directory
2026-05-05T03:33:58.7808740Z [command]/opt/homebrew/bin/git config --global --add safe.directory /Users/runner/work/jjwt/jjwt
2026-05-05T03:33:58.7810080Z [command]/opt/homebrew/bin/git config --local --name-only --get-regexp core\.sshCommand
2026-05-05T03:33:58.7811640Z [command]/opt/homebrew/bin/git submodule foreach --recursive sh -c "git config --local --name-only --get-regexp 'core\.sshCommand' && git config --local --unset-all 'core.sshCommand' || :"
2026-05-05T03:33:58.8861270Z [command]/opt/homebrew/bin/git config --local --name-only --get-regexp http\.https\:\/\/github\.com\/\.extraheader
2026-05-05T03:33:58.8900390Z http.https://github.com/.extraheader
2026-05-05T03:33:58.8984640Z [command]/opt/homebrew/bin/git config --local --unset-all http.https://github.com/.extraheader
2026-05-05T03:33:58.9025290Z [command]/opt/homebrew/bin/git submodule foreach --recursive sh -c "git config --local --name-only --get-regexp 'http\.https\:\/\/github\.com\/\.extraheader' && git config --local --unset-all 'http.https://github.com/.extraheader' || :"
2026-05-05T03:33:59.0222930Z [command]/opt/homebrew/bin/git config --local --name-only --get-regexp ^includeIf\.gitdir:
2026-05-05T03:33:59.0526080Z [command]/opt/homebrew/bin/git submodule foreach --recursive git config --local --show-origin --name-only --get-regexp remote.origin.url
2026-05-05T03:33:59.1867430Z Cleaning up orphan processes
2026-05-05T03:33:59.4858190Z ##[warning]Node.js 20 actions are deprecated. The following actions are running on Node.js 20 and may not work as expected: actions/checkout@v4, actions/setup-java@v4. Actions will be forced to run with Node.js 24 by default starting June 2nd, 2026. Node.js 20 will be removed from the runner on September 16th, 2026. Please check if updated versions of these actions are available that support Node.js 24. To opt into Node.js 24 now, set the FORCE_JAVASCRIPT_ACTIONS_TO_NODE24=true environment variable on the runner or in your workflow file. Once Node.js 24 becomes the default, you can temporarily opt out by setting ACTIONS_ALLOW_USE_UNSECURE_NODE_VERSION=true. For more information see: https://github.blog/changelog/2025-09-19-deprecation-of-node-20-on-github-actions-runners/
