ï»¿2026-05-05T03:34:01.6048370Z Current runner version: '2.334.0'
2026-05-05T03:34:01.6061920Z ##[group]Runner Image Provisioner
2026-05-05T03:34:01.6062360Z Hosted Compute Agent
2026-05-05T03:34:01.6062690Z Version: 20260422.526
2026-05-05T03:34:01.6063060Z Commit: e1a9e573f4d0838b3a7c1b07401aeb29ed3635a9
2026-05-05T03:34:01.6063480Z Build Date: 2026-04-22T09:31:31Z
2026-05-05T03:34:01.6063880Z Worker ID: {0f7948b2-24ee-4ba5-98f6-f924e5abd723}
2026-05-05T03:34:01.6064290Z Azure Region: westus
2026-05-05T03:34:01.6064610Z ##[endgroup]
2026-05-05T03:34:01.6065360Z ##[group]Operating System
2026-05-05T03:34:01.6065700Z macOS
2026-05-05T03:34:01.6065970Z 15.7.4
2026-05-05T03:34:01.6066230Z 24G517
2026-05-05T03:34:01.6066510Z ##[endgroup]
2026-05-05T03:34:01.6066790Z ##[group]Runner Image
2026-05-05T03:34:01.6067100Z Image: macos-15-arm64
2026-05-05T03:34:01.6067410Z Version: 20260427.0018.1
2026-05-05T03:34:01.6068130Z Included Software: https://github.com/actions/runner-images/blob/macos-15-arm64/20260427.0018/images/macos/macos-15-arm64-Readme.md
2026-05-05T03:34:01.6069230Z Image Release: https://github.com/actions/runner-images/releases/tag/macos-15-arm64%2F20260427.0018
2026-05-05T03:34:01.6069820Z ##[endgroup]
2026-05-05T03:34:01.6070470Z ##[group]GITHUB_TOKEN Permissions
2026-05-05T03:34:01.6071360Z Contents: read
2026-05-05T03:34:01.6071660Z Metadata: read
2026-05-05T03:34:01.6071940Z Packages: read
2026-05-05T03:34:01.6072230Z ##[endgroup]
2026-05-05T03:34:01.6073520Z Secret source: Actions
2026-05-05T03:34:01.6073900Z Prepare workflow directory
2026-05-05T03:34:01.6378360Z Prepare all required actions
2026-05-05T03:34:01.6403440Z Getting action download info
2026-05-05T03:34:02.0912470Z Download action repository 'actions/checkout@v4' (SHA:34e114876b0b11c390a56381ad16ebd13914f8d5)
2026-05-05T03:34:02.4873420Z Download action repository 'actions/setup-java@v4' (SHA:c1e323688fd81a25caa38c78aa6df2d33d3e20d9)
2026-05-05T03:34:03.1195920Z Complete job name: jdk-21-zulu
2026-05-05T03:34:03.1583240Z ##[group]Run actions/checkout@v4
2026-05-05T03:34:03.1583800Z with:
2026-05-05T03:34:03.1584100Z   repository: sreeya12/jjwt
2026-05-05T03:34:03.1584600Z   token: ***
2026-05-05T03:34:03.1584890Z   ssh-strict: true
2026-05-05T03:34:03.1585190Z   ssh-user: git
2026-05-05T03:34:03.1585510Z   persist-credentials: true
2026-05-05T03:34:03.1585860Z   clean: true
2026-05-05T03:34:03.1586210Z   sparse-checkout-cone-mode: true
2026-05-05T03:34:03.1586570Z   fetch-depth: 1
2026-05-05T03:34:03.1586880Z   fetch-tags: false
2026-05-05T03:34:03.1587190Z   show-progress: true
2026-05-05T03:34:03.1587510Z   lfs: false
2026-05-05T03:34:03.1587790Z   submodules: false
2026-05-05T03:34:03.1588110Z   set-safe-directory: true
2026-05-05T03:34:03.1588560Z env:
2026-05-05T03:34:03.1588880Z   MVN_CMD: ./mvnw --no-transfer-progress -B
2026-05-05T03:34:03.1589290Z   JDK_MAJOR_VERSION: 21
2026-05-05T03:34:03.1589620Z ##[endgroup]
2026-05-05T03:34:03.4693680Z Syncing repository: sreeya12/jjwt
2026-05-05T03:34:03.4696040Z ##[group]Getting Git version info
2026-05-05T03:34:03.4696780Z Working directory is '/Users/runner/work/jjwt/jjwt'
2026-05-05T03:34:03.4697750Z [command]/opt/homebrew/bin/git version
2026-05-05T03:34:03.5254440Z git version 2.54.0
2026-05-05T03:34:03.5284080Z ##[endgroup]
2026-05-05T03:34:03.5298940Z Copying '/Users/runner/.gitconfig' to '/Users/runner/work/_temp/e9b7f7bf-0f0d-401c-b286-e64998a71b79/.gitconfig'
2026-05-05T03:34:03.5308060Z Temporarily overriding HOME='/Users/runner/work/_temp/e9b7f7bf-0f0d-401c-b286-e64998a71b79' before making global git config changes
2026-05-05T03:34:03.5310190Z Adding repository directory to the temporary git global config as a safe directory
2026-05-05T03:34:03.5313080Z [command]/opt/homebrew/bin/git config --global --add safe.directory /Users/runner/work/jjwt/jjwt
2026-05-05T03:34:03.5413710Z Deleting the contents of '/Users/runner/work/jjwt/jjwt'
2026-05-05T03:34:03.5416900Z ##[group]Initializing the repository
2026-05-05T03:34:03.5422060Z [command]/opt/homebrew/bin/git init /Users/runner/work/jjwt/jjwt
2026-05-05T03:34:03.5617750Z hint: Using 'master' as the name for the initial branch. This default branch name
2026-05-05T03:34:03.5619470Z hint: will change to "main" in Git 3.0. To configure the initial branch name
2026-05-05T03:34:03.5621010Z hint: to use in all of your new repositories, which will suppress this warning,
2026-05-05T03:34:03.5622290Z hint: call:
2026-05-05T03:34:03.5623450Z hint:
2026-05-05T03:34:03.5624490Z hint: 	git config --global init.defaultBranch <name>
2026-05-05T03:34:03.5625620Z hint:
2026-05-05T03:34:03.5626650Z hint: Names commonly chosen instead of 'master' are 'main', 'trunk' and
2026-05-05T03:34:03.5628390Z hint: 'development'. The just-created branch can be renamed via this command:
2026-05-05T03:34:03.5629800Z hint:
2026-05-05T03:34:03.5630490Z hint: 	git branch -m <name>
2026-05-05T03:34:03.5631320Z hint:
2026-05-05T03:34:03.5632430Z hint: Disable this message with "git config set advice.defaultBranchName false"
2026-05-05T03:34:03.5634300Z Initialized empty Git repository in /Users/runner/work/jjwt/jjwt/.git/
2026-05-05T03:34:03.5637410Z [command]/opt/homebrew/bin/git remote add origin https://github.com/sreeya12/jjwt
2026-05-05T03:34:03.5697210Z ##[endgroup]
2026-05-05T03:34:03.5698610Z ##[group]Disabling automatic garbage collection
2026-05-05T03:34:03.5699970Z [command]/opt/homebrew/bin/git config --local gc.auto 0
2026-05-05T03:34:03.5759820Z ##[endgroup]
2026-05-05T03:34:03.5761040Z ##[group]Setting up auth
2026-05-05T03:34:03.5764660Z [command]/opt/homebrew/bin/git config --local --name-only --get-regexp core\.sshCommand
2026-05-05T03:34:03.5827270Z [command]/opt/homebrew/bin/git submodule foreach --recursive sh -c "git config --local --name-only --get-regexp 'core\.sshCommand' && git config --local --unset-all 'core.sshCommand' || :"
2026-05-05T03:34:03.6705970Z [command]/opt/homebrew/bin/git config --local --name-only --get-regexp http\.https\:\/\/github\.com\/\.extraheader
2026-05-05T03:34:03.6767610Z [command]/opt/homebrew/bin/git submodule foreach --recursive sh -c "git config --local --name-only --get-regexp 'http\.https\:\/\/github\.com\/\.extraheader' && git config --local --unset-all 'http.https://github.com/.extraheader' || :"
2026-05-05T03:34:03.8356580Z [command]/opt/homebrew/bin/git config --local --name-only --get-regexp ^includeIf\.gitdir:
2026-05-05T03:34:03.8365400Z [command]/opt/homebrew/bin/git submodule foreach --recursive git config --local --show-origin --name-only --get-regexp remote.origin.url
2026-05-05T03:34:03.9092030Z [command]/opt/homebrew/bin/git config --local http.https://github.com/.extraheader AUTHORIZATION: basic ***
2026-05-05T03:34:03.9148610Z ##[endgroup]
2026-05-05T03:34:03.9149730Z ##[group]Fetching the repository
2026-05-05T03:34:03.9154750Z [command]/opt/homebrew/bin/git -c protocol.version=2 fetch --no-tags --prune --no-recurse-submodules --depth=1 origin +f8d61dcb25cb1310f3c30d12af9a1fb020650449:refs/remotes/origin/os-expansion-experiment
2026-05-05T03:34:04.6877930Z From https://github.com/sreeya12/jjwt
2026-05-05T03:34:04.6879980Z  * [new ref]         f8d61dcb25cb1310f3c30d12af9a1fb020650449 -> origin/os-expansion-experiment
2026-05-05T03:34:04.6956300Z ##[endgroup]
2026-05-05T03:34:04.6957600Z ##[group]Determining the checkout info
2026-05-05T03:34:04.6959100Z ##[endgroup]
2026-05-05T03:34:04.6974850Z [command]/opt/homebrew/bin/git sparse-checkout disable
2026-05-05T03:34:04.7027090Z [command]/opt/homebrew/bin/git config --local --unset-all extensions.worktreeConfig
2026-05-05T03:34:04.7084770Z ##[group]Checking out the ref
2026-05-05T03:34:04.7086810Z [command]/opt/homebrew/bin/git checkout --progress --force -B os-expansion-experiment refs/remotes/origin/os-expansion-experiment
2026-05-05T03:34:04.8596360Z Switched to a new branch 'os-expansion-experiment'
2026-05-05T03:34:04.8697240Z branch 'os-expansion-experiment' set up to track 'origin/os-expansion-experiment'.
2026-05-05T03:34:04.8912520Z ##[endgroup]
2026-05-05T03:34:04.9023900Z [command]/opt/homebrew/bin/git log -1 --format=%H
2026-05-05T03:34:04.9052240Z f8d61dcb25cb1310f3c30d12af9a1fb020650449
2026-05-05T03:34:04.9344770Z ##[group]Run actions/setup-java@v4
2026-05-05T03:34:04.9345580Z with:
2026-05-05T03:34:04.9346110Z   java-version: 21
2026-05-05T03:34:04.9346660Z   distribution: zulu
2026-05-05T03:34:04.9347210Z   cache: maven
2026-05-05T03:34:04.9347730Z   check-latest: true
2026-05-05T03:34:04.9348280Z   java-package: jdk
2026-05-05T03:34:04.9348830Z   server-id: github
2026-05-05T03:34:04.9349390Z   server-username: GITHUB_ACTOR
2026-05-05T03:34:04.9350060Z   server-password: GITHUB_TOKEN
2026-05-05T03:34:04.9350840Z   overwrite-settings: true
2026-05-05T03:34:04.9351440Z   job-status: success
2026-05-05T03:34:04.9352270Z   token: ***
2026-05-05T03:34:04.9352750Z env:
2026-05-05T03:34:04.9353280Z   MVN_CMD: ./mvnw --no-transfer-progress -B
2026-05-05T03:34:04.9354010Z   JDK_MAJOR_VERSION: 21
2026-05-05T03:34:04.9354560Z ##[endgroup]
2026-05-05T03:34:05.1031220Z ##[group]Installed distributions
2026-05-05T03:34:05.1100090Z Trying to resolve the latest version from remote
2026-05-05T03:34:05.2699110Z Resolved latest version as 21.0.11+10
2026-05-05T03:34:05.2700170Z Trying to download...
2026-05-05T03:34:05.2701970Z Downloading Java 21.0.11+10 (Zulu) from https://cdn.azul.com/zulu/bin/zulu21.50.19-ca-jdk21.0.11-macosx_aarch64.tar.gz ...
2026-05-05T03:34:07.9762480Z Extracting Java archive...
2026-05-05T03:34:07.9884610Z [command]/usr/bin/tar xz -C /Users/runner/work/_temp/63351d3f-e707-4dcd-9174-408168f09218 -f /Users/runner/work/_temp/f5bcd598-05df-4f96-bca0-0523b2a5a342
2026-05-05T03:34:09.8620970Z Java 21.0.11+10 was downloaded
2026-05-05T03:34:09.8621760Z Setting Java 21.0.11+10 as the default
2026-05-05T03:34:09.8633730Z Creating toolchains.xml for JDK version 21 from zulu
2026-05-05T03:34:09.8708670Z Writing to /Users/runner/.m2/toolchains.xml
2026-05-05T03:34:09.8724390Z 
2026-05-05T03:34:09.8733710Z Java configuration:
2026-05-05T03:34:09.8735490Z   Distribution: zulu
2026-05-05T03:34:09.8737330Z   Version: 21.0.11+10
2026-05-05T03:34:09.8746580Z   Path: /Users/runner/hostedtoolcache/Java_Zulu_jdk/21.0.11-10/arm64/Contents/Home
2026-05-05T03:34:09.8747320Z 
2026-05-05T03:34:09.8748660Z ##[endgroup]
2026-05-05T03:34:09.8777020Z Creating settings.xml with server-id: github
2026-05-05T03:34:09.8777340Z Writing to /Users/runner/.m2/settings.xml
2026-05-05T03:34:10.1803290Z Cache hit for: setup-java-macOS-arm64-maven-c04a3f9a59846a2cc40572d973c0ee0010373c2502ff289fe0b70f68bbdc1ef8
2026-05-05T03:34:11.5218160Z Received 2339676 of 19116892 (12.2%), 2.2 MBs/sec
2026-05-05T03:34:11.8606670Z Received 19116892 of 19116892 (100.0%), 13.6 MBs/sec
2026-05-05T03:34:11.8610030Z Cache Size: ~18 MB (19116892 B)
2026-05-05T03:34:11.8634590Z [command]/opt/homebrew/bin/gtar -xf /Users/runner/work/_temp/2ff5652d-324a-4905-9c80-4a8a207ce4db/cache.tzst -P -C /Users/runner/work/jjwt/jjwt --delay-directory-restore --use-compress-program unzstd
2026-05-05T03:34:12.1250120Z Cache restored successfully
2026-05-05T03:34:12.1352620Z Cache restored from key: setup-java-macOS-arm64-maven-c04a3f9a59846a2cc40572d973c0ee0010373c2502ff289fe0b70f68bbdc1ef8
2026-05-05T03:34:12.1493820Z ##[group]Run sudo apt-get install -y softhsm2
2026-05-05T03:34:12.1494310Z [36;1msudo apt-get install -y softhsm2[0m
2026-05-05T03:34:12.1544230Z shell: /bin/bash -e {0}
2026-05-05T03:34:12.1544460Z env:
2026-05-05T03:34:12.1544690Z   MVN_CMD: ./mvnw --no-transfer-progress -B
2026-05-05T03:34:12.1544930Z   JDK_MAJOR_VERSION: 21
2026-05-05T03:34:12.1545250Z   JAVA_HOME: /Users/runner/hostedtoolcache/Java_Zulu_jdk/21.0.11-10/arm64/Contents/Home
2026-05-05T03:34:12.1561420Z   JAVA_HOME_21_ARM64: /Users/runner/hostedtoolcache/Java_Zulu_jdk/21.0.11-10/arm64/Contents/Home
2026-05-05T03:34:12.1562020Z ##[endgroup]
2026-05-05T03:34:12.2356760Z sudo: apt-get: command not found
2026-05-05T03:34:12.2460560Z ##[error]Process completed with exit code 1.
2026-05-05T03:34:12.2578010Z Post job cleanup.
2026-05-05T03:34:12.4296680Z Post job cleanup.
2026-05-05T03:34:12.5265880Z [command]/opt/homebrew/bin/git version
2026-05-05T03:34:12.5334670Z git version 2.54.0
2026-05-05T03:34:12.5361310Z Copying '/Users/runner/.gitconfig' to '/Users/runner/work/_temp/2fd1fac3-9b76-44e3-bcde-c0f6f15a128b/.gitconfig'
2026-05-05T03:34:12.5368230Z Temporarily overriding HOME='/Users/runner/work/_temp/2fd1fac3-9b76-44e3-bcde-c0f6f15a128b' before making global git config changes
2026-05-05T03:34:12.5369300Z Adding repository directory to the temporary git global config as a safe directory
2026-05-05T03:34:12.5372980Z [command]/opt/homebrew/bin/git config --global --add safe.directory /Users/runner/work/jjwt/jjwt
2026-05-05T03:34:12.5465440Z [command]/opt/homebrew/bin/git config --local --name-only --get-regexp core\.sshCommand
2026-05-05T03:34:12.5499130Z [command]/opt/homebrew/bin/git submodule foreach --recursive sh -c "git config --local --name-only --get-regexp 'core\.sshCommand' && git config --local --unset-all 'core.sshCommand' || :"
2026-05-05T03:34:12.6205840Z [command]/opt/homebrew/bin/git config --local --name-only --get-regexp http\.https\:\/\/github\.com\/\.extraheader
2026-05-05T03:34:12.6255150Z http.https://github.com/.extraheader
2026-05-05T03:34:12.6264450Z [command]/opt/homebrew/bin/git config --local --unset-all http.https://github.com/.extraheader
2026-05-05T03:34:12.6325070Z [command]/opt/homebrew/bin/git submodule foreach --recursive sh -c "git config --local --name-only --get-regexp 'http\.https\:\/\/github\.com\/\.extraheader' && git config --local --unset-all 'http.https://github.com/.extraheader' || :"
2026-05-05T03:34:12.6991830Z [command]/opt/homebrew/bin/git config --local --name-only --get-regexp ^includeIf\.gitdir:
2026-05-05T03:34:12.7071660Z [command]/opt/homebrew/bin/git submodule foreach --recursive git config --local --show-origin --name-only --get-regexp remote.origin.url
2026-05-05T03:34:12.7919580Z Cleaning up orphan processes
2026-05-05T03:34:13.0651820Z ##[warning]Node.js 20 actions are deprecated. The following actions are running on Node.js 20 and may not work as expected: actions/checkout@v4, actions/setup-java@v4. Actions will be forced to run with Node.js 24 by default starting June 2nd, 2026. Node.js 20 will be removed from the runner on September 16th, 2026. Please check if updated versions of these actions are available that support Node.js 24. To opt into Node.js 24 now, set the FORCE_JAVASCRIPT_ACTIONS_TO_NODE24=true environment variable on the runner or in your workflow file. Once Node.js 24 becomes the default, you can temporarily opt out by setting ACTIONS_ALLOW_USE_UNSECURE_NODE_VERSION=true. For more information see: https://github.blog/changelog/2025-09-19-deprecation-of-node-20-on-github-actions-runners/
