ï»¿2026-05-05T03:33:12.1105610Z Current runner version: '2.334.0'
2026-05-05T03:33:12.1121880Z ##[group]Runner Image Provisioner
2026-05-05T03:33:12.1122360Z Hosted Compute Agent
2026-05-05T03:33:12.1122690Z Version: 20260422.526
2026-05-05T03:33:12.1123060Z Commit: e1a9e573f4d0838b3a7c1b07401aeb29ed3635a9
2026-05-05T03:33:12.1123500Z Build Date: 2026-04-22T09:31:31Z
2026-05-05T03:33:12.1123920Z Worker ID: {639de293-21ae-479a-a0bd-8dd5cf87ced2}
2026-05-05T03:33:12.1124350Z Azure Region: westus
2026-05-05T03:33:12.1124690Z ##[endgroup]
2026-05-05T03:33:12.1125600Z ##[group]Operating System
2026-05-05T03:33:12.1125960Z macOS
2026-05-05T03:33:12.1126230Z 15.7.4
2026-05-05T03:33:12.1126490Z 24G517
2026-05-05T03:33:12.1126770Z ##[endgroup]
2026-05-05T03:33:12.1127060Z ##[group]Runner Image
2026-05-05T03:33:12.1127380Z Image: macos-15-arm64
2026-05-05T03:33:12.1127700Z Version: 20260427.0018.1
2026-05-05T03:33:12.1128520Z Included Software: https://github.com/actions/runner-images/blob/macos-15-arm64/20260427.0018/images/macos/macos-15-arm64-Readme.md
2026-05-05T03:33:12.1129510Z Image Release: https://github.com/actions/runner-images/releases/tag/macos-15-arm64%2F20260427.0018
2026-05-05T03:33:12.1130100Z ##[endgroup]
2026-05-05T03:33:12.1130800Z ##[group]GITHUB_TOKEN Permissions
2026-05-05T03:33:12.1131840Z Contents: read
2026-05-05T03:33:12.1132150Z Metadata: read
2026-05-05T03:33:12.1132500Z Packages: read
2026-05-05T03:33:12.1132830Z ##[endgroup]
2026-05-05T03:33:12.1134460Z Secret source: Actions
2026-05-05T03:33:12.1134860Z Prepare workflow directory
2026-05-05T03:33:12.1489190Z Prepare all required actions
2026-05-05T03:33:12.1520210Z Getting action download info
2026-05-05T03:33:12.5682360Z Download action repository 'actions/checkout@v4' (SHA:34e114876b0b11c390a56381ad16ebd13914f8d5)
2026-05-05T03:33:12.8330960Z Download action repository 'actions/setup-java@v4' (SHA:c1e323688fd81a25caa38c78aa6df2d33d3e20d9)
2026-05-05T03:33:13.4062430Z Complete job name: jdk-11-temurin
2026-05-05T03:33:13.4481620Z ##[group]Run actions/checkout@v4
2026-05-05T03:33:13.4482200Z with:
2026-05-05T03:33:13.4482500Z   repository: sreeya12/jjwt
2026-05-05T03:33:13.4482940Z   token: ***
2026-05-05T03:33:13.4483320Z   ssh-strict: true
2026-05-05T03:33:13.4483600Z   ssh-user: git
2026-05-05T03:33:13.4483970Z   persist-credentials: true
2026-05-05T03:33:13.4484290Z   clean: true
2026-05-05T03:33:13.4484610Z   sparse-checkout-cone-mode: true
2026-05-05T03:33:13.4484970Z   fetch-depth: 1
2026-05-05T03:33:13.4485240Z   fetch-tags: false
2026-05-05T03:33:13.4485540Z   show-progress: true
2026-05-05T03:33:13.4485910Z   lfs: false
2026-05-05T03:33:13.4486270Z   submodules: false
2026-05-05T03:33:13.4486780Z   set-safe-directory: true
2026-05-05T03:33:13.4487200Z env:
2026-05-05T03:33:13.4487480Z   MVN_CMD: ./mvnw --no-transfer-progress -B
2026-05-05T03:33:13.4487840Z ##[endgroup]
2026-05-05T03:33:13.7557590Z Syncing repository: sreeya12/jjwt
2026-05-05T03:33:13.7558850Z ##[group]Getting Git version info
2026-05-05T03:33:13.7559410Z Working directory is '/Users/runner/work/jjwt/jjwt'
2026-05-05T03:33:13.7560070Z [command]/opt/homebrew/bin/git version
2026-05-05T03:33:13.8179210Z git version 2.54.0
2026-05-05T03:33:13.8214140Z ##[endgroup]
2026-05-05T03:33:13.8219340Z Copying '/Users/runner/.gitconfig' to '/Users/runner/work/_temp/4157d43f-4680-4898-9d05-5efb5d95e46f/.gitconfig'
2026-05-05T03:33:13.8223460Z Temporarily overriding HOME='/Users/runner/work/_temp/4157d43f-4680-4898-9d05-5efb5d95e46f' before making global git config changes
2026-05-05T03:33:13.8224420Z Adding repository directory to the temporary git global config as a safe directory
2026-05-05T03:33:13.8233300Z [command]/opt/homebrew/bin/git config --global --add safe.directory /Users/runner/work/jjwt/jjwt
2026-05-05T03:33:13.8324860Z Deleting the contents of '/Users/runner/work/jjwt/jjwt'
2026-05-05T03:33:13.8328400Z ##[group]Initializing the repository
2026-05-05T03:33:13.8332520Z [command]/opt/homebrew/bin/git init /Users/runner/work/jjwt/jjwt
2026-05-05T03:33:13.8516970Z hint: Using 'master' as the name for the initial branch. This default branch name
2026-05-05T03:33:13.8518510Z hint: will change to "main" in Git 3.0. To configure the initial branch name
2026-05-05T03:33:13.8519200Z hint: to use in all of your new repositories, which will suppress this warning,
2026-05-05T03:33:13.8519730Z hint: call:
2026-05-05T03:33:13.8520010Z hint:
2026-05-05T03:33:13.8520430Z hint: 	git config --global init.defaultBranch <name>
2026-05-05T03:33:13.8520850Z hint:
2026-05-05T03:33:13.8521270Z hint: Names commonly chosen instead of 'master' are 'main', 'trunk' and
2026-05-05T03:33:13.8521890Z hint: 'development'. The just-created branch can be renamed via this command:
2026-05-05T03:33:13.8522370Z hint:
2026-05-05T03:33:13.8522680Z hint: 	git branch -m <name>
2026-05-05T03:33:13.8523020Z hint:
2026-05-05T03:33:13.8523450Z hint: Disable this message with "git config set advice.defaultBranchName false"
2026-05-05T03:33:13.8524100Z Initialized empty Git repository in /Users/runner/work/jjwt/jjwt/.git/
2026-05-05T03:33:13.8525360Z [command]/opt/homebrew/bin/git remote add origin https://github.com/sreeya12/jjwt
2026-05-05T03:33:13.8591960Z ##[endgroup]
2026-05-05T03:33:13.8592560Z ##[group]Disabling automatic garbage collection
2026-05-05T03:33:13.8594670Z [command]/opt/homebrew/bin/git config --local gc.auto 0
2026-05-05T03:33:13.8652750Z ##[endgroup]
2026-05-05T03:33:13.8653550Z ##[group]Setting up auth
2026-05-05T03:33:13.8656860Z [command]/opt/homebrew/bin/git config --local --name-only --get-regexp core\.sshCommand
2026-05-05T03:33:13.8720740Z [command]/opt/homebrew/bin/git submodule foreach --recursive sh -c "git config --local --name-only --get-regexp 'core\.sshCommand' && git config --local --unset-all 'core.sshCommand' || :"
2026-05-05T03:33:13.9537060Z [command]/opt/homebrew/bin/git config --local --name-only --get-regexp http\.https\:\/\/github\.com\/\.extraheader
2026-05-05T03:33:13.9606590Z [command]/opt/homebrew/bin/git submodule foreach --recursive sh -c "git config --local --name-only --get-regexp 'http\.https\:\/\/github\.com\/\.extraheader' && git config --local --unset-all 'http.https://github.com/.extraheader' || :"
2026-05-05T03:33:14.0374690Z [command]/opt/homebrew/bin/git config --local --name-only --get-regexp ^includeIf\.gitdir:
2026-05-05T03:33:14.0434830Z [command]/opt/homebrew/bin/git submodule foreach --recursive git config --local --show-origin --name-only --get-regexp remote.origin.url
2026-05-05T03:33:14.1270650Z [command]/opt/homebrew/bin/git config --local http.https://github.com/.extraheader AUTHORIZATION: basic ***
2026-05-05T03:33:14.1385540Z ##[endgroup]
2026-05-05T03:33:14.1418060Z ##[group]Fetching the repository
2026-05-05T03:33:14.1422980Z [command]/opt/homebrew/bin/git -c protocol.version=2 fetch --no-tags --prune --no-recurse-submodules --depth=1 origin +f8d61dcb25cb1310f3c30d12af9a1fb020650449:refs/remotes/origin/os-expansion-experiment
2026-05-05T03:33:14.8203040Z From https://github.com/sreeya12/jjwt
2026-05-05T03:33:14.8204150Z  * [new ref]         f8d61dcb25cb1310f3c30d12af9a1fb020650449 -> origin/os-expansion-experiment
2026-05-05T03:33:14.8280260Z ##[endgroup]
2026-05-05T03:33:14.8281100Z ##[group]Determining the checkout info
2026-05-05T03:33:14.8282120Z ##[endgroup]
2026-05-05T03:33:14.8284670Z [command]/opt/homebrew/bin/git sparse-checkout disable
2026-05-05T03:33:14.8352470Z [command]/opt/homebrew/bin/git config --local --unset-all extensions.worktreeConfig
2026-05-05T03:33:14.8413290Z ##[group]Checking out the ref
2026-05-05T03:33:14.8415510Z [command]/opt/homebrew/bin/git checkout --progress --force -B os-expansion-experiment refs/remotes/origin/os-expansion-experiment
2026-05-05T03:33:14.9193760Z Switched to a new branch 'os-expansion-experiment'
2026-05-05T03:33:14.9201070Z branch 'os-expansion-experiment' set up to track 'origin/os-expansion-experiment'.
2026-05-05T03:33:14.9284660Z ##[endgroup]
2026-05-05T03:33:14.9398340Z [command]/opt/homebrew/bin/git log -1 --format=%H
2026-05-05T03:33:14.9400750Z f8d61dcb25cb1310f3c30d12af9a1fb020650449
2026-05-05T03:33:14.9764920Z ##[group]Run actions/setup-java@v4
2026-05-05T03:33:14.9765980Z with:
2026-05-05T03:33:14.9766580Z   java-version: 11
2026-05-05T03:33:14.9767200Z   distribution: temurin
2026-05-05T03:33:14.9767870Z   cache: maven
2026-05-05T03:33:14.9768430Z   check-latest: true
2026-05-05T03:33:14.9769240Z   java-package: jdk
2026-05-05T03:33:14.9769920Z   server-id: github
2026-05-05T03:33:14.9770570Z   server-username: GITHUB_ACTOR
2026-05-05T03:33:14.9771330Z   server-password: GITHUB_TOKEN
2026-05-05T03:33:14.9772100Z   overwrite-settings: true
2026-05-05T03:33:14.9772770Z   job-status: success
2026-05-05T03:33:14.9774710Z   token: ***
2026-05-05T03:33:14.9775280Z env:
2026-05-05T03:33:14.9775880Z   MVN_CMD: ./mvnw --no-transfer-progress -B
2026-05-05T03:33:14.9776650Z ##[endgroup]
2026-05-05T03:33:15.1607130Z ##[group]Installed distributions
2026-05-05T03:33:15.1646010Z Trying to resolve the latest version from remote
2026-05-05T03:33:15.5092100Z Resolved latest version as 11.0.31+11
2026-05-05T03:33:15.5093030Z Trying to download...
2026-05-05T03:33:15.5094350Z Downloading Java 11.0.31+11 (Temurin-Hotspot) from https://github.com/adoptium/temurin11-binaries/releases/download/jdk-11.0.31%2B11/OpenJDK11U-jdk_aarch64_mac_hotspot_11.0.31_11.tar.gz ...
2026-05-05T03:33:16.8378320Z Extracting Java archive...
2026-05-05T03:33:16.8510310Z [command]/usr/bin/tar xz -C /Users/runner/work/_temp/4dfe48db-8235-49ab-b688-a77d6d7e2e99 -f /Users/runner/work/_temp/347fc5b3-718c-45d8-9972-892fb2dc4874
2026-05-05T03:33:18.6855370Z Java 11.0.31+11 was downloaded
2026-05-05T03:33:18.6856040Z Setting Java 11.0.31+11 as the default
2026-05-05T03:33:18.6870030Z Creating toolchains.xml for JDK version 11 from temurin
2026-05-05T03:33:18.6927940Z Writing to /Users/runner/.m2/toolchains.xml
2026-05-05T03:33:18.6929780Z 
2026-05-05T03:33:18.6930110Z Java configuration:
2026-05-05T03:33:18.6930360Z   Distribution: temurin
2026-05-05T03:33:18.6930590Z   Version: 11.0.31+11
2026-05-05T03:33:18.6931180Z   Path: /Users/runner/hostedtoolcache/Java_Temurin-Hotspot_jdk/11.0.31-11/arm64/Contents/Home
2026-05-05T03:33:18.6931580Z 
2026-05-05T03:33:18.6932030Z ##[endgroup]
2026-05-05T03:33:18.6961680Z Creating settings.xml with server-id: github
2026-05-05T03:33:18.6962080Z Writing to /Users/runner/.m2/settings.xml
2026-05-05T03:33:19.0205330Z Cache hit for: setup-java-macOS-arm64-maven-c04a3f9a59846a2cc40572d973c0ee0010373c2502ff289fe0b70f68bbdc1ef8
2026-05-05T03:33:20.3385020Z Received 0 of 19116892 (0.0%), 0.0 MBs/sec
2026-05-05T03:33:20.8707660Z Received 19116892 of 19116892 (100.0%), 11.9 MBs/sec
2026-05-05T03:33:20.8731760Z Cache Size: ~18 MB (19116892 B)
2026-05-05T03:33:20.8801040Z [command]/opt/homebrew/bin/gtar -xf /Users/runner/work/_temp/c29d3a5f-6d7f-4063-8b64-086d48c79357/cache.tzst -P -C /Users/runner/work/jjwt/jjwt --delay-directory-restore --use-compress-program unzstd
2026-05-05T03:33:21.0945240Z Cache restored successfully
2026-05-05T03:33:21.0956990Z Cache restored from key: setup-java-macOS-arm64-maven-c04a3f9a59846a2cc40572d973c0ee0010373c2502ff289fe0b70f68bbdc1ef8
2026-05-05T03:33:21.1110720Z ##[group]Run sudo apt-get install -y softhsm2
2026-05-05T03:33:21.1111120Z [36;1msudo apt-get install -y softhsm2[0m
2026-05-05T03:33:21.1158790Z shell: /bin/bash -e {0}
2026-05-05T03:33:21.1159020Z env:
2026-05-05T03:33:21.1159340Z   MVN_CMD: ./mvnw --no-transfer-progress -B
2026-05-05T03:33:21.1159830Z   JAVA_HOME: /Users/runner/hostedtoolcache/Java_Temurin-Hotspot_jdk/11.0.31-11/arm64/Contents/Home
2026-05-05T03:33:21.1163390Z   JAVA_HOME_11_ARM64: /Users/runner/hostedtoolcache/Java_Temurin-Hotspot_jdk/11.0.31-11/arm64/Contents/Home
2026-05-05T03:33:21.1163910Z ##[endgroup]
2026-05-05T03:33:21.1871990Z sudo: apt-get: command not found
2026-05-05T03:33:21.1885920Z ##[error]Process completed with exit code 1.
2026-05-05T03:33:21.1994320Z Post job cleanup.
2026-05-05T03:33:21.3614490Z Post job cleanup.
2026-05-05T03:33:21.4592000Z [command]/opt/homebrew/bin/git version
2026-05-05T03:33:21.4667870Z git version 2.54.0
2026-05-05T03:33:21.4690690Z Copying '/Users/runner/.gitconfig' to '/Users/runner/work/_temp/0b485127-0213-403d-be75-75005117b09d/.gitconfig'
2026-05-05T03:33:21.4698860Z Temporarily overriding HOME='/Users/runner/work/_temp/0b485127-0213-403d-be75-75005117b09d' before making global git config changes
2026-05-05T03:33:21.4699580Z Adding repository directory to the temporary git global config as a safe directory
2026-05-05T03:33:21.4707260Z [command]/opt/homebrew/bin/git config --global --add safe.directory /Users/runner/work/jjwt/jjwt
2026-05-05T03:33:21.4772460Z [command]/opt/homebrew/bin/git config --local --name-only --get-regexp core\.sshCommand
2026-05-05T03:33:21.4878860Z [command]/opt/homebrew/bin/git submodule foreach --recursive sh -c "git config --local --name-only --get-regexp 'core\.sshCommand' && git config --local --unset-all 'core.sshCommand' || :"
2026-05-05T03:33:21.5674980Z [command]/opt/homebrew/bin/git config --local --name-only --get-regexp http\.https\:\/\/github\.com\/\.extraheader
2026-05-05T03:33:21.5732560Z http.https://github.com/.extraheader
2026-05-05T03:33:21.5749580Z [command]/opt/homebrew/bin/git config --local --unset-all http.https://github.com/.extraheader
2026-05-05T03:33:21.5830520Z [command]/opt/homebrew/bin/git submodule foreach --recursive sh -c "git config --local --name-only --get-regexp 'http\.https\:\/\/github\.com\/\.extraheader' && git config --local --unset-all 'http.https://github.com/.extraheader' || :"
2026-05-05T03:33:21.6562300Z [command]/opt/homebrew/bin/git config --local --name-only --get-regexp ^includeIf\.gitdir:
2026-05-05T03:33:21.6644310Z [command]/opt/homebrew/bin/git submodule foreach --recursive git config --local --show-origin --name-only --get-regexp remote.origin.url
2026-05-05T03:33:21.7526190Z Cleaning up orphan processes
2026-05-05T03:33:21.7776710Z ##[warning]Node.js 20 actions are deprecated. The following actions are running on Node.js 20 and may not work as expected: actions/checkout@v4, actions/setup-java@v4. Actions will be forced to run with Node.js 24 by default starting June 2nd, 2026. Node.js 20 will be removed from the runner on September 16th, 2026. Please check if updated versions of these actions are available that support Node.js 24. To opt into Node.js 24 now, set the FORCE_JAVASCRIPT_ACTIONS_TO_NODE24=true environment variable on the runner or in your workflow file. Once Node.js 24 becomes the default, you can temporarily opt out by setting ACTIONS_ALLOW_USE_UNSECURE_NODE_VERSION=true. For more information see: https://github.blog/changelog/2025-09-19-deprecation-of-node-20-on-github-actions-runners/
