ï»¿2026-05-04T07:41:46.9003330Z Current runner version: '2.334.0'
2026-05-04T07:41:46.9016260Z ##[group]Runner Image Provisioner
2026-05-04T07:41:46.9016720Z Hosted Compute Agent
2026-05-04T07:41:46.9017060Z Version: 20260422.526
2026-05-04T07:41:46.9017420Z Commit: e1a9e573f4d0838b3a7c1b07401aeb29ed3635a9
2026-05-04T07:41:46.9017850Z Build Date: 2026-04-22T09:31:31Z
2026-05-04T07:41:46.9018250Z Worker ID: {3c83f514-a74c-4b12-bfaf-591812df34b8}
2026-05-04T07:41:46.9018670Z Azure Region: westus
2026-05-04T07:41:46.9018990Z ##[endgroup]
2026-05-04T07:41:46.9019740Z ##[group]Operating System
2026-05-04T07:41:46.9020080Z macOS
2026-05-04T07:41:46.9020340Z 15.7.4
2026-05-04T07:41:46.9020600Z 24G517
2026-05-04T07:41:46.9020870Z ##[endgroup]
2026-05-04T07:41:46.9021150Z ##[group]Runner Image
2026-05-04T07:41:46.9021460Z Image: macos-15-arm64
2026-05-04T07:41:46.9021760Z Version: 20260427.0018.1
2026-05-04T07:41:46.9022470Z Included Software: https://github.com/actions/runner-images/blob/macos-15-arm64/20260427.0018/images/macos/macos-15-arm64-Readme.md
2026-05-04T07:41:46.9023370Z Image Release: https://github.com/actions/runner-images/releases/tag/macos-15-arm64%2F20260427.0018
2026-05-04T07:41:46.9023920Z ##[endgroup]
2026-05-04T07:41:46.9024550Z ##[group]GITHUB_TOKEN Permissions
2026-05-04T07:41:46.9025390Z Contents: read
2026-05-04T07:41:46.9025680Z Metadata: read
2026-05-04T07:41:46.9025960Z Packages: read
2026-05-04T07:41:46.9026250Z ##[endgroup]
2026-05-04T07:41:46.9027330Z Secret source: Actions
2026-05-04T07:41:46.9027680Z Prepare workflow directory
2026-05-04T07:41:46.9316580Z Prepare all required actions
2026-05-04T07:41:46.9341120Z Getting action download info
2026-05-04T07:41:47.3748910Z Download action repository 'actions/checkout@v4' (SHA:34e114876b0b11c390a56381ad16ebd13914f8d5)
2026-05-04T07:41:47.5614900Z Download action repository 'actions/setup-java@v4' (SHA:c1e323688fd81a25caa38c78aa6df2d33d3e20d9)
2026-05-04T07:41:48.8297980Z Complete job name: jdk-9-zulu
2026-05-04T07:41:48.8643930Z ##[group]Run actions/checkout@v4
2026-05-04T07:41:48.8644440Z with:
2026-05-04T07:41:48.8644710Z   repository: sreeya12/jjwt
2026-05-04T07:41:48.8645130Z   token: ***
2026-05-04T07:41:48.8645390Z   ssh-strict: true
2026-05-04T07:41:48.8645660Z   ssh-user: git
2026-05-04T07:41:48.8645940Z   persist-credentials: true
2026-05-04T07:41:48.8646250Z   clean: true
2026-05-04T07:41:48.8646540Z   sparse-checkout-cone-mode: true
2026-05-04T07:41:48.8646870Z   fetch-depth: 1
2026-05-04T07:41:48.8647150Z   fetch-tags: false
2026-05-04T07:41:48.8647440Z   show-progress: true
2026-05-04T07:41:48.8647740Z   lfs: false
2026-05-04T07:41:48.8648030Z   submodules: false
2026-05-04T07:41:48.8648400Z   set-safe-directory: true
2026-05-04T07:41:48.8648920Z env:
2026-05-04T07:41:48.8649230Z   MVN_CMD: ./mvnw --no-transfer-progress -B
2026-05-04T07:41:48.8649610Z   JDK_MAJOR_VERSION: 9
2026-05-04T07:41:48.8649910Z ##[endgroup]
2026-05-04T07:41:49.1368470Z Syncing repository: sreeya12/jjwt
2026-05-04T07:41:49.1370790Z ##[group]Getting Git version info
2026-05-04T07:41:49.1371540Z Working directory is '/Users/runner/work/jjwt/jjwt'
2026-05-04T07:41:49.1373470Z [command]/opt/homebrew/bin/git version
2026-05-04T07:41:49.1887680Z git version 2.54.0
2026-05-04T07:41:49.1912690Z ##[endgroup]
2026-05-04T07:41:49.1918700Z Copying '/Users/runner/.gitconfig' to '/Users/runner/work/_temp/b3e107ea-843d-4bbb-89d5-4b2c07f759ae/.gitconfig'
2026-05-04T07:41:49.1930140Z Temporarily overriding HOME='/Users/runner/work/_temp/b3e107ea-843d-4bbb-89d5-4b2c07f759ae' before making global git config changes
2026-05-04T07:41:49.1931180Z Adding repository directory to the temporary git global config as a safe directory
2026-05-04T07:41:49.1933250Z [command]/opt/homebrew/bin/git config --global --add safe.directory /Users/runner/work/jjwt/jjwt
2026-05-04T07:41:49.2024180Z Deleting the contents of '/Users/runner/work/jjwt/jjwt'
2026-05-04T07:41:49.2026440Z ##[group]Initializing the repository
2026-05-04T07:41:49.2030420Z [command]/opt/homebrew/bin/git init /Users/runner/work/jjwt/jjwt
2026-05-04T07:41:49.2528330Z hint: Using 'master' as the name for the initial branch. This default branch name
2026-05-04T07:41:49.2529830Z hint: will change to "main" in Git 3.0. To configure the initial branch name
2026-05-04T07:41:49.2530880Z hint: to use in all of your new repositories, which will suppress this warning,
2026-05-04T07:41:49.2531450Z hint: call:
2026-05-04T07:41:49.2531810Z hint:
2026-05-04T07:41:49.2532230Z hint: 	git config --global init.defaultBranch <name>
2026-05-04T07:41:49.2532680Z hint:
2026-05-04T07:41:49.2533110Z hint: Names commonly chosen instead of 'master' are 'main', 'trunk' and
2026-05-04T07:41:49.2533820Z hint: 'development'. The just-created branch can be renamed via this command:
2026-05-04T07:41:49.2534380Z hint:
2026-05-04T07:41:49.2534690Z hint: 	git branch -m <name>
2026-05-04T07:41:49.2535030Z hint:
2026-05-04T07:41:49.2535500Z hint: Disable this message with "git config set advice.defaultBranchName false"
2026-05-04T07:41:49.2536270Z Initialized empty Git repository in /Users/runner/work/jjwt/jjwt/.git/
2026-05-04T07:41:49.2537820Z [command]/opt/homebrew/bin/git remote add origin https://github.com/sreeya12/jjwt
2026-05-04T07:41:49.2603800Z ##[endgroup]
2026-05-04T07:41:49.2604430Z ##[group]Disabling automatic garbage collection
2026-05-04T07:41:49.2605590Z [command]/opt/homebrew/bin/git config --local gc.auto 0
2026-05-04T07:41:49.2654980Z ##[endgroup]
2026-05-04T07:41:49.2655500Z ##[group]Setting up auth
2026-05-04T07:41:49.2659920Z [command]/opt/homebrew/bin/git config --local --name-only --get-regexp core\.sshCommand
2026-05-04T07:41:49.2726390Z [command]/opt/homebrew/bin/git submodule foreach --recursive sh -c "git config --local --name-only --get-regexp 'core\.sshCommand' && git config --local --unset-all 'core.sshCommand' || :"
2026-05-04T07:41:49.3540500Z [command]/opt/homebrew/bin/git config --local --name-only --get-regexp http\.https\:\/\/github\.com\/\.extraheader
2026-05-04T07:41:49.3610260Z [command]/opt/homebrew/bin/git submodule foreach --recursive sh -c "git config --local --name-only --get-regexp 'http\.https\:\/\/github\.com\/\.extraheader' && git config --local --unset-all 'http.https://github.com/.extraheader' || :"
2026-05-04T07:41:49.4222670Z [command]/opt/homebrew/bin/git config --local --name-only --get-regexp ^includeIf\.gitdir:
2026-05-04T07:41:49.4269510Z [command]/opt/homebrew/bin/git submodule foreach --recursive git config --local --show-origin --name-only --get-regexp remote.origin.url
2026-05-04T07:41:49.4861690Z [command]/opt/homebrew/bin/git config --local http.https://github.com/.extraheader AUTHORIZATION: basic ***
2026-05-04T07:41:49.4912620Z ##[endgroup]
2026-05-04T07:41:49.4913370Z ##[group]Fetching the repository
2026-05-04T07:41:49.4917680Z [command]/opt/homebrew/bin/git -c protocol.version=2 fetch --no-tags --prune --no-recurse-submodules --depth=1 origin +f8d61dcb25cb1310f3c30d12af9a1fb020650449:refs/remotes/origin/os-expansion-experiment
2026-05-04T07:41:50.2935590Z From https://github.com/sreeya12/jjwt
2026-05-04T07:41:50.2936790Z  * [new ref]         f8d61dcb25cb1310f3c30d12af9a1fb020650449 -> origin/os-expansion-experiment
2026-05-04T07:41:50.3004870Z ##[endgroup]
2026-05-04T07:41:50.3005600Z ##[group]Determining the checkout info
2026-05-04T07:41:50.3006390Z ##[endgroup]
2026-05-04T07:41:50.3007820Z [command]/opt/homebrew/bin/git sparse-checkout disable
2026-05-04T07:41:50.3067810Z [command]/opt/homebrew/bin/git config --local --unset-all extensions.worktreeConfig
2026-05-04T07:41:50.3113900Z ##[group]Checking out the ref
2026-05-04T07:41:50.3130150Z [command]/opt/homebrew/bin/git checkout --progress --force -B os-expansion-experiment refs/remotes/origin/os-expansion-experiment
2026-05-04T07:41:50.3802180Z Switched to a new branch 'os-expansion-experiment'
2026-05-04T07:41:50.3804930Z branch 'os-expansion-experiment' set up to track 'origin/os-expansion-experiment'.
2026-05-04T07:41:50.3810120Z ##[endgroup]
2026-05-04T07:41:50.3881910Z [command]/opt/homebrew/bin/git log -1 --format=%H
2026-05-04T07:41:50.3931980Z f8d61dcb25cb1310f3c30d12af9a1fb020650449
2026-05-04T07:41:50.4181960Z ##[group]Run actions/setup-java@v4
2026-05-04T07:41:50.4182650Z with:
2026-05-04T07:41:50.4183110Z   java-version: 9
2026-05-04T07:41:50.4183630Z   distribution: zulu
2026-05-04T07:41:50.4184170Z   cache: maven
2026-05-04T07:41:50.4184650Z   check-latest: true
2026-05-04T07:41:50.4185180Z   java-package: jdk
2026-05-04T07:41:50.4185680Z   server-id: github
2026-05-04T07:41:50.4186240Z   server-username: GITHUB_ACTOR
2026-05-04T07:41:50.4186880Z   server-password: GITHUB_TOKEN
2026-05-04T07:41:50.4187500Z   overwrite-settings: true
2026-05-04T07:41:50.4188070Z   job-status: success
2026-05-04T07:41:50.4188750Z   token: ***
2026-05-04T07:41:50.4189190Z env:
2026-05-04T07:41:50.4189780Z   MVN_CMD: ./mvnw --no-transfer-progress -B
2026-05-04T07:41:50.4190490Z   JDK_MAJOR_VERSION: 9
2026-05-04T07:41:50.4191020Z ##[endgroup]
2026-05-04T07:41:50.5845220Z ##[group]Installed distributions
2026-05-04T07:41:50.5860420Z Trying to resolve the latest version from remote
2026-05-04T07:41:50.6985270Z ##[error]Could not find satisfied version for semver 9. 
Available versions: 26.0.1+8, 26.0.0+35, 25.0.3+9, 25.0.2+10, 25.0.0+36, 24.0.2+12, 24.0.2+12, 23.0.2+7, 23.0.2+7, 22.0.2+9, 22.0.2+9, 21.0.11+10, 21.0.10+7, 21.0.1+12, 20.0.2+9, 19.0.2+7, 18.0.2+1, 17.0.19+10, 17.0.18+8, 17.0.3+7, 16.0.2+7, 15.0.10+5, 13.0.14+5, 11.0.31+11, 11.0.15+10, 8.0.492+9, 8.0.332+9, 26.0.0+35, 25.0.2+10, 25.0.2+10, 25.0.2+10, 25.0.1+8, 25.0.1+8, 25.0.0+36, 24.0.1+9, 24.0.1+9, 24.0.0+36, 24.0.0+36, 23.0.1+11, 23.0.1+11, 23.0.0+37, 23.0.0+37, 22.0.2+9, 22.0.1+8, 22.0.1+8, 22.0.0+36, 22.0.0+36, 21.0.10+7, 21.0.10+7, 21.0.10+7, 21.0.9+10, 21.0.9+10, 21.0.8+9, 21.0.8+9, 21.0.7+6, 21.0.7+6, 21.0.6+7, 21.0.6+7, 21.0.5+11, 21.0.5+11, 21.0.4+7, 21.0.4+7, 21.0.3+9, 21.0.3+9, 21.0.2+13, 21.0.2+13, 21.0.0+35, 20.0.1+9, 20.0.0+36, 19.0.1+10, 19.0.0+36, 18.0.2+9, 18.0.1+10, 18.0.0+37, 17.0.18+8, 17.0.18+8, 17.0.18+8, 17.0.17+10, 17.0.17+10, 17.0.16+8, 17.0.16+8, 17.0.15+6, 17.0.15+6, 17.0.14+7, 17.0.14+7, 17.0.13+11, 17.0.13+11, 17.0.12+7, 17.0.12+7, 17.0.11+9, 17.0.11+9, 17.0.10+7, 17.0.10+7, 17.0.9+8, 17.0.8+1, 17.0.8+7, 17.0.7+7, 17.0.6+10, 17.0.5+8, 17.0.4+1, 17.0.4+8, 17.0.2+8, 17.0.1+12, 17.0.0+35, 16.0.1+9, 16.0.1+9, 16.0.0+36, 15.0.9+5, 15.0.8+4, 15.0.7+4, 15.0.6+5, 15.0.5+3, 15.0.4+5, 15.0.3+3, 15.0.2+7, 15.0.1+9, 15.0.1+9, 13.0.13+5, 13.0.12+4, 13.0.11+4, 13.0.10+5, 13.0.9+3, 13.0.8+5, 13.0.7+5, 13.0.6+5, 13.0.5+1, 13.0.5+1, 13.0.5+1, 11.0.30+7, 11.0.30+7, 11.0.29+7, 11.0.28+6, 11.0.27+6, 11.0.26+4, 11.0.25+9, 11.0.24+8, 11.0.23+9, 11.0.22+7, 11.0.21+9, 11.0.20+1, 11.0.20+8, 11.0.19+7, 11.0.18+10, 11.0.17+8, 11.0.16+1, 11.0.16+8, 11.0.14+1, 11.0.14+9, 11.0.13+8, 11.0.12+7, 11.0.11+9, 11.0.10+9, 11.0.9+1, 11.0.9+1, 11.0.9+1, 8.0.482+8, 8.0.482+8, 8.0.472+8, 8.0.462+8, 8.0.452+9, 8.0.442+6, 8.0.432+6, 8.0.422+5, 8.0.412+8, 8.0.402+6, 8.0.392+8, 8.0.382+5, 8.0.372+7, 8.0.362+9, 8.0.362+8, 8.0.352+8, 8.0.345+1, 8.0.342+7, 8.0.322+6, 8.0.312+7, 8.0.302+8, 8.0.292+10, 8.0.282+8, 8.0.275+1
2026-05-04T07:41:50.7165790Z Post job cleanup.
2026-05-04T07:41:50.8500510Z Post job cleanup.
2026-05-04T07:41:50.9223290Z [command]/opt/homebrew/bin/git version
2026-05-04T07:41:50.9273490Z git version 2.54.0
2026-05-04T07:41:50.9292200Z Copying '/Users/runner/.gitconfig' to '/Users/runner/work/_temp/4b984fee-f668-4b58-84f8-8e678ae88d76/.gitconfig'
2026-05-04T07:41:50.9299110Z Temporarily overriding HOME='/Users/runner/work/_temp/4b984fee-f668-4b58-84f8-8e678ae88d76' before making global git config changes
2026-05-04T07:41:50.9300930Z Adding repository directory to the temporary git global config as a safe directory
2026-05-04T07:41:50.9306040Z [command]/opt/homebrew/bin/git config --global --add safe.directory /Users/runner/work/jjwt/jjwt
2026-05-04T07:41:50.9360160Z [command]/opt/homebrew/bin/git config --local --name-only --get-regexp core\.sshCommand
2026-05-04T07:41:50.9412940Z [command]/opt/homebrew/bin/git submodule foreach --recursive sh -c "git config --local --name-only --get-regexp 'core\.sshCommand' && git config --local --unset-all 'core.sshCommand' || :"
2026-05-04T07:41:50.9973160Z [command]/opt/homebrew/bin/git config --local --name-only --get-regexp http\.https\:\/\/github\.com\/\.extraheader
2026-05-04T07:41:51.0011910Z http.https://github.com/.extraheader
2026-05-04T07:41:51.0019050Z [command]/opt/homebrew/bin/git config --local --unset-all http.https://github.com/.extraheader
2026-05-04T07:41:51.0066440Z [command]/opt/homebrew/bin/git submodule foreach --recursive sh -c "git config --local --name-only --get-regexp 'http\.https\:\/\/github\.com\/\.extraheader' && git config --local --unset-all 'http.https://github.com/.extraheader' || :"
2026-05-04T07:41:51.0612860Z [command]/opt/homebrew/bin/git config --local --name-only --get-regexp ^includeIf\.gitdir:
2026-05-04T07:41:51.0668710Z [command]/opt/homebrew/bin/git submodule foreach --recursive git config --local --show-origin --name-only --get-regexp remote.origin.url
2026-05-04T07:41:51.1304870Z Cleaning up orphan processes
2026-05-04T07:41:51.1379620Z ##[warning]Node.js 20 actions are deprecated. The following actions are running on Node.js 20 and may not work as expected: actions/checkout@v4, actions/setup-java@v4. Actions will be forced to run with Node.js 24 by default starting June 2nd, 2026. Node.js 20 will be removed from the runner on September 16th, 2026. Please check if updated versions of these actions are available that support Node.js 24. To opt into Node.js 24 now, set the FORCE_JAVASCRIPT_ACTIONS_TO_NODE24=true environment variable on the runner or in your workflow file. Once Node.js 24 becomes the default, you can temporarily opt out by setting ACTIONS_ALLOW_USE_UNSECURE_NODE_VERSION=true. For more information see: https://github.blog/changelog/2025-09-19-deprecation-of-node-20-on-github-actions-runners/
