2026-05-04T07:22:40.0840870Z Current runner version: '2.334.0'
2026-05-04T07:22:40.0855850Z ##[group]Runner Image Provisioner
2026-05-04T07:22:40.0856370Z Hosted Compute Agent
2026-05-04T07:22:40.0856730Z Version: 20260422.526
2026-05-04T07:22:40.0857120Z Commit: e1a9e573f4d0838b3a7c1b07401aeb29ed3635a9
2026-05-04T07:22:40.0857560Z Build Date: 2026-04-22T09:31:31Z
2026-05-04T07:22:40.0858950Z Worker ID: {6b98fd39-4692-4665-96bb-a7d3c940f95e}
2026-05-04T07:22:40.0859410Z Azure Region: westus
2026-05-04T07:22:40.0859750Z ##[endgroup]
2026-05-04T07:22:40.0860640Z ##[group]Operating System
2026-05-04T07:22:40.0861010Z macOS
2026-05-04T07:22:40.0861290Z 15.7.4
2026-05-04T07:22:40.0861640Z 24G517
2026-05-04T07:22:40.0861970Z ##[endgroup]
2026-05-04T07:22:40.0862370Z ##[group]Runner Image
2026-05-04T07:22:40.0862720Z Image: macos-15-arm64
2026-05-04T07:22:40.0863060Z Version: 20260427.0018.1
2026-05-04T07:22:40.0863900Z Included Software: https://github.com/actions/runner-images/blob/macos-15-arm64/20260427.0018/images/macos/macos-15-arm64-Readme.md
2026-05-04T07:22:40.0864910Z Image Release: https://github.com/actions/runner-images/releases/tag/macos-15-arm64%2F20260427.0018
2026-05-04T07:22:40.0865530Z ##[endgroup]
2026-05-04T07:22:40.0866250Z ##[group]GITHUB_TOKEN Permissions
2026-05-04T07:22:40.0867390Z Contents: read
2026-05-04T07:22:40.0867710Z Metadata: read
2026-05-04T07:22:40.0868010Z Packages: read
2026-05-04T07:22:40.0868330Z ##[endgroup]
2026-05-04T07:22:40.0870030Z Secret source: Actions
2026-05-04T07:22:40.0870440Z Prepare workflow directory
2026-05-04T07:22:40.1397380Z Prepare all required actions
2026-05-04T07:22:40.1470320Z Getting action download info
2026-05-04T07:22:40.4981330Z Download action repository 'actions/checkout@v4' (SHA:34e114876b0b11c390a56381ad16ebd13914f8d5)
2026-05-04T07:22:40.8064340Z Download action repository 'actions/setup-java@v4' (SHA:c1e323688fd81a25caa38c78aa6df2d33d3e20d9)
2026-05-04T07:22:42.0983810Z Complete job name: jdk-12-zulu
2026-05-04T07:22:42.1479690Z ##[group]Run actions/checkout@v4
2026-05-04T07:22:42.1480320Z with:
2026-05-04T07:22:42.1480650Z   repository: sreeya12/jjwt
2026-05-04T07:22:42.1481570Z   token: ***
2026-05-04T07:22:42.1481880Z   ssh-strict: true
2026-05-04T07:22:42.1482190Z   ssh-user: git
2026-05-04T07:22:42.1482510Z   persist-credentials: true
2026-05-04T07:22:42.1482860Z   clean: true
2026-05-04T07:22:42.1483180Z   sparse-checkout-cone-mode: true
2026-05-04T07:22:42.1483560Z   fetch-depth: 1
2026-05-04T07:22:42.1483870Z   fetch-tags: false
2026-05-04T07:22:42.1484180Z   show-progress: true
2026-05-04T07:22:42.1484510Z   lfs: false
2026-05-04T07:22:42.1484810Z   submodules: false
2026-05-04T07:22:42.1485140Z   set-safe-directory: true
2026-05-04T07:22:42.1485610Z env:
2026-05-04T07:22:42.1485940Z   MVN_CMD: ./mvnw --no-transfer-progress -B
2026-05-04T07:22:42.1486350Z   JDK_MAJOR_VERSION: 12
2026-05-04T07:22:42.1486670Z ##[endgroup]
2026-05-04T07:22:42.5388850Z Syncing repository: sreeya12/jjwt
2026-05-04T07:22:42.5390720Z ##[group]Getting Git version info
2026-05-04T07:22:42.5391240Z Working directory is '/Users/runner/work/jjwt/jjwt'
2026-05-04T07:22:42.5392140Z [command]/opt/homebrew/bin/git version
2026-05-04T07:22:42.5987210Z git version 2.54.0
2026-05-04T07:22:42.6263200Z ##[endgroup]
2026-05-04T07:22:42.6279030Z Copying '/Users/runner/.gitconfig' to '/Users/runner/work/_temp/c8619849-df62-4a27-87ea-191e144217f9/.gitconfig'
2026-05-04T07:22:42.6289960Z Temporarily overriding HOME='/Users/runner/work/_temp/c8619849-df62-4a27-87ea-191e144217f9' before making global git config changes
2026-05-04T07:22:42.6291970Z Adding repository directory to the temporary git global config as a safe directory
2026-05-04T07:22:42.6300190Z [command]/opt/homebrew/bin/git config --global --add safe.directory /Users/runner/work/jjwt/jjwt
2026-05-04T07:22:42.6440560Z Deleting the contents of '/Users/runner/work/jjwt/jjwt'
2026-05-04T07:22:42.6443930Z ##[group]Initializing the repository
2026-05-04T07:22:42.6447780Z [command]/opt/homebrew/bin/git init /Users/runner/work/jjwt/jjwt
2026-05-04T07:22:42.6790570Z hint: Using 'master' as the name for the initial branch. This default branch name
2026-05-04T07:22:42.6791630Z hint: will change to "main" in Git 3.0. To configure the initial branch name
2026-05-04T07:22:42.6792330Z hint: to use in all of your new repositories, which will suppress this warning,
2026-05-04T07:22:42.6792890Z hint: call:
2026-05-04T07:22:42.6793230Z hint:
2026-05-04T07:22:42.6793640Z hint: 	git config --global init.defaultBranch <name>
2026-05-04T07:22:42.6794090Z hint:
2026-05-04T07:22:42.6794550Z hint: Names commonly chosen instead of 'master' are 'main', 'trunk' and
2026-05-04T07:22:42.6795290Z hint: 'development'. The just-created branch can be renamed via this command:
2026-05-04T07:22:42.6795860Z hint:
2026-05-04T07:22:42.6796180Z hint: 	git branch -m <name>
2026-05-04T07:22:42.6796560Z hint:
2026-05-04T07:22:42.6797020Z hint: Disable this message with "git config set advice.defaultBranchName false"
2026-05-04T07:22:42.6798260Z Initialized empty Git repository in /Users/runner/work/jjwt/jjwt/.git/
2026-05-04T07:22:42.6809430Z [command]/opt/homebrew/bin/git remote add origin https://github.com/sreeya12/jjwt
2026-05-04T07:22:42.6983870Z ##[endgroup]
2026-05-04T07:22:42.6998480Z ##[group]Disabling automatic garbage collection
2026-05-04T07:22:42.7030680Z [command]/opt/homebrew/bin/git config --local gc.auto 0
2026-05-04T07:22:42.7079430Z ##[endgroup]
2026-05-04T07:22:42.7091830Z ##[group]Setting up auth
2026-05-04T07:22:42.7093650Z [command]/opt/homebrew/bin/git config --local --name-only --get-regexp core\.sshCommand
2026-05-04T07:22:42.7181400Z [command]/opt/homebrew/bin/git submodule foreach --recursive sh -c "git config --local --name-only --get-regexp 'core\.sshCommand' && git config --local --unset-all 'core.sshCommand' || :"
2026-05-04T07:22:42.8395800Z [command]/opt/homebrew/bin/git config --local --name-only --get-regexp http\.https\:\/\/github\.com\/\.extraheader
2026-05-04T07:22:42.8453730Z [command]/opt/homebrew/bin/git submodule foreach --recursive sh -c "git config --local --name-only --get-regexp 'http\.https\:\/\/github\.com\/\.extraheader' && git config --local --unset-all 'http.https://github.com/.extraheader' || :"
2026-05-04T07:22:42.9301390Z [command]/opt/homebrew/bin/git config --local --name-only --get-regexp ^includeIf\.gitdir:
2026-05-04T07:22:42.9377410Z [command]/opt/homebrew/bin/git submodule foreach --recursive git config --local --show-origin --name-only --get-regexp remote.origin.url
2026-05-04T07:22:43.0420310Z [command]/opt/homebrew/bin/git config --local http.https://github.com/.extraheader AUTHORIZATION: basic ***
2026-05-04T07:22:43.0532290Z ##[endgroup]
2026-05-04T07:22:43.0534430Z ##[group]Fetching the repository
2026-05-04T07:22:43.0539200Z [command]/opt/homebrew/bin/git -c protocol.version=2 fetch --no-tags --prune --no-recurse-submodules --depth=1 origin +f8d61dcb25cb1310f3c30d12af9a1fb020650449:refs/remotes/origin/os-expansion-experiment
2026-05-04T07:22:44.1163060Z From https://github.com/sreeya12/jjwt
2026-05-04T07:22:44.1164010Z  * [new ref]         f8d61dcb25cb1310f3c30d12af9a1fb020650449 -> origin/os-expansion-experiment
2026-05-04T07:22:44.1291430Z ##[endgroup]
2026-05-04T07:22:44.1291980Z ##[group]Determining the checkout info
2026-05-04T07:22:44.1293040Z ##[endgroup]
2026-05-04T07:22:44.1302250Z [command]/opt/homebrew/bin/git sparse-checkout disable
2026-05-04T07:22:44.1402710Z [command]/opt/homebrew/bin/git config --local --unset-all extensions.worktreeConfig
2026-05-04T07:22:44.1507270Z ##[group]Checking out the ref
2026-05-04T07:22:44.1509050Z [command]/opt/homebrew/bin/git checkout --progress --force -B os-expansion-experiment refs/remotes/origin/os-expansion-experiment
2026-05-04T07:22:44.2661220Z Switched to a new branch 'os-expansion-experiment'
2026-05-04T07:22:44.2667470Z branch 'os-expansion-experiment' set up to track 'origin/os-expansion-experiment'.
2026-05-04T07:22:44.2670810Z ##[endgroup]
2026-05-04T07:22:44.2784940Z [command]/opt/homebrew/bin/git log -1 --format=%H
2026-05-04T07:22:44.2859720Z f8d61dcb25cb1310f3c30d12af9a1fb020650449
2026-05-04T07:22:44.3115060Z ##[group]Run actions/setup-java@v4
2026-05-04T07:22:44.3115350Z with:
2026-05-04T07:22:44.3115710Z   java-version: 12
2026-05-04T07:22:44.3116000Z   distribution: zulu
2026-05-04T07:22:44.3116240Z   cache: maven
2026-05-04T07:22:44.3116430Z   check-latest: true
2026-05-04T07:22:44.3116610Z   java-package: jdk
2026-05-04T07:22:44.3116790Z   server-id: github
2026-05-04T07:22:44.3116980Z   server-username: GITHUB_ACTOR
2026-05-04T07:22:44.3117210Z   server-password: GITHUB_TOKEN
2026-05-04T07:22:44.3117440Z   overwrite-settings: true
2026-05-04T07:22:44.3117660Z   job-status: success
2026-05-04T07:22:44.3117970Z   token: ***
2026-05-04T07:22:44.3118130Z env:
2026-05-04T07:22:44.3118320Z   MVN_CMD: ./mvnw --no-transfer-progress -B
2026-05-04T07:22:44.3118590Z   JDK_MAJOR_VERSION: 12
2026-05-04T07:22:44.3118810Z ##[endgroup]
2026-05-04T07:22:44.5111840Z ##[group]Installed distributions
2026-05-04T07:22:44.5129200Z Trying to resolve the latest version from remote
2026-05-04T07:22:44.6746510Z ##[error]Could not find satisfied version for semver 12. 
Available versions: 26.0.1+8, 26.0.0+35, 25.0.3+9, 25.0.2+10, 25.0.0+36, 24.0.2+12, 24.0.2+12, 23.0.2+7, 23.0.2+7, 22.0.2+9, 22.0.2+9, 21.0.11+10, 21.0.10+7, 21.0.1+12, 20.0.2+9, 19.0.2+7, 18.0.2+1, 17.0.19+10, 17.0.18+8, 17.0.3+7, 16.0.2+7, 15.0.10+5, 13.0.14+5, 11.0.31+11, 11.0.15+10, 8.0.492+9, 8.0.332+9, 26.0.0+35, 25.0.2+10, 25.0.2+10, 25.0.2+10, 25.0.1+8, 25.0.1+8, 25.0.0+36, 24.0.1+9, 24.0.1+9, 24.0.0+36, 24.0.0+36, 23.0.1+11, 23.0.1+11, 23.0.0+37, 23.0.0+37, 22.0.2+9, 22.0.1+8, 22.0.1+8, 22.0.0+36, 22.0.0+36, 21.0.10+7, 21.0.10+7, 21.0.10+7, 21.0.9+10, 21.0.9+10, 21.0.8+9, 21.0.8+9, 21.0.7+6, 21.0.7+6, 21.0.6+7, 21.0.6+7, 21.0.5+11, 21.0.5+11, 21.0.4+7, 21.0.4+7, 21.0.3+9, 21.0.3+9, 21.0.2+13, 21.0.2+13, 21.0.0+35, 20.0.1+9, 20.0.0+36, 19.0.1+10, 19.0.0+36, 18.0.2+9, 18.0.1+10, 18.0.0+37, 17.0.18+8, 17.0.18+8, 17.0.18+8, 17.0.17+10, 17.0.17+10, 17.0.16+8, 17.0.16+8, 17.0.15+6, 17.0.15+6, 17.0.14+7, 17.0.14+7, 17.0.13+11, 17.0.13+11, 17.0.12+7, 17.0.12+7, 17.0.11+9, 17.0.11+9, 17.0.10+7, 17.0.10+7, 17.0.9+8, 17.0.8+1, 17.0.8+7, 17.0.7+7, 17.0.6+10, 17.0.5+8, 17.0.4+1, 17.0.4+8, 17.0.2+8, 17.0.1+12, 17.0.0+35, 16.0.1+9, 16.0.1+9, 16.0.0+36, 15.0.9+5, 15.0.8+4, 15.0.7+4, 15.0.6+5, 15.0.5+3, 15.0.4+5, 15.0.3+3, 15.0.2+7, 15.0.1+9, 15.0.1+9, 13.0.13+5, 13.0.12+4, 13.0.11+4, 13.0.10+5, 13.0.9+3, 13.0.8+5, 13.0.7+5, 13.0.6+5, 13.0.5+1, 13.0.5+1, 13.0.5+1, 11.0.30+7, 11.0.30+7, 11.0.29+7, 11.0.28+6, 11.0.27+6, 11.0.26+4, 11.0.25+9, 11.0.24+8, 11.0.23+9, 11.0.22+7, 11.0.21+9, 11.0.20+1, 11.0.20+8, 11.0.19+7, 11.0.18+10, 11.0.17+8, 11.0.16+1, 11.0.16+8, 11.0.14+1, 11.0.14+9, 11.0.13+8, 11.0.12+7, 11.0.11+9, 11.0.10+9, 11.0.9+1, 11.0.9+1, 11.0.9+1, 8.0.482+8, 8.0.482+8, 8.0.472+8, 8.0.462+8, 8.0.452+9, 8.0.442+6, 8.0.432+6, 8.0.422+5, 8.0.412+8, 8.0.402+6, 8.0.392+8, 8.0.382+5, 8.0.372+7, 8.0.362+9, 8.0.362+8, 8.0.352+8, 8.0.345+1, 8.0.342+7, 8.0.322+6, 8.0.312+7, 8.0.302+8, 8.0.292+10, 8.0.282+8, 8.0.275+1
2026-05-04T07:22:44.6875330Z Post job cleanup.
2026-05-04T07:22:44.8501070Z Post job cleanup.
2026-05-04T07:22:44.9497940Z [command]/opt/homebrew/bin/git version
2026-05-04T07:22:44.9597540Z git version 2.54.0
2026-05-04T07:22:44.9941900Z Copying '/Users/runner/.gitconfig' to '/Users/runner/work/_temp/c2a3f76a-e16b-4809-8310-e715839db530/.gitconfig'
2026-05-04T07:22:44.9943950Z Temporarily overriding HOME='/Users/runner/work/_temp/c2a3f76a-e16b-4809-8310-e715839db530' before making global git config changes
2026-05-04T07:22:44.9945660Z Adding repository directory to the temporary git global config as a safe directory
2026-05-04T07:22:44.9947480Z [command]/opt/homebrew/bin/git config --global --add safe.directory /Users/runner/work/jjwt/jjwt
2026-05-04T07:22:44.9950560Z [command]/opt/homebrew/bin/git config --local --name-only --get-regexp core\.sshCommand
2026-05-04T07:22:44.9954320Z [command]/opt/homebrew/bin/git submodule foreach --recursive sh -c "git config --local --name-only --get-regexp 'core\.sshCommand' && git config --local --unset-all 'core.sshCommand' || :"
2026-05-04T07:22:45.0845930Z [command]/opt/homebrew/bin/git config --local --name-only --get-regexp http\.https\:\/\/github\.com\/\.extraheader
2026-05-04T07:22:45.0955100Z http.https://github.com/.extraheader
2026-05-04T07:22:45.0985260Z [command]/opt/homebrew/bin/git config --local --unset-all http.https://github.com/.extraheader
2026-05-04T07:22:45.1014780Z [command]/opt/homebrew/bin/git submodule foreach --recursive sh -c "git config --local --name-only --get-regexp 'http\.https\:\/\/github\.com\/\.extraheader' && git config --local --unset-all 'http.https://github.com/.extraheader' || :"
2026-05-04T07:22:45.2184230Z [command]/opt/homebrew/bin/git config --local --name-only --get-regexp ^includeIf\.gitdir:
2026-05-04T07:22:45.2489170Z [command]/opt/homebrew/bin/git submodule foreach --recursive git config --local --show-origin --name-only --get-regexp remote.origin.url
2026-05-04T07:22:45.3468560Z Cleaning up orphan processes
2026-05-04T07:22:45.3589510Z ##[warning]Node.js 20 actions are deprecated. The following actions are running on Node.js 20 and may not work as expected: actions/checkout@v4, actions/setup-java@v4. Actions will be forced to run with Node.js 24 by default starting June 2nd, 2026. Node.js 20 will be removed from the runner on September 16th, 2026. Please check if updated versions of these actions are available that support Node.js 24. To opt into Node.js 24 now, set the FORCE_JAVASCRIPT_ACTIONS_TO_NODE24=true environment variable on the runner or in your workflow file. Once Node.js 24 becomes the default, you can temporarily opt out by setting ACTIONS_ALLOW_USE_UNSECURE_NODE_VERSION=true. For more information see: https://github.blog/changelog/2025-09-19-deprecation-of-node-20-on-github-actions-runners/
