ï»¿2026-05-04T07:41:22.8569100Z Current runner version: '2.334.0'
2026-05-04T07:41:22.8583510Z ##[group]Runner Image Provisioner
2026-05-04T07:41:22.8584060Z Hosted Compute Agent
2026-05-04T07:41:22.8584460Z Version: 20260422.526
2026-05-04T07:41:22.8584900Z Commit: e1a9e573f4d0838b3a7c1b07401aeb29ed3635a9
2026-05-04T07:41:22.8585390Z Build Date: 2026-04-22T09:31:31Z
2026-05-04T07:41:22.8585860Z Worker ID: {73f1f9be-ab8c-4676-97e8-9ef42f4b39e6}
2026-05-04T07:41:22.8586340Z Azure Region: westus
2026-05-04T07:41:22.8586730Z ##[endgroup]
2026-05-04T07:41:22.8587570Z ##[group]Operating System
2026-05-04T07:41:22.8587970Z macOS
2026-05-04T07:41:22.8588320Z 15.7.4
2026-05-04T07:41:22.8588650Z 24G517
2026-05-04T07:41:22.8588980Z ##[endgroup]
2026-05-04T07:41:22.8589330Z ##[group]Runner Image
2026-05-04T07:41:22.8589720Z Image: macos-15-arm64
2026-05-04T07:41:22.8590110Z Version: 20260427.0018.1
2026-05-04T07:41:22.8590950Z Included Software: https://github.com/actions/runner-images/blob/macos-15-arm64/20260427.0018/images/macos/macos-15-arm64-Readme.md
2026-05-04T07:41:22.8591980Z Image Release: https://github.com/actions/runner-images/releases/tag/macos-15-arm64%2F20260427.0018
2026-05-04T07:41:22.8592630Z ##[endgroup]
2026-05-04T07:41:22.8593380Z ##[group]GITHUB_TOKEN Permissions
2026-05-04T07:41:22.8594550Z Contents: read
2026-05-04T07:41:22.8594900Z Metadata: read
2026-05-04T07:41:22.8595250Z Packages: read
2026-05-04T07:41:22.8595620Z ##[endgroup]
2026-05-04T07:41:22.8596890Z Secret source: Actions
2026-05-04T07:41:22.8597360Z Prepare workflow directory
2026-05-04T07:41:22.8858010Z Prepare all required actions
2026-05-04T07:41:22.8882720Z Getting action download info
2026-05-04T07:41:23.0757380Z Download action repository 'actions/checkout@v4' (SHA:34e114876b0b11c390a56381ad16ebd13914f8d5)
2026-05-04T07:41:23.4112760Z Download action repository 'actions/setup-java@v4' (SHA:c1e323688fd81a25caa38c78aa6df2d33d3e20d9)
2026-05-04T07:41:25.0754370Z Complete job name: jdk-8-temurin
2026-05-04T07:41:25.1190610Z ##[group]Run actions/checkout@v4
2026-05-04T07:41:25.1191210Z with:
2026-05-04T07:41:25.1191570Z   repository: sreeya12/jjwt
2026-05-04T07:41:25.1192090Z   token: ***
2026-05-04T07:41:25.1192440Z   ssh-strict: true
2026-05-04T07:41:25.1192800Z   ssh-user: git
2026-05-04T07:41:25.1193160Z   persist-credentials: true
2026-05-04T07:41:25.1193560Z   clean: true
2026-05-04T07:41:25.1193930Z   sparse-checkout-cone-mode: true
2026-05-04T07:41:25.1194430Z   fetch-depth: 1
2026-05-04T07:41:25.1194790Z   fetch-tags: false
2026-05-04T07:41:25.1195160Z   show-progress: true
2026-05-04T07:41:25.1195520Z   lfs: false
2026-05-04T07:41:25.1195880Z   submodules: false
2026-05-04T07:41:25.1196260Z   set-safe-directory: true
2026-05-04T07:41:25.1196870Z env:
2026-05-04T07:41:25.1197760Z   MVN_CMD: ./mvnw --no-transfer-progress -B
2026-05-04T07:41:25.1198380Z ##[endgroup]
2026-05-04T07:41:25.3690240Z Syncing repository: sreeya12/jjwt
2026-05-04T07:41:25.3691650Z ##[group]Getting Git version info
2026-05-04T07:41:25.3692270Z Working directory is '/Users/runner/work/jjwt/jjwt'
2026-05-04T07:41:25.3693120Z [command]/opt/homebrew/bin/git version
2026-05-04T07:41:25.4210190Z git version 2.54.0
2026-05-04T07:41:25.4232260Z ##[endgroup]
2026-05-04T07:41:25.4237900Z Copying '/Users/runner/.gitconfig' to '/Users/runner/work/_temp/dd942be4-1e19-4c7c-a499-5c2f6feb9403/.gitconfig'
2026-05-04T07:41:25.4244240Z Temporarily overriding HOME='/Users/runner/work/_temp/dd942be4-1e19-4c7c-a499-5c2f6feb9403' before making global git config changes
2026-05-04T07:41:25.4246130Z Adding repository directory to the temporary git global config as a safe directory
2026-05-04T07:41:25.4252130Z [command]/opt/homebrew/bin/git config --global --add safe.directory /Users/runner/work/jjwt/jjwt
2026-05-04T07:41:25.4336810Z Deleting the contents of '/Users/runner/work/jjwt/jjwt'
2026-05-04T07:41:25.4339860Z ##[group]Initializing the repository
2026-05-04T07:41:25.4343470Z [command]/opt/homebrew/bin/git init /Users/runner/work/jjwt/jjwt
2026-05-04T07:41:25.4501490Z hint: Using 'master' as the name for the initial branch. This default branch name
2026-05-04T07:41:25.4503240Z hint: will change to "main" in Git 3.0. To configure the initial branch name
2026-05-04T07:41:25.4504010Z hint: to use in all of your new repositories, which will suppress this warning,
2026-05-04T07:41:25.4504660Z hint: call:
2026-05-04T07:41:25.4505050Z hint:
2026-05-04T07:41:25.4505560Z hint: 	git config --global init.defaultBranch <name>
2026-05-04T07:41:25.4506090Z hint:
2026-05-04T07:41:25.4506590Z hint: Names commonly chosen instead of 'master' are 'main', 'trunk' and
2026-05-04T07:41:25.4507350Z hint: 'development'. The just-created branch can be renamed via this command:
2026-05-04T07:41:25.4507970Z hint:
2026-05-04T07:41:25.4508360Z hint: 	git branch -m <name>
2026-05-04T07:41:25.4508780Z hint:
2026-05-04T07:41:25.4509370Z hint: Disable this message with "git config set advice.defaultBranchName false"
2026-05-04T07:41:25.4510160Z Initialized empty Git repository in /Users/runner/work/jjwt/jjwt/.git/
2026-05-04T07:41:25.4511700Z [command]/opt/homebrew/bin/git remote add origin https://github.com/sreeya12/jjwt
2026-05-04T07:41:25.4570010Z ##[endgroup]
2026-05-04T07:41:25.4570770Z ##[group]Disabling automatic garbage collection
2026-05-04T07:41:25.4571400Z [command]/opt/homebrew/bin/git config --local gc.auto 0
2026-05-04T07:41:25.4625300Z ##[endgroup]
2026-05-04T07:41:25.4626070Z ##[group]Setting up auth
2026-05-04T07:41:25.4628670Z [command]/opt/homebrew/bin/git config --local --name-only --get-regexp core\.sshCommand
2026-05-04T07:41:25.4677420Z [command]/opt/homebrew/bin/git submodule foreach --recursive sh -c "git config --local --name-only --get-regexp 'core\.sshCommand' && git config --local --unset-all 'core.sshCommand' || :"
2026-05-04T07:41:25.5351260Z [command]/opt/homebrew/bin/git config --local --name-only --get-regexp http\.https\:\/\/github\.com\/\.extraheader
2026-05-04T07:41:25.5395790Z [command]/opt/homebrew/bin/git submodule foreach --recursive sh -c "git config --local --name-only --get-regexp 'http\.https\:\/\/github\.com\/\.extraheader' && git config --local --unset-all 'http.https://github.com/.extraheader' || :"
2026-05-04T07:41:25.5981450Z [command]/opt/homebrew/bin/git config --local --name-only --get-regexp ^includeIf\.gitdir:
2026-05-04T07:41:25.6039790Z [command]/opt/homebrew/bin/git submodule foreach --recursive git config --local --show-origin --name-only --get-regexp remote.origin.url
2026-05-04T07:41:25.6647160Z [command]/opt/homebrew/bin/git config --local http.https://github.com/.extraheader AUTHORIZATION: basic ***
2026-05-04T07:41:25.6696160Z ##[endgroup]
2026-05-04T07:41:25.6696860Z ##[group]Fetching the repository
2026-05-04T07:41:25.6701030Z [command]/opt/homebrew/bin/git -c protocol.version=2 fetch --no-tags --prune --no-recurse-submodules --depth=1 origin +f8d61dcb25cb1310f3c30d12af9a1fb020650449:refs/remotes/origin/os-expansion-experiment
2026-05-04T07:41:26.6165260Z From https://github.com/sreeya12/jjwt
2026-05-04T07:41:26.6167330Z  * [new ref]         f8d61dcb25cb1310f3c30d12af9a1fb020650449 -> origin/os-expansion-experiment
2026-05-04T07:41:26.6239680Z ##[endgroup]
2026-05-04T07:41:26.6240620Z ##[group]Determining the checkout info
2026-05-04T07:41:26.6241610Z ##[endgroup]
2026-05-04T07:41:26.6242340Z [command]/opt/homebrew/bin/git sparse-checkout disable
2026-05-04T07:41:26.6304120Z [command]/opt/homebrew/bin/git config --local --unset-all extensions.worktreeConfig
2026-05-04T07:41:26.6351380Z ##[group]Checking out the ref
2026-05-04T07:41:26.6353320Z [command]/opt/homebrew/bin/git checkout --progress --force -B os-expansion-experiment refs/remotes/origin/os-expansion-experiment
2026-05-04T07:41:26.7661210Z Switched to a new branch 'os-expansion-experiment'
2026-05-04T07:41:26.7681580Z branch 'os-expansion-experiment' set up to track 'origin/os-expansion-experiment'.
2026-05-04T07:41:26.7756370Z ##[endgroup]
2026-05-04T07:41:26.7779150Z [command]/opt/homebrew/bin/git log -1 --format=%H
2026-05-04T07:41:26.7821480Z f8d61dcb25cb1310f3c30d12af9a1fb020650449
2026-05-04T07:41:26.8095990Z ##[group]Run actions/setup-java@v4
2026-05-04T07:41:26.8097060Z with:
2026-05-04T07:41:26.8097640Z   java-version: 8
2026-05-04T07:41:26.8098260Z   distribution: temurin
2026-05-04T07:41:26.8098890Z   cache: maven
2026-05-04T07:41:26.8099450Z   check-latest: true
2026-05-04T07:41:26.8100050Z   java-package: jdk
2026-05-04T07:41:26.8100660Z   server-id: github
2026-05-04T07:41:26.8101300Z   server-username: GITHUB_ACTOR
2026-05-04T07:41:26.8102050Z   server-password: GITHUB_TOKEN
2026-05-04T07:41:26.8102780Z   overwrite-settings: true
2026-05-04T07:41:26.8103450Z   job-status: success
2026-05-04T07:41:26.8104280Z   token: ***
2026-05-04T07:41:26.8104830Z env:
2026-05-04T07:41:26.8105420Z   MVN_CMD: ./mvnw --no-transfer-progress -B
2026-05-04T07:41:26.8106200Z ##[endgroup]
2026-05-04T07:41:26.9731520Z ##[group]Installed distributions
2026-05-04T07:41:26.9756110Z Trying to resolve the latest version from remote
2026-05-04T07:41:27.5167390Z ##[error]Could not find satisfied version for SemVer '8'. 
Available versions: 26.0.0+35, 25.0.3+9.0.LTS, 25.0.2+10.0.LTS, 25.0.1+8.0.LTS, 25.0.0+36.0.LTS, 24.0.2+12, 24.0.1+9, 24.0.0+36, 23.0.2+7, 23.0.1+11, 23.0.0+37, 22.0.2+9, 22.0.1+8, 22.0.0+36, 21.0.11+10.0.LTS, 21.0.10+7.0.LTS, 21.0.9+10.0.LTS, 21.0.8+9.0.LTS, 21.0.7+6.0.LTS, 21.0.6+7.0.LTS, 21.0.5+11.0.LTS, 21.0.4+7.0.LTS, 21.0.3+9.0.LTS, 21.0.2+13.0.LTS, 21.0.1+12.0.LTS, 21.0.0+35.0.LTS, 20.0.2+9, 20.0.1+9, 20.0.0+36, 19.0.2+7, 19.0.1+10, 19.0.0+36, 18.0.2+101, 18.0.2+9, 18.0.1+10, 18.0.0+36, 17.0.19+10, 17.0.18+8, 17.0.17+10, 17.0.16+8, 17.0.15+6, 17.0.14+7, 17.0.13+11, 17.0.12+7, 17.0.11+9, 17.0.10+7, 17.0.9+9, 17.0.8+101, 17.0.8+7, 17.0.7+7, 17.0.6+10, 17.0.5+8, 17.0.4+101, 17.0.4+8, 17.0.3+7, 17.0.2+8, 17.0.1+12, 17.0.0+35, 11.0.31+11, 11.0.30+7, 11.0.29+7, 11.0.28+6, 11.0.27+6, 11.0.26+4, 11.0.25+9, 11.0.24+8, 11.0.23+9, 11.0.22+7.1, 11.0.22+7, 11.0.21+9, 11.0.20+101, 11.0.20+8, 11.0.19+7, 11.0.18+10, 11.0.17+8, 11.0.16+101, 11.0.16+8, 11.0.15+10
2026-05-04T07:41:27.5368250Z Post job cleanup.
2026-05-04T07:41:27.6774040Z Post job cleanup.
2026-05-04T07:41:27.7845950Z [command]/opt/homebrew/bin/git version
2026-05-04T07:41:27.7947800Z git version 2.54.0
2026-05-04T07:41:27.8328450Z Copying '/Users/runner/.gitconfig' to '/Users/runner/work/_temp/9d5e169a-d4c2-442e-9237-78d91f550d06/.gitconfig'
2026-05-04T07:41:27.8360660Z Temporarily overriding HOME='/Users/runner/work/_temp/9d5e169a-d4c2-442e-9237-78d91f550d06' before making global git config changes
2026-05-04T07:41:27.8378500Z Adding repository directory to the temporary git global config as a safe directory
2026-05-04T07:41:27.8422820Z [command]/opt/homebrew/bin/git config --global --add safe.directory /Users/runner/work/jjwt/jjwt
2026-05-04T07:41:27.8552140Z [command]/opt/homebrew/bin/git config --local --name-only --get-regexp core\.sshCommand
2026-05-04T07:41:27.8589630Z [command]/opt/homebrew/bin/git submodule foreach --recursive sh -c "git config --local --name-only --get-regexp 'core\.sshCommand' && git config --local --unset-all 'core.sshCommand' || :"
2026-05-04T07:41:27.9021250Z [command]/opt/homebrew/bin/git config --local --name-only --get-regexp http\.https\:\/\/github\.com\/\.extraheader
2026-05-04T07:41:27.9073850Z http.https://github.com/.extraheader
2026-05-04T07:41:27.9135930Z [command]/opt/homebrew/bin/git config --local --unset-all http.https://github.com/.extraheader
2026-05-04T07:41:27.9187920Z [command]/opt/homebrew/bin/git submodule foreach --recursive sh -c "git config --local --name-only --get-regexp 'http\.https\:\/\/github\.com\/\.extraheader' && git config --local --unset-all 'http.https://github.com/.extraheader' || :"
2026-05-04T07:41:27.9896100Z [command]/opt/homebrew/bin/git config --local --name-only --get-regexp ^includeIf\.gitdir:
2026-05-04T07:41:27.9952230Z [command]/opt/homebrew/bin/git submodule foreach --recursive git config --local --show-origin --name-only --get-regexp remote.origin.url
2026-05-04T07:41:28.0839340Z Cleaning up orphan processes
2026-05-04T07:41:28.2369800Z ##[warning]Node.js 20 actions are deprecated. The following actions are running on Node.js 20 and may not work as expected: actions/checkout@v4, actions/setup-java@v4. Actions will be forced to run with Node.js 24 by default starting June 2nd, 2026. Node.js 20 will be removed from the runner on September 16th, 2026. Please check if updated versions of these actions are available that support Node.js 24. To opt into Node.js 24 now, set the FORCE_JAVASCRIPT_ACTIONS_TO_NODE24=true environment variable on the runner or in your workflow file. Once Node.js 24 becomes the default, you can temporarily opt out by setting ACTIONS_ALLOW_USE_UNSECURE_NODE_VERSION=true. For more information see: https://github.blog/changelog/2025-09-19-deprecation-of-node-20-on-github-actions-runners/
