ï»¿2026-05-05T03:33:51.7376240Z Current runner version: '2.334.0'
2026-05-05T03:33:51.7392050Z ##[group]Runner Image Provisioner
2026-05-05T03:33:51.7392520Z Hosted Compute Agent
2026-05-05T03:33:51.7392860Z Version: 20260422.526
2026-05-05T03:33:51.7393370Z Commit: e1a9e573f4d0838b3a7c1b07401aeb29ed3635a9
2026-05-05T03:33:51.7393850Z Build Date: 2026-04-22T09:31:31Z
2026-05-05T03:33:51.7394250Z Worker ID: {a68bee62-2bdd-411e-9814-1e20b376a710}
2026-05-05T03:33:51.7394670Z Azure Region: westus
2026-05-05T03:33:51.7394990Z ##[endgroup]
2026-05-05T03:33:51.7395900Z ##[group]Operating System
2026-05-05T03:33:51.7396250Z macOS
2026-05-05T03:33:51.7396520Z 15.7.4
2026-05-05T03:33:51.7396780Z 24G517
2026-05-05T03:33:51.7397050Z ##[endgroup]
2026-05-05T03:33:51.7397340Z ##[group]Runner Image
2026-05-05T03:33:51.7397660Z Image: macos-15-arm64
2026-05-05T03:33:51.7397970Z Version: 20260427.0018.1
2026-05-05T03:33:51.7398710Z Included Software: https://github.com/actions/runner-images/blob/macos-15-arm64/20260427.0018/images/macos/macos-15-arm64-Readme.md
2026-05-05T03:33:51.7399700Z Image Release: https://github.com/actions/runner-images/releases/tag/macos-15-arm64%2F20260427.0018
2026-05-05T03:33:51.7400300Z ##[endgroup]
2026-05-05T03:33:51.7400980Z ##[group]GITHUB_TOKEN Permissions
2026-05-05T03:33:51.7401960Z Contents: read
2026-05-05T03:33:51.7402260Z Metadata: read
2026-05-05T03:33:51.7402560Z Packages: read
2026-05-05T03:33:51.7402890Z ##[endgroup]
2026-05-05T03:33:51.7404380Z Secret source: Actions
2026-05-05T03:33:51.7404770Z Prepare workflow directory
2026-05-05T03:33:51.7740320Z Prepare all required actions
2026-05-05T03:33:51.7767700Z Getting action download info
2026-05-05T03:33:52.2647600Z Download action repository 'actions/checkout@v4' (SHA:34e114876b0b11c390a56381ad16ebd13914f8d5)
2026-05-05T03:33:52.4656660Z Download action repository 'actions/setup-java@v4' (SHA:c1e323688fd81a25caa38c78aa6df2d33d3e20d9)
2026-05-05T03:33:53.0414820Z Complete job name: jdk-9-zulu
2026-05-05T03:33:53.0805010Z ##[group]Run actions/checkout@v4
2026-05-05T03:33:53.0805670Z with:
2026-05-05T03:33:53.0805990Z   repository: sreeya12/jjwt
2026-05-05T03:33:53.0806490Z   token: ***
2026-05-05T03:33:53.0806950Z   ssh-strict: true
2026-05-05T03:33:53.0807260Z   ssh-user: git
2026-05-05T03:33:53.0807570Z   persist-credentials: true
2026-05-05T03:33:53.0807920Z   clean: true
2026-05-05T03:33:53.0808230Z   sparse-checkout-cone-mode: true
2026-05-05T03:33:53.0808600Z   fetch-depth: 1
2026-05-05T03:33:53.0808910Z   fetch-tags: false
2026-05-05T03:33:53.0809230Z   show-progress: true
2026-05-05T03:33:53.0809550Z   lfs: false
2026-05-05T03:33:53.0809850Z   submodules: false
2026-05-05T03:33:53.0810160Z   set-safe-directory: true
2026-05-05T03:33:53.0810630Z env:
2026-05-05T03:33:53.0810970Z   MVN_CMD: ./mvnw --no-transfer-progress -B
2026-05-05T03:33:53.0811380Z   JDK_MAJOR_VERSION: 9
2026-05-05T03:33:53.0811700Z ##[endgroup]
2026-05-05T03:33:53.3665300Z Syncing repository: sreeya12/jjwt
2026-05-05T03:33:53.3667420Z ##[group]Getting Git version info
2026-05-05T03:33:53.3667940Z Working directory is '/Users/runner/work/jjwt/jjwt'
2026-05-05T03:33:53.3668670Z [command]/opt/homebrew/bin/git version
2026-05-05T03:33:53.4206280Z git version 2.54.0
2026-05-05T03:33:53.4233380Z ##[endgroup]
2026-05-05T03:33:53.4240120Z Copying '/Users/runner/.gitconfig' to '/Users/runner/work/_temp/12458d86-3d06-4f24-acf0-561584e492f1/.gitconfig'
2026-05-05T03:33:53.4247280Z Temporarily overriding HOME='/Users/runner/work/_temp/12458d86-3d06-4f24-acf0-561584e492f1' before making global git config changes
2026-05-05T03:33:53.4248430Z Adding repository directory to the temporary git global config as a safe directory
2026-05-05T03:33:53.4256930Z [command]/opt/homebrew/bin/git config --global --add safe.directory /Users/runner/work/jjwt/jjwt
2026-05-05T03:33:53.4363500Z Deleting the contents of '/Users/runner/work/jjwt/jjwt'
2026-05-05T03:33:53.4365940Z ##[group]Initializing the repository
2026-05-05T03:33:53.4370630Z [command]/opt/homebrew/bin/git init /Users/runner/work/jjwt/jjwt
2026-05-05T03:33:53.4574840Z hint: Using 'master' as the name for the initial branch. This default branch name
2026-05-05T03:33:53.4575910Z hint: will change to "main" in Git 3.0. To configure the initial branch name
2026-05-05T03:33:53.4576680Z hint: to use in all of your new repositories, which will suppress this warning,
2026-05-05T03:33:53.4577280Z hint: call:
2026-05-05T03:33:53.4577810Z hint:
2026-05-05T03:33:53.4578270Z hint: 	git config --global init.defaultBranch <name>
2026-05-05T03:33:53.4578740Z hint:
2026-05-05T03:33:53.4579220Z hint: Names commonly chosen instead of 'master' are 'main', 'trunk' and
2026-05-05T03:33:53.4579920Z hint: 'development'. The just-created branch can be renamed via this command:
2026-05-05T03:33:53.4580460Z hint:
2026-05-05T03:33:53.4580840Z hint: 	git branch -m <name>
2026-05-05T03:33:53.4581200Z hint:
2026-05-05T03:33:53.4581660Z hint: Disable this message with "git config set advice.defaultBranchName false"
2026-05-05T03:33:53.4582410Z Initialized empty Git repository in /Users/runner/work/jjwt/jjwt/.git/
2026-05-05T03:33:53.4584780Z [command]/opt/homebrew/bin/git remote add origin https://github.com/sreeya12/jjwt
2026-05-05T03:33:53.4659740Z ##[endgroup]
2026-05-05T03:33:53.4660410Z ##[group]Disabling automatic garbage collection
2026-05-05T03:33:53.4662260Z [command]/opt/homebrew/bin/git config --local gc.auto 0
2026-05-05T03:33:53.4722130Z ##[endgroup]
2026-05-05T03:33:53.4722780Z ##[group]Setting up auth
2026-05-05T03:33:53.4727180Z [command]/opt/homebrew/bin/git config --local --name-only --get-regexp core\.sshCommand
2026-05-05T03:33:53.4796250Z [command]/opt/homebrew/bin/git submodule foreach --recursive sh -c "git config --local --name-only --get-regexp 'core\.sshCommand' && git config --local --unset-all 'core.sshCommand' || :"
2026-05-05T03:33:53.5646280Z [command]/opt/homebrew/bin/git config --local --name-only --get-regexp http\.https\:\/\/github\.com\/\.extraheader
2026-05-05T03:33:53.5701790Z [command]/opt/homebrew/bin/git submodule foreach --recursive sh -c "git config --local --name-only --get-regexp 'http\.https\:\/\/github\.com\/\.extraheader' && git config --local --unset-all 'http.https://github.com/.extraheader' || :"
2026-05-05T03:33:53.6409720Z [command]/opt/homebrew/bin/git config --local --name-only --get-regexp ^includeIf\.gitdir:
2026-05-05T03:33:53.6470920Z [command]/opt/homebrew/bin/git submodule foreach --recursive git config --local --show-origin --name-only --get-regexp remote.origin.url
2026-05-05T03:33:53.7154440Z [command]/opt/homebrew/bin/git config --local http.https://github.com/.extraheader AUTHORIZATION: basic ***
2026-05-05T03:33:53.7217060Z ##[endgroup]
2026-05-05T03:33:53.7217730Z ##[group]Fetching the repository
2026-05-05T03:33:53.7222330Z [command]/opt/homebrew/bin/git -c protocol.version=2 fetch --no-tags --prune --no-recurse-submodules --depth=1 origin +f8d61dcb25cb1310f3c30d12af9a1fb020650449:refs/remotes/origin/os-expansion-experiment
2026-05-05T03:33:54.2253220Z From https://github.com/sreeya12/jjwt
2026-05-05T03:33:54.2254250Z  * [new ref]         f8d61dcb25cb1310f3c30d12af9a1fb020650449 -> origin/os-expansion-experiment
2026-05-05T03:33:54.2327100Z ##[endgroup]
2026-05-05T03:33:54.2327880Z ##[group]Determining the checkout info
2026-05-05T03:33:54.2328660Z ##[endgroup]
2026-05-05T03:33:54.2329830Z [command]/opt/homebrew/bin/git sparse-checkout disable
2026-05-05T03:33:54.2396440Z [command]/opt/homebrew/bin/git config --local --unset-all extensions.worktreeConfig
2026-05-05T03:33:54.2449860Z ##[group]Checking out the ref
2026-05-05T03:33:54.2452680Z [command]/opt/homebrew/bin/git checkout --progress --force -B os-expansion-experiment refs/remotes/origin/os-expansion-experiment
2026-05-05T03:33:54.3144580Z Switched to a new branch 'os-expansion-experiment'
2026-05-05T03:33:54.3151250Z branch 'os-expansion-experiment' set up to track 'origin/os-expansion-experiment'.
2026-05-05T03:33:54.3156260Z ##[endgroup]
2026-05-05T03:33:54.3242870Z [command]/opt/homebrew/bin/git log -1 --format=%H
2026-05-05T03:33:54.3286560Z f8d61dcb25cb1310f3c30d12af9a1fb020650449
2026-05-05T03:33:54.3548600Z ##[group]Run actions/setup-java@v4
2026-05-05T03:33:54.3549380Z with:
2026-05-05T03:33:54.3549930Z   java-version: 9
2026-05-05T03:33:54.3550530Z   distribution: zulu
2026-05-05T03:33:54.3551120Z   cache: maven
2026-05-05T03:33:54.3551680Z   check-latest: true
2026-05-05T03:33:54.3552260Z   java-package: jdk
2026-05-05T03:33:54.3552850Z   server-id: github
2026-05-05T03:33:54.3553450Z   server-username: GITHUB_ACTOR
2026-05-05T03:33:54.3554140Z   server-password: GITHUB_TOKEN
2026-05-05T03:33:54.3554830Z   overwrite-settings: true
2026-05-05T03:33:54.3555480Z   job-status: success
2026-05-05T03:33:54.3556250Z   token: ***
2026-05-05T03:33:54.3556790Z env:
2026-05-05T03:33:54.3557370Z   MVN_CMD: ./mvnw --no-transfer-progress -B
2026-05-05T03:33:54.3558180Z   JDK_MAJOR_VERSION: 9
2026-05-05T03:33:54.3558780Z ##[endgroup]
2026-05-05T03:33:54.5178770Z ##[group]Installed distributions
2026-05-05T03:33:54.5201180Z Trying to resolve the latest version from remote
2026-05-05T03:33:54.6107050Z ##[error]Could not find satisfied version for semver 9. 
Available versions: 26.0.1+8, 26.0.0+35, 25.0.3+9, 25.0.2+10, 25.0.0+36, 24.0.2+12, 24.0.2+12, 23.0.2+7, 23.0.2+7, 22.0.2+9, 22.0.2+9, 21.0.11+10, 21.0.10+7, 21.0.1+12, 20.0.2+9, 19.0.2+7, 18.0.2+1, 17.0.19+10, 17.0.18+8, 17.0.3+7, 16.0.2+7, 15.0.10+5, 13.0.14+5, 11.0.31+11, 11.0.15+10, 8.0.492+9, 8.0.332+9, 26.0.0+35, 25.0.2+10, 25.0.2+10, 25.0.2+10, 25.0.1+8, 25.0.1+8, 25.0.0+36, 24.0.1+9, 24.0.1+9, 24.0.0+36, 24.0.0+36, 23.0.1+11, 23.0.1+11, 23.0.0+37, 23.0.0+37, 22.0.2+9, 22.0.1+8, 22.0.1+8, 22.0.0+36, 22.0.0+36, 21.0.10+7, 21.0.10+7, 21.0.10+7, 21.0.9+10, 21.0.9+10, 21.0.8+9, 21.0.8+9, 21.0.7+6, 21.0.7+6, 21.0.6+7, 21.0.6+7, 21.0.5+11, 21.0.5+11, 21.0.4+7, 21.0.4+7, 21.0.3+9, 21.0.3+9, 21.0.2+13, 21.0.2+13, 21.0.0+35, 20.0.1+9, 20.0.0+36, 19.0.1+10, 19.0.0+36, 18.0.2+9, 18.0.1+10, 18.0.0+37, 17.0.18+8, 17.0.18+8, 17.0.18+8, 17.0.17+10, 17.0.17+10, 17.0.16+8, 17.0.16+8, 17.0.15+6, 17.0.15+6, 17.0.14+7, 17.0.14+7, 17.0.13+11, 17.0.13+11, 17.0.12+7, 17.0.12+7, 17.0.11+9, 17.0.11+9, 17.0.10+7, 17.0.10+7, 17.0.9+8, 17.0.8+1, 17.0.8+7, 17.0.7+7, 17.0.6+10, 17.0.5+8, 17.0.4+1, 17.0.4+8, 17.0.2+8, 17.0.1+12, 17.0.0+35, 16.0.1+9, 16.0.1+9, 16.0.0+36, 15.0.9+5, 15.0.8+4, 15.0.7+4, 15.0.6+5, 15.0.5+3, 15.0.4+5, 15.0.3+3, 15.0.2+7, 15.0.1+9, 15.0.1+9, 13.0.13+5, 13.0.12+4, 13.0.11+4, 13.0.10+5, 13.0.9+3, 13.0.8+5, 13.0.7+5, 13.0.6+5, 13.0.5+1, 13.0.5+1, 13.0.5+1, 11.0.30+7, 11.0.30+7, 11.0.29+7, 11.0.28+6, 11.0.27+6, 11.0.26+4, 11.0.25+9, 11.0.24+8, 11.0.23+9, 11.0.22+7, 11.0.21+9, 11.0.20+1, 11.0.20+8, 11.0.19+7, 11.0.18+10, 11.0.17+8, 11.0.16+1, 11.0.16+8, 11.0.14+1, 11.0.14+9, 11.0.13+8, 11.0.12+7, 11.0.11+9, 11.0.10+9, 11.0.9+1, 11.0.9+1, 11.0.9+1, 8.0.482+8, 8.0.482+8, 8.0.472+8, 8.0.462+8, 8.0.452+9, 8.0.442+6, 8.0.432+6, 8.0.422+5, 8.0.412+8, 8.0.402+6, 8.0.392+8, 8.0.382+5, 8.0.372+7, 8.0.362+9, 8.0.362+8, 8.0.352+8, 8.0.345+1, 8.0.342+7, 8.0.322+6, 8.0.312+7, 8.0.302+8, 8.0.292+10, 8.0.282+8, 8.0.275+1
2026-05-05T03:33:54.6302810Z Post job cleanup.
2026-05-05T03:33:54.7836540Z Post job cleanup.
2026-05-05T03:33:54.8753700Z [command]/opt/homebrew/bin/git version
2026-05-05T03:33:54.8811320Z git version 2.54.0
2026-05-05T03:33:54.8833850Z Copying '/Users/runner/.gitconfig' to '/Users/runner/work/_temp/d94144b5-1283-48e5-9a57-4542de8dd98e/.gitconfig'
2026-05-05T03:33:54.8840470Z Temporarily overriding HOME='/Users/runner/work/_temp/d94144b5-1283-48e5-9a57-4542de8dd98e' before making global git config changes
2026-05-05T03:33:54.8842150Z Adding repository directory to the temporary git global config as a safe directory
2026-05-05T03:33:54.8847540Z [command]/opt/homebrew/bin/git config --global --add safe.directory /Users/runner/work/jjwt/jjwt
2026-05-05T03:33:54.8908580Z [command]/opt/homebrew/bin/git config --local --name-only --get-regexp core\.sshCommand
2026-05-05T03:33:54.8968110Z [command]/opt/homebrew/bin/git submodule foreach --recursive sh -c "git config --local --name-only --get-regexp 'core\.sshCommand' && git config --local --unset-all 'core.sshCommand' || :"
2026-05-05T03:33:54.9607710Z [command]/opt/homebrew/bin/git config --local --name-only --get-regexp http\.https\:\/\/github\.com\/\.extraheader
2026-05-05T03:33:54.9655010Z http.https://github.com/.extraheader
2026-05-05T03:33:54.9664240Z [command]/opt/homebrew/bin/git config --local --unset-all http.https://github.com/.extraheader
2026-05-05T03:33:54.9722450Z [command]/opt/homebrew/bin/git submodule foreach --recursive sh -c "git config --local --name-only --get-regexp 'http\.https\:\/\/github\.com\/\.extraheader' && git config --local --unset-all 'http.https://github.com/.extraheader' || :"
2026-05-05T03:33:55.0319480Z [command]/opt/homebrew/bin/git config --local --name-only --get-regexp ^includeIf\.gitdir:
2026-05-05T03:33:55.0371120Z [command]/opt/homebrew/bin/git submodule foreach --recursive git config --local --show-origin --name-only --get-regexp remote.origin.url
2026-05-05T03:33:55.1034820Z Cleaning up orphan processes
2026-05-05T03:33:55.1164770Z ##[warning]Node.js 20 actions are deprecated. The following actions are running on Node.js 20 and may not work as expected: actions/checkout@v4, actions/setup-java@v4. Actions will be forced to run with Node.js 24 by default starting June 2nd, 2026. Node.js 20 will be removed from the runner on September 16th, 2026. Please check if updated versions of these actions are available that support Node.js 24. To opt into Node.js 24 now, set the FORCE_JAVASCRIPT_ACTIONS_TO_NODE24=true environment variable on the runner or in your workflow file. Once Node.js 24 becomes the default, you can temporarily opt out by setting ACTIONS_ALLOW_USE_UNSECURE_NODE_VERSION=true. For more information see: https://github.blog/changelog/2025-09-19-deprecation-of-node-20-on-github-actions-runners/
