ï»¿2026-05-05T03:33:16.0661190Z Current runner version: '2.334.0'
2026-05-05T03:33:16.0674940Z ##[group]Runner Image Provisioner
2026-05-05T03:33:16.0675410Z Hosted Compute Agent
2026-05-05T03:33:16.0675740Z Version: 20260422.526
2026-05-05T03:33:16.0676110Z Commit: e1a9e573f4d0838b3a7c1b07401aeb29ed3635a9
2026-05-05T03:33:16.0676540Z Build Date: 2026-04-22T09:31:31Z
2026-05-05T03:33:16.0676930Z Worker ID: {0b1d98e5-864c-4c54-b2c3-dd6a242aa95d}
2026-05-05T03:33:16.0677340Z Azure Region: westus
2026-05-05T03:33:16.0677670Z ##[endgroup]
2026-05-05T03:33:16.0678460Z ##[group]Operating System
2026-05-05T03:33:16.0678810Z macOS
2026-05-05T03:33:16.0679080Z 15.7.4
2026-05-05T03:33:16.0679340Z 24G517
2026-05-05T03:33:16.0679600Z ##[endgroup]
2026-05-05T03:33:16.0679890Z ##[group]Runner Image
2026-05-05T03:33:16.0680210Z Image: macos-15-arm64
2026-05-05T03:33:16.0680520Z Version: 20260427.0018.1
2026-05-05T03:33:16.0681270Z Included Software: https://github.com/actions/runner-images/blob/macos-15-arm64/20260427.0018/images/macos/macos-15-arm64-Readme.md
2026-05-05T03:33:16.0682210Z Image Release: https://github.com/actions/runner-images/releases/tag/macos-15-arm64%2F20260427.0018
2026-05-05T03:33:16.0682800Z ##[endgroup]
2026-05-05T03:33:16.0683470Z ##[group]GITHUB_TOKEN Permissions
2026-05-05T03:33:16.0684550Z Contents: read
2026-05-05T03:33:16.0684860Z Metadata: read
2026-05-05T03:33:16.0685140Z Packages: read
2026-05-05T03:33:16.0685430Z ##[endgroup]
2026-05-05T03:33:16.0687020Z Secret source: Actions
2026-05-05T03:33:16.0687410Z Prepare workflow directory
2026-05-05T03:33:16.0994710Z Prepare all required actions
2026-05-05T03:33:16.1022090Z Getting action download info
2026-05-05T03:33:16.5802510Z Download action repository 'actions/checkout@v4' (SHA:34e114876b0b11c390a56381ad16ebd13914f8d5)
2026-05-05T03:33:17.0827280Z Download action repository 'actions/setup-java@v4' (SHA:c1e323688fd81a25caa38c78aa6df2d33d3e20d9)
2026-05-05T03:33:17.7584290Z Complete job name: jdk-18-temurin
2026-05-05T03:33:17.8096470Z ##[group]Run actions/checkout@v4
2026-05-05T03:33:17.8097050Z with:
2026-05-05T03:33:17.8097340Z   repository: sreeya12/jjwt
2026-05-05T03:33:17.8097920Z   token: ***
2026-05-05T03:33:17.8098190Z   ssh-strict: true
2026-05-05T03:33:17.8098480Z   ssh-user: git
2026-05-05T03:33:17.8098770Z   persist-credentials: true
2026-05-05T03:33:17.8099100Z   clean: true
2026-05-05T03:33:17.8099400Z   sparse-checkout-cone-mode: true
2026-05-05T03:33:17.8099750Z   fetch-depth: 1
2026-05-05T03:33:17.8100040Z   fetch-tags: false
2026-05-05T03:33:17.8100330Z   show-progress: true
2026-05-05T03:33:17.8100620Z   lfs: false
2026-05-05T03:33:17.8100900Z   submodules: false
2026-05-05T03:33:17.8101200Z   set-safe-directory: true
2026-05-05T03:33:17.8101640Z env:
2026-05-05T03:33:17.8101940Z   MVN_CMD: ./mvnw --no-transfer-progress -B
2026-05-05T03:33:17.8102320Z ##[endgroup]
2026-05-05T03:33:18.2775960Z Syncing repository: sreeya12/jjwt
2026-05-05T03:33:18.2788700Z ##[group]Getting Git version info
2026-05-05T03:33:18.2808520Z Working directory is '/Users/runner/work/jjwt/jjwt'
2026-05-05T03:33:18.2810160Z [command]/opt/homebrew/bin/git version
2026-05-05T03:33:18.3579670Z git version 2.54.0
2026-05-05T03:33:18.3585290Z ##[endgroup]
2026-05-05T03:33:18.3603610Z Copying '/Users/runner/.gitconfig' to '/Users/runner/work/_temp/322f6f77-1c0c-4680-ba8f-c771a426d41d/.gitconfig'
2026-05-05T03:33:18.3628240Z Temporarily overriding HOME='/Users/runner/work/_temp/322f6f77-1c0c-4680-ba8f-c771a426d41d' before making global git config changes
2026-05-05T03:33:18.3631010Z Adding repository directory to the temporary git global config as a safe directory
2026-05-05T03:33:18.3656630Z [command]/opt/homebrew/bin/git config --global --add safe.directory /Users/runner/work/jjwt/jjwt
2026-05-05T03:33:18.3830540Z Deleting the contents of '/Users/runner/work/jjwt/jjwt'
2026-05-05T03:33:18.3832380Z ##[group]Initializing the repository
2026-05-05T03:33:18.3833270Z [command]/opt/homebrew/bin/git init /Users/runner/work/jjwt/jjwt
2026-05-05T03:33:18.4195950Z hint: Using 'master' as the name for the initial branch. This default branch name
2026-05-05T03:33:18.4197430Z hint: will change to "main" in Git 3.0. To configure the initial branch name
2026-05-05T03:33:18.4200560Z hint: to use in all of your new repositories, which will suppress this warning,
2026-05-05T03:33:18.4205040Z hint: call:
2026-05-05T03:33:18.4207490Z hint:
2026-05-05T03:33:18.4209380Z hint: 	git config --global init.defaultBranch <name>
2026-05-05T03:33:18.4210840Z hint:
2026-05-05T03:33:18.4212960Z hint: Names commonly chosen instead of 'master' are 'main', 'trunk' and
2026-05-05T03:33:18.4215510Z hint: 'development'. The just-created branch can be renamed via this command:
2026-05-05T03:33:18.4216430Z hint:
2026-05-05T03:33:18.4217100Z hint: 	git branch -m <name>
2026-05-05T03:33:18.4218500Z hint:
2026-05-05T03:33:18.4219380Z hint: Disable this message with "git config set advice.defaultBranchName false"
2026-05-05T03:33:18.4220240Z Initialized empty Git repository in /Users/runner/work/jjwt/jjwt/.git/
2026-05-05T03:33:18.4222340Z [command]/opt/homebrew/bin/git remote add origin https://github.com/sreeya12/jjwt
2026-05-05T03:33:18.4223960Z ##[endgroup]
2026-05-05T03:33:18.4224720Z ##[group]Disabling automatic garbage collection
2026-05-05T03:33:18.4228270Z [command]/opt/homebrew/bin/git config --local gc.auto 0
2026-05-05T03:33:18.4370900Z ##[endgroup]
2026-05-05T03:33:18.4374010Z ##[group]Setting up auth
2026-05-05T03:33:18.4391410Z [command]/opt/homebrew/bin/git config --local --name-only --get-regexp core\.sshCommand
2026-05-05T03:33:18.4427650Z [command]/opt/homebrew/bin/git submodule foreach --recursive sh -c "git config --local --name-only --get-regexp 'core\.sshCommand' && git config --local --unset-all 'core.sshCommand' || :"
2026-05-05T03:33:18.5500420Z [command]/opt/homebrew/bin/git config --local --name-only --get-regexp http\.https\:\/\/github\.com\/\.extraheader
2026-05-05T03:33:18.5574300Z [command]/opt/homebrew/bin/git submodule foreach --recursive sh -c "git config --local --name-only --get-regexp 'http\.https\:\/\/github\.com\/\.extraheader' && git config --local --unset-all 'http.https://github.com/.extraheader' || :"
2026-05-05T03:33:18.6288530Z [command]/opt/homebrew/bin/git config --local --name-only --get-regexp ^includeIf\.gitdir:
2026-05-05T03:33:18.6347210Z [command]/opt/homebrew/bin/git submodule foreach --recursive git config --local --show-origin --name-only --get-regexp remote.origin.url
2026-05-05T03:33:18.7117610Z [command]/opt/homebrew/bin/git config --local http.https://github.com/.extraheader AUTHORIZATION: basic ***
2026-05-05T03:33:18.7207140Z ##[endgroup]
2026-05-05T03:33:18.7208520Z ##[group]Fetching the repository
2026-05-05T03:33:18.7218630Z [command]/opt/homebrew/bin/git -c protocol.version=2 fetch --no-tags --prune --no-recurse-submodules --depth=1 origin +f8d61dcb25cb1310f3c30d12af9a1fb020650449:refs/remotes/origin/os-expansion-experiment
2026-05-05T03:33:19.2949600Z From https://github.com/sreeya12/jjwt
2026-05-05T03:33:19.2951290Z  * [new ref]         f8d61dcb25cb1310f3c30d12af9a1fb020650449 -> origin/os-expansion-experiment
2026-05-05T03:33:19.3031630Z ##[endgroup]
2026-05-05T03:33:19.3032550Z ##[group]Determining the checkout info
2026-05-05T03:33:19.3034340Z ##[endgroup]
2026-05-05T03:33:19.3034910Z [command]/opt/homebrew/bin/git sparse-checkout disable
2026-05-05T03:33:19.3097440Z [command]/opt/homebrew/bin/git config --local --unset-all extensions.worktreeConfig
2026-05-05T03:33:19.3172630Z ##[group]Checking out the ref
2026-05-05T03:33:19.3180730Z [command]/opt/homebrew/bin/git checkout --progress --force -B os-expansion-experiment refs/remotes/origin/os-expansion-experiment
2026-05-05T03:33:19.4678360Z Switched to a new branch 'os-expansion-experiment'
2026-05-05T03:33:19.4685970Z branch 'os-expansion-experiment' set up to track 'origin/os-expansion-experiment'.
2026-05-05T03:33:19.4692180Z ##[endgroup]
2026-05-05T03:33:19.4778300Z [command]/opt/homebrew/bin/git log -1 --format=%H
2026-05-05T03:33:19.4855940Z f8d61dcb25cb1310f3c30d12af9a1fb020650449
2026-05-05T03:33:19.5163970Z ##[group]Run actions/setup-java@v4
2026-05-05T03:33:19.5165590Z with:
2026-05-05T03:33:19.5166570Z   java-version: 18
2026-05-05T03:33:19.5167410Z   distribution: temurin
2026-05-05T03:33:19.5168420Z   cache: maven
2026-05-05T03:33:19.5169180Z   check-latest: true
2026-05-05T03:33:19.5171350Z   java-package: jdk
2026-05-05T03:33:19.5171940Z   server-id: github
2026-05-05T03:33:19.5172550Z   server-username: GITHUB_ACTOR
2026-05-05T03:33:19.5174770Z   server-password: GITHUB_TOKEN
2026-05-05T03:33:19.5176090Z   overwrite-settings: true
2026-05-05T03:33:19.5176700Z   job-status: success
2026-05-05T03:33:19.5177570Z   token: ***
2026-05-05T03:33:19.5178020Z env:
2026-05-05T03:33:19.5178520Z   MVN_CMD: ./mvnw --no-transfer-progress -B
2026-05-05T03:33:19.5180200Z ##[endgroup]
2026-05-05T03:33:19.6730500Z ##[group]Installed distributions
2026-05-05T03:33:19.7183780Z Trying to resolve the latest version from remote
2026-05-05T03:33:19.9505990Z Resolved latest version as 18.0.2+101
2026-05-05T03:33:19.9612400Z Trying to download...
2026-05-05T03:33:19.9715390Z Downloading Java 18.0.2+101 (Temurin-Hotspot) from https://github.com/adoptium/temurin18-binaries/releases/download/jdk-18.0.2.1%2B1/OpenJDK18U-jdk_aarch64_mac_hotspot_18.0.2.1_1.tar.gz ...
2026-05-05T03:33:22.6794570Z Extracting Java archive...
2026-05-05T03:33:22.6975890Z [command]/usr/bin/tar xz -C /Users/runner/work/_temp/ba4d736a-128f-474d-b797-595b9d0c2f54 -f /Users/runner/work/_temp/132fe664-8c13-4c9f-b93c-bdf6a10660de
2026-05-05T03:33:25.2663810Z Java 18.0.2+101 was downloaded
2026-05-05T03:33:25.2664590Z Setting Java 18.0.2+101 as the default
2026-05-05T03:33:25.2706500Z Creating toolchains.xml for JDK version 18 from temurin
2026-05-05T03:33:25.2762830Z Writing to /Users/runner/.m2/toolchains.xml
2026-05-05T03:33:25.2763940Z 
2026-05-05T03:33:25.2764090Z Java configuration:
2026-05-05T03:33:25.2764800Z   Distribution: temurin
2026-05-05T03:33:25.2765190Z   Version: 18.0.2+101
2026-05-05T03:33:25.2766060Z   Path: /Users/runner/hostedtoolcache/Java_Temurin-Hotspot_jdk/18.0.2-101/arm64/Contents/Home
2026-05-05T03:33:25.2766770Z 
2026-05-05T03:33:25.2767470Z ##[endgroup]
2026-05-05T03:33:25.2804380Z Creating settings.xml with server-id: github
2026-05-05T03:33:25.2805070Z Writing to /Users/runner/.m2/settings.xml
2026-05-05T03:33:25.6145580Z Cache hit for: setup-java-macOS-arm64-maven-c04a3f9a59846a2cc40572d973c0ee0010373c2502ff289fe0b70f68bbdc1ef8
2026-05-05T03:33:26.8953770Z Received 0 of 19116892 (0.0%), 0.0 MBs/sec
2026-05-05T03:33:27.3805800Z Received 19116892 of 19116892 (100.0%), 12.3 MBs/sec
2026-05-05T03:33:27.3908010Z Cache Size: ~18 MB (19116892 B)
2026-05-05T03:33:27.3984110Z [command]/opt/homebrew/bin/gtar -xf /Users/runner/work/_temp/a0f5316c-048c-4a88-a1db-2c2f0af7d02a/cache.tzst -P -C /Users/runner/work/jjwt/jjwt --delay-directory-restore --use-compress-program unzstd
2026-05-05T03:33:27.8986100Z Cache restored successfully
2026-05-05T03:33:27.9042420Z Cache restored from key: setup-java-macOS-arm64-maven-c04a3f9a59846a2cc40572d973c0ee0010373c2502ff289fe0b70f68bbdc1ef8
2026-05-05T03:33:27.9131870Z ##[group]Run sudo apt-get install -y softhsm2
2026-05-05T03:33:27.9132250Z [36;1msudo apt-get install -y softhsm2[0m
2026-05-05T03:33:27.9204780Z shell: /bin/bash -e {0}
2026-05-05T03:33:27.9304120Z env:
2026-05-05T03:33:27.9304590Z   MVN_CMD: ./mvnw --no-transfer-progress -B
2026-05-05T03:33:27.9305120Z   JAVA_HOME: /Users/runner/hostedtoolcache/Java_Temurin-Hotspot_jdk/18.0.2-101/arm64/Contents/Home
2026-05-05T03:33:27.9306420Z   JAVA_HOME_18_ARM64: /Users/runner/hostedtoolcache/Java_Temurin-Hotspot_jdk/18.0.2-101/arm64/Contents/Home
2026-05-05T03:33:27.9306920Z ##[endgroup]
2026-05-05T03:33:28.0114580Z sudo: apt-get: command not found
2026-05-05T03:33:28.0139970Z ##[error]Process completed with exit code 1.
2026-05-05T03:33:28.0318270Z Post job cleanup.
2026-05-05T03:33:28.2145270Z Post job cleanup.
2026-05-05T03:33:28.3347770Z [command]/opt/homebrew/bin/git version
2026-05-05T03:33:28.3438370Z git version 2.54.0
2026-05-05T03:33:28.3450330Z Copying '/Users/runner/.gitconfig' to '/Users/runner/work/_temp/afb0feea-4d22-41e5-8e65-49824bc49a3d/.gitconfig'
2026-05-05T03:33:28.3457120Z Temporarily overriding HOME='/Users/runner/work/_temp/afb0feea-4d22-41e5-8e65-49824bc49a3d' before making global git config changes
2026-05-05T03:33:28.3457720Z Adding repository directory to the temporary git global config as a safe directory
2026-05-05T03:33:28.3458210Z [command]/opt/homebrew/bin/git config --global --add safe.directory /Users/runner/work/jjwt/jjwt
2026-05-05T03:33:28.3531270Z [command]/opt/homebrew/bin/git config --local --name-only --get-regexp core\.sshCommand
2026-05-05T03:33:28.3752770Z [command]/opt/homebrew/bin/git submodule foreach --recursive sh -c "git config --local --name-only --get-regexp 'core\.sshCommand' && git config --local --unset-all 'core.sshCommand' || :"
2026-05-05T03:33:28.4426730Z [command]/opt/homebrew/bin/git config --local --name-only --get-regexp http\.https\:\/\/github\.com\/\.extraheader
2026-05-05T03:33:28.4469760Z http.https://github.com/.extraheader
2026-05-05T03:33:28.4477540Z [command]/opt/homebrew/bin/git config --local --unset-all http.https://github.com/.extraheader
2026-05-05T03:33:28.4527580Z [command]/opt/homebrew/bin/git submodule foreach --recursive sh -c "git config --local --name-only --get-regexp 'http\.https\:\/\/github\.com\/\.extraheader' && git config --local --unset-all 'http.https://github.com/.extraheader' || :"
2026-05-05T03:33:28.5338410Z [command]/opt/homebrew/bin/git config --local --name-only --get-regexp ^includeIf\.gitdir:
2026-05-05T03:33:28.5386900Z [command]/opt/homebrew/bin/git submodule foreach --recursive git config --local --show-origin --name-only --get-regexp remote.origin.url
2026-05-05T03:33:28.6339620Z Cleaning up orphan processes
2026-05-05T03:33:29.1194010Z ##[warning]Node.js 20 actions are deprecated. The following actions are running on Node.js 20 and may not work as expected: actions/checkout@v4, actions/setup-java@v4. Actions will be forced to run with Node.js 24 by default starting June 2nd, 2026. Node.js 20 will be removed from the runner on September 16th, 2026. Please check if updated versions of these actions are available that support Node.js 24. To opt into Node.js 24 now, set the FORCE_JAVASCRIPT_ACTIONS_TO_NODE24=true environment variable on the runner or in your workflow file. Once Node.js 24 becomes the default, you can temporarily opt out by setting ACTIONS_ALLOW_USE_UNSECURE_NODE_VERSION=true. For more information see: https://github.blog/changelog/2025-09-19-deprecation-of-node-20-on-github-actions-runners/
