ï»¿2026-05-05T03:32:51.9441620Z Current runner version: '2.334.0'
2026-05-05T03:32:51.9455900Z ##[group]Runner Image Provisioner
2026-05-05T03:32:51.9456380Z Hosted Compute Agent
2026-05-05T03:32:51.9456720Z Version: 20260422.526
2026-05-05T03:32:51.9457090Z Commit: e1a9e573f4d0838b3a7c1b07401aeb29ed3635a9
2026-05-05T03:32:51.9457520Z Build Date: 2026-04-22T09:31:31Z
2026-05-05T03:32:51.9457920Z Worker ID: {3be01bb6-6c57-4b76-8e6a-bb0538e3739c}
2026-05-05T03:32:51.9458340Z Azure Region: westus
2026-05-05T03:32:51.9458660Z ##[endgroup]
2026-05-05T03:32:51.9459480Z ##[group]Operating System
2026-05-05T03:32:51.9459840Z macOS
2026-05-05T03:32:51.9460110Z 15.7.4
2026-05-05T03:32:51.9460380Z 24G517
2026-05-05T03:32:51.9460650Z ##[endgroup]
2026-05-05T03:32:51.9460940Z ##[group]Runner Image
2026-05-05T03:32:51.9461270Z Image: macos-15-arm64
2026-05-05T03:32:51.9461580Z Version: 20260427.0018.1
2026-05-05T03:32:51.9462360Z Included Software: https://github.com/actions/runner-images/blob/macos-15-arm64/20260427.0018/images/macos/macos-15-arm64-Readme.md
2026-05-05T03:32:51.9463310Z Image Release: https://github.com/actions/runner-images/releases/tag/macos-15-arm64%2F20260427.0018
2026-05-05T03:32:51.9463900Z ##[endgroup]
2026-05-05T03:32:51.9464570Z ##[group]GITHUB_TOKEN Permissions
2026-05-05T03:32:51.9465540Z Contents: read
2026-05-05T03:32:51.9465840Z Metadata: read
2026-05-05T03:32:51.9466130Z Packages: read
2026-05-05T03:32:51.9466420Z ##[endgroup]
2026-05-05T03:32:51.9468200Z Secret source: Actions
2026-05-05T03:32:51.9468620Z Prepare workflow directory
2026-05-05T03:32:51.9763680Z Prepare all required actions
2026-05-05T03:32:51.9790780Z Getting action download info
2026-05-05T03:32:52.4042610Z Download action repository 'actions/checkout@v4' (SHA:34e114876b0b11c390a56381ad16ebd13914f8d5)
2026-05-05T03:32:52.8122350Z Download action repository 'actions/setup-java@v4' (SHA:c1e323688fd81a25caa38c78aa6df2d33d3e20d9)
2026-05-05T03:32:53.4898400Z Complete job name: code-coverage (macos-latest)
2026-05-05T03:32:53.5469880Z ##[group]Run actions/checkout@v4
2026-05-05T03:32:53.5470500Z with:
2026-05-05T03:32:53.5470790Z   repository: sreeya12/jjwt
2026-05-05T03:32:53.5471340Z   token: ***
2026-05-05T03:32:53.5471620Z   ssh-strict: true
2026-05-05T03:32:53.5471910Z   ssh-user: git
2026-05-05T03:32:53.5472200Z   persist-credentials: true
2026-05-05T03:32:53.5472520Z   clean: true
2026-05-05T03:32:53.5472810Z   sparse-checkout-cone-mode: true
2026-05-05T03:32:53.5473150Z   fetch-depth: 1
2026-05-05T03:32:53.5473430Z   fetch-tags: false
2026-05-05T03:32:53.5473730Z   show-progress: true
2026-05-05T03:32:53.5474020Z   lfs: false
2026-05-05T03:32:53.5474480Z   submodules: false
2026-05-05T03:32:53.5474780Z   set-safe-directory: true
2026-05-05T03:32:53.5475220Z env:
2026-05-05T03:32:53.5475530Z   MVN_CMD: ./mvnw --no-transfer-progress -B
2026-05-05T03:32:53.5475900Z ##[endgroup]
2026-05-05T03:32:54.1470520Z Syncing repository: sreeya12/jjwt
2026-05-05T03:32:54.1472480Z ##[group]Getting Git version info
2026-05-05T03:32:54.1482870Z Working directory is '/Users/runner/work/jjwt/jjwt'
2026-05-05T03:32:54.1533080Z [command]/opt/homebrew/bin/git version
2026-05-05T03:32:54.2071280Z git version 2.54.0
2026-05-05T03:32:54.2403670Z ##[endgroup]
2026-05-05T03:32:54.2506000Z Copying '/Users/runner/.gitconfig' to '/Users/runner/work/_temp/ae522cd4-5729-48e0-9e1f-008a6ee3aebe/.gitconfig'
2026-05-05T03:32:54.2510050Z Temporarily overriding HOME='/Users/runner/work/_temp/ae522cd4-5729-48e0-9e1f-008a6ee3aebe' before making global git config changes
2026-05-05T03:32:54.2511920Z Adding repository directory to the temporary git global config as a safe directory
2026-05-05T03:32:54.2512850Z [command]/opt/homebrew/bin/git config --global --add safe.directory /Users/runner/work/jjwt/jjwt
2026-05-05T03:32:54.2516000Z Deleting the contents of '/Users/runner/work/jjwt/jjwt'
2026-05-05T03:32:54.2517730Z ##[group]Initializing the repository
2026-05-05T03:32:54.2518650Z [command]/opt/homebrew/bin/git init /Users/runner/work/jjwt/jjwt
2026-05-05T03:32:54.2825830Z hint: Using 'master' as the name for the initial branch. This default branch name
2026-05-05T03:32:54.2830130Z hint: will change to "main" in Git 3.0. To configure the initial branch name
2026-05-05T03:32:54.2836650Z hint: to use in all of your new repositories, which will suppress this warning,
2026-05-05T03:32:54.2837690Z hint: call:
2026-05-05T03:32:54.2838280Z hint:
2026-05-05T03:32:54.2838840Z hint: 	git config --global init.defaultBranch <name>
2026-05-05T03:32:54.2839460Z hint:
2026-05-05T03:32:54.2839990Z hint: Names commonly chosen instead of 'master' are 'main', 'trunk' and
2026-05-05T03:32:54.2840820Z hint: 'development'. The just-created branch can be renamed via this command:
2026-05-05T03:32:54.2845270Z hint:
2026-05-05T03:32:54.2846250Z hint: 	git branch -m <name>
2026-05-05T03:32:54.2848300Z hint:
2026-05-05T03:32:54.2853950Z hint: Disable this message with "git config set advice.defaultBranchName false"
2026-05-05T03:32:54.2855310Z Initialized empty Git repository in /Users/runner/work/jjwt/jjwt/.git/
2026-05-05T03:32:54.2857140Z [command]/opt/homebrew/bin/git remote add origin https://github.com/sreeya12/jjwt
2026-05-05T03:32:54.2968290Z ##[endgroup]
2026-05-05T03:32:54.2969100Z ##[group]Disabling automatic garbage collection
2026-05-05T03:32:54.2969840Z [command]/opt/homebrew/bin/git config --local gc.auto 0
2026-05-05T03:32:54.3118460Z ##[endgroup]
2026-05-05T03:32:54.3120750Z ##[group]Setting up auth
2026-05-05T03:32:54.3122810Z [command]/opt/homebrew/bin/git config --local --name-only --get-regexp core\.sshCommand
2026-05-05T03:32:54.3214020Z [command]/opt/homebrew/bin/git submodule foreach --recursive sh -c "git config --local --name-only --get-regexp 'core\.sshCommand' && git config --local --unset-all 'core.sshCommand' || :"
2026-05-05T03:32:54.4243540Z [command]/opt/homebrew/bin/git config --local --name-only --get-regexp http\.https\:\/\/github\.com\/\.extraheader
2026-05-05T03:32:54.4309200Z [command]/opt/homebrew/bin/git submodule foreach --recursive sh -c "git config --local --name-only --get-regexp 'http\.https\:\/\/github\.com\/\.extraheader' && git config --local --unset-all 'http.https://github.com/.extraheader' || :"
2026-05-05T03:32:54.5671760Z [command]/opt/homebrew/bin/git config --local --name-only --get-regexp ^includeIf\.gitdir:
2026-05-05T03:32:54.5972510Z [command]/opt/homebrew/bin/git submodule foreach --recursive git config --local --show-origin --name-only --get-regexp remote.origin.url
2026-05-05T03:32:54.7280460Z [command]/opt/homebrew/bin/git config --local http.https://github.com/.extraheader AUTHORIZATION: basic ***
2026-05-05T03:32:54.7377050Z ##[endgroup]
2026-05-05T03:32:54.7401790Z ##[group]Fetching the repository
2026-05-05T03:32:54.7405520Z [command]/opt/homebrew/bin/git -c protocol.version=2 fetch --no-tags --prune --no-recurse-submodules --depth=1 origin +f8d61dcb25cb1310f3c30d12af9a1fb020650449:refs/remotes/origin/os-expansion-experiment
2026-05-05T03:32:55.5386540Z From https://github.com/sreeya12/jjwt
2026-05-05T03:32:55.5409150Z  * [new ref]         f8d61dcb25cb1310f3c30d12af9a1fb020650449 -> origin/os-expansion-experiment
2026-05-05T03:32:55.5525710Z ##[endgroup]
2026-05-05T03:32:55.5528500Z ##[group]Determining the checkout info
2026-05-05T03:32:55.5530680Z ##[endgroup]
2026-05-05T03:32:55.5532140Z [command]/opt/homebrew/bin/git sparse-checkout disable
2026-05-05T03:32:55.5637680Z [command]/opt/homebrew/bin/git config --local --unset-all extensions.worktreeConfig
2026-05-05T03:32:55.5731120Z ##[group]Checking out the ref
2026-05-05T03:32:55.5734000Z [command]/opt/homebrew/bin/git checkout --progress --force -B os-expansion-experiment refs/remotes/origin/os-expansion-experiment
2026-05-05T03:32:55.7105830Z Switched to a new branch 'os-expansion-experiment'
2026-05-05T03:32:55.7184790Z branch 'os-expansion-experiment' set up to track 'origin/os-expansion-experiment'.
2026-05-05T03:32:55.7215630Z ##[endgroup]
2026-05-05T03:32:55.7241600Z [command]/opt/homebrew/bin/git log -1 --format=%H
2026-05-05T03:32:55.7309350Z f8d61dcb25cb1310f3c30d12af9a1fb020650449
2026-05-05T03:32:55.7729510Z ##[group]Run actions/setup-java@v4
2026-05-05T03:32:55.7730640Z with:
2026-05-05T03:32:55.7731230Z   distribution: zulu
2026-05-05T03:32:55.7731900Z   java-version: 8
2026-05-05T03:32:55.7732510Z   cache: maven
2026-05-05T03:32:55.7733090Z   check-latest: true
2026-05-05T03:32:55.7733710Z   java-package: jdk
2026-05-05T03:32:55.7734300Z   server-id: github
2026-05-05T03:32:55.7734920Z   server-username: GITHUB_ACTOR
2026-05-05T03:32:55.7735640Z   server-password: GITHUB_TOKEN
2026-05-05T03:32:55.7736360Z   overwrite-settings: true
2026-05-05T03:32:55.7737040Z   job-status: success
2026-05-05T03:32:55.7737930Z   token: ***
2026-05-05T03:32:55.7738460Z env:
2026-05-05T03:32:55.7739060Z   MVN_CMD: ./mvnw --no-transfer-progress -B
2026-05-05T03:32:55.7739940Z ##[endgroup]
2026-05-05T03:32:55.9681780Z ##[group]Installed distributions
2026-05-05T03:32:55.9698250Z Trying to resolve the latest version from remote
2026-05-05T03:32:56.0638270Z Resolved latest version as 8.0.492+9
2026-05-05T03:32:56.0639240Z Trying to download...
2026-05-05T03:32:56.0641710Z Downloading Java 8.0.492+9 (Zulu) from https://cdn.azul.com/zulu/bin/zulu8.94.0.17-ca-jdk8.0.492-macosx_aarch64.tar.gz ...
2026-05-05T03:32:57.3091690Z Extracting Java archive...
2026-05-05T03:32:57.3216840Z [command]/usr/bin/tar xz -C /Users/runner/work/_temp/b7b9ee59-ead7-4f26-ba26-9097431cb66a -f /Users/runner/work/_temp/027b6050-503a-4f7c-b525-f1cd03e998e7
2026-05-05T03:32:59.2692660Z Java 8.0.492+9 was downloaded
2026-05-05T03:32:59.2694370Z Setting Java 8.0.492+9 as the default
2026-05-05T03:32:59.2716250Z Creating toolchains.xml for JDK version 8 from zulu
2026-05-05T03:32:59.2788280Z Writing to /Users/runner/.m2/toolchains.xml
2026-05-05T03:32:59.2789830Z 
2026-05-05T03:32:59.2790020Z Java configuration:
2026-05-05T03:32:59.2790380Z   Distribution: zulu
2026-05-05T03:32:59.2790760Z   Version: 8.0.492+9
2026-05-05T03:32:59.2791200Z   Path: /Users/runner/hostedtoolcache/Java_Zulu_jdk/8.0.492-9/arm64/Contents/Home
2026-05-05T03:32:59.2793300Z 
2026-05-05T03:32:59.2795900Z ##[endgroup]
2026-05-05T03:32:59.2840560Z Creating settings.xml with server-id: github
2026-05-05T03:32:59.2840950Z Writing to /Users/runner/.m2/settings.xml
2026-05-05T03:32:59.5964500Z Cache hit for: setup-java-macOS-arm64-maven-c04a3f9a59846a2cc40572d973c0ee0010373c2502ff289fe0b70f68bbdc1ef8
2026-05-05T03:33:00.9468650Z Received 0 of 19116892 (0.0%), 0.0 MBs/sec
2026-05-05T03:33:01.9569840Z Received 14922588 of 19116892 (78.1%), 7.1 MBs/sec
2026-05-05T03:33:02.9705050Z Received 14922588 of 19116892 (78.1%), 4.7 MBs/sec
2026-05-05T03:33:03.3647480Z Received 19116892 of 19116892 (100.0%), 5.3 MBs/sec
2026-05-05T03:33:03.3655250Z Cache Size: ~18 MB (19116892 B)
2026-05-05T03:33:03.3709030Z [command]/opt/homebrew/bin/gtar -xf /Users/runner/work/_temp/4d280e97-b6cc-4525-9bed-8fcb519fdd19/cache.tzst -P -C /Users/runner/work/jjwt/jjwt --delay-directory-restore --use-compress-program unzstd
2026-05-05T03:33:03.5685700Z Cache restored successfully
2026-05-05T03:33:03.5693430Z Cache restored from key: setup-java-macOS-arm64-maven-c04a3f9a59846a2cc40572d973c0ee0010373c2502ff289fe0b70f68bbdc1ef8
2026-05-05T03:33:03.5865320Z ##[group]Run sudo apt-get install -y softhsm2
2026-05-05T03:33:03.5865710Z [36;1msudo apt-get install -y softhsm2[0m
2026-05-05T03:33:03.5925070Z shell: /bin/bash -e {0}
2026-05-05T03:33:03.5925320Z env:
2026-05-05T03:33:03.5925540Z   MVN_CMD: ./mvnw --no-transfer-progress -B
2026-05-05T03:33:03.5925960Z   JAVA_HOME: /Users/runner/hostedtoolcache/Java_Zulu_jdk/8.0.492-9/arm64/Contents/Home
2026-05-05T03:33:03.5926430Z   JAVA_HOME_8_ARM64: /Users/runner/hostedtoolcache/Java_Zulu_jdk/8.0.492-9/arm64/Contents/Home
2026-05-05T03:33:03.5926760Z ##[endgroup]
2026-05-05T03:33:03.6497560Z sudo: apt-get: command not found
2026-05-05T03:33:03.6514240Z ##[error]Process completed with exit code 1.
2026-05-05T03:33:03.6619300Z Post job cleanup.
2026-05-05T03:33:03.9682880Z Post job cleanup.
2026-05-05T03:33:04.0602750Z [command]/opt/homebrew/bin/git version
2026-05-05T03:33:04.0709810Z git version 2.54.0
2026-05-05T03:33:04.1214970Z Copying '/Users/runner/.gitconfig' to '/Users/runner/work/_temp/16f392d3-afaf-4b88-9fa2-f7acb3b30a7a/.gitconfig'
2026-05-05T03:33:04.1261260Z Temporarily overriding HOME='/Users/runner/work/_temp/16f392d3-afaf-4b88-9fa2-f7acb3b30a7a' before making global git config changes
2026-05-05T03:33:04.1274640Z Adding repository directory to the temporary git global config as a safe directory
2026-05-05T03:33:04.1279570Z [command]/opt/homebrew/bin/git config --global --add safe.directory /Users/runner/work/jjwt/jjwt
2026-05-05T03:33:04.1373350Z [command]/opt/homebrew/bin/git config --local --name-only --get-regexp core\.sshCommand
2026-05-05T03:33:04.1420850Z [command]/opt/homebrew/bin/git submodule foreach --recursive sh -c "git config --local --name-only --get-regexp 'core\.sshCommand' && git config --local --unset-all 'core.sshCommand' || :"
2026-05-05T03:33:04.1953060Z [command]/opt/homebrew/bin/git config --local --name-only --get-regexp http\.https\:\/\/github\.com\/\.extraheader
2026-05-05T03:33:04.2003330Z http.https://github.com/.extraheader
2026-05-05T03:33:04.2012580Z [command]/opt/homebrew/bin/git config --local --unset-all http.https://github.com/.extraheader
2026-05-05T03:33:04.2074640Z [command]/opt/homebrew/bin/git submodule foreach --recursive sh -c "git config --local --name-only --get-regexp 'http\.https\:\/\/github\.com\/\.extraheader' && git config --local --unset-all 'http.https://github.com/.extraheader' || :"
2026-05-05T03:33:04.2798060Z [command]/opt/homebrew/bin/git config --local --name-only --get-regexp ^includeIf\.gitdir:
2026-05-05T03:33:04.2853800Z [command]/opt/homebrew/bin/git submodule foreach --recursive git config --local --show-origin --name-only --get-regexp remote.origin.url
2026-05-05T03:33:04.3755240Z Cleaning up orphan processes
2026-05-05T03:33:04.3820200Z ##[warning]Node.js 20 actions are deprecated. The following actions are running on Node.js 20 and may not work as expected: actions/checkout@v4, actions/setup-java@v4. Actions will be forced to run with Node.js 24 by default starting June 2nd, 2026. Node.js 20 will be removed from the runner on September 16th, 2026. Please check if updated versions of these actions are available that support Node.js 24. To opt into Node.js 24 now, set the FORCE_JAVASCRIPT_ACTIONS_TO_NODE24=true environment variable on the runner or in your workflow file. Once Node.js 24 becomes the default, you can temporarily opt out by setting ACTIONS_ALLOW_USE_UNSECURE_NODE_VERSION=true. For more information see: https://github.blog/changelog/2025-09-19-deprecation-of-node-20-on-github-actions-runners/
