ï»¿2026-05-04T07:32:20.3315930Z Current runner version: '2.334.0'
2026-05-04T07:32:20.3328330Z ##[group]Runner Image Provisioner
2026-05-04T07:32:20.3328760Z Hosted Compute Agent
2026-05-04T07:32:20.3329080Z Version: 20260422.526
2026-05-04T07:32:20.3329430Z Commit: e1a9e573f4d0838b3a7c1b07401aeb29ed3635a9
2026-05-04T07:32:20.3329840Z Build Date: 2026-04-22T09:31:31Z
2026-05-04T07:32:20.3330220Z Worker ID: {f5c23abb-0c1c-4e94-9e02-443c7137d3b1}
2026-05-04T07:32:20.3330620Z Azure Region: westus
2026-05-04T07:32:20.3330930Z ##[endgroup]
2026-05-04T07:32:20.3331660Z ##[group]Operating System
2026-05-04T07:32:20.3331990Z macOS
2026-05-04T07:32:20.3332250Z 15.7.4
2026-05-04T07:32:20.3332510Z 24G517
2026-05-04T07:32:20.3332770Z ##[endgroup]
2026-05-04T07:32:20.3333040Z ##[group]Runner Image
2026-05-04T07:32:20.3333350Z Image: macos-15-arm64
2026-05-04T07:32:20.3333650Z Version: 20260427.0018.1
2026-05-04T07:32:20.3334340Z Included Software: https://github.com/actions/runner-images/blob/macos-15-arm64/20260427.0018/images/macos/macos-15-arm64-Readme.md
2026-05-04T07:32:20.3335250Z Image Release: https://github.com/actions/runner-images/releases/tag/macos-15-arm64%2F20260427.0018
2026-05-04T07:32:20.3335810Z ##[endgroup]
2026-05-04T07:32:20.3336440Z ##[group]GITHUB_TOKEN Permissions
2026-05-04T07:32:20.3337280Z Contents: read
2026-05-04T07:32:20.3337570Z Metadata: read
2026-05-04T07:32:20.3337840Z Packages: read
2026-05-04T07:32:20.3338120Z ##[endgroup]
2026-05-04T07:32:20.3339320Z Secret source: Actions
2026-05-04T07:32:20.3339670Z Prepare workflow directory
2026-05-04T07:32:20.3638660Z Prepare all required actions
2026-05-04T07:32:20.3663120Z Getting action download info
2026-05-04T07:32:20.8167440Z Download action repository 'actions/checkout@v4' (SHA:34e114876b0b11c390a56381ad16ebd13914f8d5)
2026-05-04T07:32:21.2154150Z Download action repository 'actions/setup-java@v4' (SHA:c1e323688fd81a25caa38c78aa6df2d33d3e20d9)
2026-05-04T07:32:22.1490620Z Complete job name: jdk-7-zulu
2026-05-04T07:32:22.1851160Z ##[group]Run actions/checkout@v4
2026-05-04T07:32:22.1851680Z with:
2026-05-04T07:32:22.1851970Z   repository: sreeya12/jjwt
2026-05-04T07:32:22.1852390Z   token: ***
2026-05-04T07:32:22.1852670Z   ssh-strict: true
2026-05-04T07:32:22.1852950Z   ssh-user: git
2026-05-04T07:32:22.1853230Z   persist-credentials: true
2026-05-04T07:32:22.1853550Z   clean: true
2026-05-04T07:32:22.1853830Z   sparse-checkout-cone-mode: true
2026-05-04T07:32:22.1854190Z   fetch-depth: 1
2026-05-04T07:32:22.1854480Z   fetch-tags: false
2026-05-04T07:32:22.1854770Z   show-progress: true
2026-05-04T07:32:22.1855060Z   lfs: false
2026-05-04T07:32:22.1855340Z   submodules: false
2026-05-04T07:32:22.1855640Z   set-safe-directory: true
2026-05-04T07:32:22.1856050Z env:
2026-05-04T07:32:22.1856350Z   MVN_CMD: ./mvnw --no-transfer-progress -B
2026-05-04T07:32:22.1856730Z   JDK_MAJOR_VERSION: 7
2026-05-04T07:32:22.1857020Z ##[endgroup]
2026-05-04T07:32:22.4579430Z Syncing repository: sreeya12/jjwt
2026-05-04T07:32:22.4581110Z ##[group]Getting Git version info
2026-05-04T07:32:22.4581650Z Working directory is '/Users/runner/work/jjwt/jjwt'
2026-05-04T07:32:22.4582400Z [command]/opt/homebrew/bin/git version
2026-05-04T07:32:22.5103640Z git version 2.54.0
2026-05-04T07:32:22.5128910Z ##[endgroup]
2026-05-04T07:32:22.5134660Z Copying '/Users/runner/.gitconfig' to '/Users/runner/work/_temp/50074037-cf2a-40e9-91eb-b1083d42ce83/.gitconfig'
2026-05-04T07:32:22.5139980Z Temporarily overriding HOME='/Users/runner/work/_temp/50074037-cf2a-40e9-91eb-b1083d42ce83' before making global git config changes
2026-05-04T07:32:22.5141210Z Adding repository directory to the temporary git global config as a safe directory
2026-05-04T07:32:22.5148080Z [command]/opt/homebrew/bin/git config --global --add safe.directory /Users/runner/work/jjwt/jjwt
2026-05-04T07:32:22.5234260Z Deleting the contents of '/Users/runner/work/jjwt/jjwt'
2026-05-04T07:32:22.5236680Z ##[group]Initializing the repository
2026-05-04T07:32:22.5240550Z [command]/opt/homebrew/bin/git init /Users/runner/work/jjwt/jjwt
2026-05-04T07:32:22.5407300Z hint: Using 'master' as the name for the initial branch. This default branch name
2026-05-04T07:32:22.5408290Z hint: will change to "main" in Git 3.0. To configure the initial branch name
2026-05-04T07:32:22.5409070Z hint: to use in all of your new repositories, which will suppress this warning,
2026-05-04T07:32:22.5409640Z hint: call:
2026-05-04T07:32:22.5410020Z hint:
2026-05-04T07:32:22.5410420Z hint: 	git config --global init.defaultBranch <name>
2026-05-04T07:32:22.5410870Z hint:
2026-05-04T07:32:22.5411300Z hint: Names commonly chosen instead of 'master' are 'main', 'trunk' and
2026-05-04T07:32:22.5411990Z hint: 'development'. The just-created branch can be renamed via this command:
2026-05-04T07:32:22.5412540Z hint:
2026-05-04T07:32:22.5412840Z hint: 	git branch -m <name>
2026-05-04T07:32:22.5413190Z hint:
2026-05-04T07:32:22.5413670Z hint: Disable this message with "git config set advice.defaultBranchName false"
2026-05-04T07:32:22.5414420Z Initialized empty Git repository in /Users/runner/work/jjwt/jjwt/.git/
2026-05-04T07:32:22.5416600Z [command]/opt/homebrew/bin/git remote add origin https://github.com/sreeya12/jjwt
2026-05-04T07:32:22.5480110Z ##[endgroup]
2026-05-04T07:32:22.5481110Z ##[group]Disabling automatic garbage collection
2026-05-04T07:32:22.5481850Z [command]/opt/homebrew/bin/git config --local gc.auto 0
2026-05-04T07:32:22.5534220Z ##[endgroup]
2026-05-04T07:32:22.5534810Z ##[group]Setting up auth
2026-05-04T07:32:22.5538350Z [command]/opt/homebrew/bin/git config --local --name-only --get-regexp core\.sshCommand
2026-05-04T07:32:22.5591410Z [command]/opt/homebrew/bin/git submodule foreach --recursive sh -c "git config --local --name-only --get-regexp 'core\.sshCommand' && git config --local --unset-all 'core.sshCommand' || :"
2026-05-04T07:32:22.6827630Z [command]/opt/homebrew/bin/git config --local --name-only --get-regexp http\.https\:\/\/github\.com\/\.extraheader
2026-05-04T07:32:22.6885190Z [command]/opt/homebrew/bin/git submodule foreach --recursive sh -c "git config --local --name-only --get-regexp 'http\.https\:\/\/github\.com\/\.extraheader' && git config --local --unset-all 'http.https://github.com/.extraheader' || :"
2026-05-04T07:32:22.7806090Z [command]/opt/homebrew/bin/git config --local --name-only --get-regexp ^includeIf\.gitdir:
2026-05-04T07:32:22.7808170Z [command]/opt/homebrew/bin/git submodule foreach --recursive git config --local --show-origin --name-only --get-regexp remote.origin.url
2026-05-04T07:32:22.8717420Z [command]/opt/homebrew/bin/git config --local http.https://github.com/.extraheader AUTHORIZATION: basic ***
2026-05-04T07:32:22.8871520Z ##[endgroup]
2026-05-04T07:32:22.8872090Z ##[group]Fetching the repository
2026-05-04T07:32:22.8877730Z [command]/opt/homebrew/bin/git -c protocol.version=2 fetch --no-tags --prune --no-recurse-submodules --depth=1 origin +f8d61dcb25cb1310f3c30d12af9a1fb020650449:refs/remotes/origin/os-expansion-experiment
2026-05-04T07:32:23.5291910Z From https://github.com/sreeya12/jjwt
2026-05-04T07:32:23.5297390Z  * [new ref]         f8d61dcb25cb1310f3c30d12af9a1fb020650449 -> origin/os-expansion-experiment
2026-05-04T07:32:23.5407880Z ##[endgroup]
2026-05-04T07:32:23.5412320Z ##[group]Determining the checkout info
2026-05-04T07:32:23.5445160Z ##[endgroup]
2026-05-04T07:32:23.5449620Z [command]/opt/homebrew/bin/git sparse-checkout disable
2026-05-04T07:32:23.5479130Z [command]/opt/homebrew/bin/git config --local --unset-all extensions.worktreeConfig
2026-05-04T07:32:23.5550030Z ##[group]Checking out the ref
2026-05-04T07:32:23.5553050Z [command]/opt/homebrew/bin/git checkout --progress --force -B os-expansion-experiment refs/remotes/origin/os-expansion-experiment
2026-05-04T07:32:23.7593690Z Switched to a new branch 'os-expansion-experiment'
2026-05-04T07:32:23.7612430Z branch 'os-expansion-experiment' set up to track 'origin/os-expansion-experiment'.
2026-05-04T07:32:23.7629000Z ##[endgroup]
2026-05-04T07:32:23.7697400Z [command]/opt/homebrew/bin/git log -1 --format=%H
2026-05-04T07:32:23.7745950Z f8d61dcb25cb1310f3c30d12af9a1fb020650449
2026-05-04T07:32:23.8052100Z ##[group]Run actions/setup-java@v4
2026-05-04T07:32:23.8052950Z with:
2026-05-04T07:32:23.8053520Z   java-version: 7
2026-05-04T07:32:23.8054150Z   distribution: zulu
2026-05-04T07:32:23.8054810Z   cache: maven
2026-05-04T07:32:23.8055410Z   check-latest: true
2026-05-04T07:32:23.8056050Z   java-package: jdk
2026-05-04T07:32:23.8056670Z   server-id: github
2026-05-04T07:32:23.8057500Z   server-username: GITHUB_ACTOR
2026-05-04T07:32:23.8058310Z   server-password: GITHUB_TOKEN
2026-05-04T07:32:23.8059050Z   overwrite-settings: true
2026-05-04T07:32:23.8059720Z   job-status: success
2026-05-04T07:32:23.8060700Z   token: ***
2026-05-04T07:32:23.8061250Z env:
2026-05-04T07:32:23.8061920Z   MVN_CMD: ./mvnw --no-transfer-progress -B
2026-05-04T07:32:23.8062760Z   JDK_MAJOR_VERSION: 7
2026-05-04T07:32:23.8063380Z ##[endgroup]
2026-05-04T07:32:23.9802840Z ##[group]Installed distributions
2026-05-04T07:32:23.9817610Z Trying to resolve the latest version from remote
2026-05-04T07:32:24.0718680Z ##[error]Could not find satisfied version for semver 7. 
Available versions: 26.0.1+8, 26.0.0+35, 25.0.3+9, 25.0.2+10, 25.0.0+36, 24.0.2+12, 24.0.2+12, 23.0.2+7, 23.0.2+7, 22.0.2+9, 22.0.2+9, 21.0.11+10, 21.0.10+7, 21.0.1+12, 20.0.2+9, 19.0.2+7, 18.0.2+1, 17.0.19+10, 17.0.18+8, 17.0.3+7, 16.0.2+7, 15.0.10+5, 13.0.14+5, 11.0.31+11, 11.0.15+10, 8.0.492+9, 8.0.332+9, 26.0.0+35, 25.0.2+10, 25.0.2+10, 25.0.2+10, 25.0.1+8, 25.0.1+8, 25.0.0+36, 24.0.1+9, 24.0.1+9, 24.0.0+36, 24.0.0+36, 23.0.1+11, 23.0.1+11, 23.0.0+37, 23.0.0+37, 22.0.2+9, 22.0.1+8, 22.0.1+8, 22.0.0+36, 22.0.0+36, 21.0.10+7, 21.0.10+7, 21.0.10+7, 21.0.9+10, 21.0.9+10, 21.0.8+9, 21.0.8+9, 21.0.7+6, 21.0.7+6, 21.0.6+7, 21.0.6+7, 21.0.5+11, 21.0.5+11, 21.0.4+7, 21.0.4+7, 21.0.3+9, 21.0.3+9, 21.0.2+13, 21.0.2+13, 21.0.0+35, 20.0.1+9, 20.0.0+36, 19.0.1+10, 19.0.0+36, 18.0.2+9, 18.0.1+10, 18.0.0+37, 17.0.18+8, 17.0.18+8, 17.0.18+8, 17.0.17+10, 17.0.17+10, 17.0.16+8, 17.0.16+8, 17.0.15+6, 17.0.15+6, 17.0.14+7, 17.0.14+7, 17.0.13+11, 17.0.13+11, 17.0.12+7, 17.0.12+7, 17.0.11+9, 17.0.11+9, 17.0.10+7, 17.0.10+7, 17.0.9+8, 17.0.8+1, 17.0.8+7, 17.0.7+7, 17.0.6+10, 17.0.5+8, 17.0.4+1, 17.0.4+8, 17.0.2+8, 17.0.1+12, 17.0.0+35, 16.0.1+9, 16.0.1+9, 16.0.0+36, 15.0.9+5, 15.0.8+4, 15.0.7+4, 15.0.6+5, 15.0.5+3, 15.0.4+5, 15.0.3+3, 15.0.2+7, 15.0.1+9, 15.0.1+9, 13.0.13+5, 13.0.12+4, 13.0.11+4, 13.0.10+5, 13.0.9+3, 13.0.8+5, 13.0.7+5, 13.0.6+5, 13.0.5+1, 13.0.5+1, 13.0.5+1, 11.0.30+7, 11.0.30+7, 11.0.29+7, 11.0.28+6, 11.0.27+6, 11.0.26+4, 11.0.25+9, 11.0.24+8, 11.0.23+9, 11.0.22+7, 11.0.21+9, 11.0.20+1, 11.0.20+8, 11.0.19+7, 11.0.18+10, 11.0.17+8, 11.0.16+1, 11.0.16+8, 11.0.14+1, 11.0.14+9, 11.0.13+8, 11.0.12+7, 11.0.11+9, 11.0.10+9, 11.0.9+1, 11.0.9+1, 11.0.9+1, 8.0.482+8, 8.0.482+8, 8.0.472+8, 8.0.462+8, 8.0.452+9, 8.0.442+6, 8.0.432+6, 8.0.422+5, 8.0.412+8, 8.0.402+6, 8.0.392+8, 8.0.382+5, 8.0.372+7, 8.0.362+9, 8.0.362+8, 8.0.352+8, 8.0.345+1, 8.0.342+7, 8.0.322+6, 8.0.312+7, 8.0.302+8, 8.0.292+10, 8.0.282+8, 8.0.275+1
2026-05-04T07:32:24.0921950Z Post job cleanup.
2026-05-04T07:32:24.2925700Z Post job cleanup.
2026-05-04T07:32:24.4292200Z [command]/opt/homebrew/bin/git version
2026-05-04T07:32:24.4392510Z git version 2.54.0
2026-05-04T07:32:24.4913490Z Copying '/Users/runner/.gitconfig' to '/Users/runner/work/_temp/703212f4-088c-45f0-aa07-3ca1c9ff0fb4/.gitconfig'
2026-05-04T07:32:24.5017130Z Temporarily overriding HOME='/Users/runner/work/_temp/703212f4-088c-45f0-aa07-3ca1c9ff0fb4' before making global git config changes
2026-05-04T07:32:24.5118950Z Adding repository directory to the temporary git global config as a safe directory
2026-05-04T07:32:24.5220590Z [command]/opt/homebrew/bin/git config --global --add safe.directory /Users/runner/work/jjwt/jjwt
2026-05-04T07:32:24.5523640Z [command]/opt/homebrew/bin/git config --local --name-only --get-regexp core\.sshCommand
2026-05-04T07:32:24.5827690Z [command]/opt/homebrew/bin/git submodule foreach --recursive sh -c "git config --local --name-only --get-regexp 'core\.sshCommand' && git config --local --unset-all 'core.sshCommand' || :"
2026-05-04T07:32:24.6129210Z [command]/opt/homebrew/bin/git config --local --name-only --get-regexp http\.https\:\/\/github\.com\/\.extraheader
2026-05-04T07:32:24.6229780Z http.https://github.com/.extraheader
2026-05-04T07:32:24.6533350Z [command]/opt/homebrew/bin/git config --local --unset-all http.https://github.com/.extraheader
2026-05-04T07:32:24.6836740Z [command]/opt/homebrew/bin/git submodule foreach --recursive sh -c "git config --local --name-only --get-regexp 'http\.https\:\/\/github\.com\/\.extraheader' && git config --local --unset-all 'http.https://github.com/.extraheader' || :"
2026-05-04T07:32:24.7323600Z [command]/opt/homebrew/bin/git config --local --name-only --get-regexp ^includeIf\.gitdir:
2026-05-04T07:32:24.7418370Z [command]/opt/homebrew/bin/git submodule foreach --recursive git config --local --show-origin --name-only --get-regexp remote.origin.url
2026-05-04T07:32:24.8193650Z Cleaning up orphan processes
2026-05-04T07:32:25.0534520Z ##[warning]Node.js 20 actions are deprecated. The following actions are running on Node.js 20 and may not work as expected: actions/checkout@v4, actions/setup-java@v4. Actions will be forced to run with Node.js 24 by default starting June 2nd, 2026. Node.js 20 will be removed from the runner on September 16th, 2026. Please check if updated versions of these actions are available that support Node.js 24. To opt into Node.js 24 now, set the FORCE_JAVASCRIPT_ACTIONS_TO_NODE24=true environment variable on the runner or in your workflow file. Once Node.js 24 becomes the default, you can temporarily opt out by setting ACTIONS_ALLOW_USE_UNSECURE_NODE_VERSION=true. For more information see: https://github.blog/changelog/2025-09-19-deprecation-of-node-20-on-github-actions-runners/
