ï»¿2026-05-04T07:32:09.2703590Z Current runner version: '2.334.0'
2026-05-04T07:32:09.2721490Z ##[group]Runner Image Provisioner
2026-05-04T07:32:09.2721980Z Hosted Compute Agent
2026-05-04T07:32:09.2722370Z Version: 20260422.526
2026-05-04T07:32:09.2722830Z Commit: e1a9e573f4d0838b3a7c1b07401aeb29ed3635a9
2026-05-04T07:32:09.2723300Z Build Date: 2026-04-22T09:31:31Z
2026-05-04T07:32:09.2723750Z Worker ID: {cb319e68-1967-421b-a3a5-4c112f8ff76b}
2026-05-04T07:32:09.2724190Z Azure Region: westus
2026-05-04T07:32:09.2724530Z ##[endgroup]
2026-05-04T07:32:09.2725450Z ##[group]Operating System
2026-05-04T07:32:09.2725820Z macOS
2026-05-04T07:32:09.2726120Z 15.7.4
2026-05-04T07:32:09.2726390Z 24G517
2026-05-04T07:32:09.2726680Z ##[endgroup]
2026-05-04T07:32:09.2726980Z ##[group]Runner Image
2026-05-04T07:32:09.2727330Z Image: macos-15-arm64
2026-05-04T07:32:09.2727650Z Version: 20260427.0018.1
2026-05-04T07:32:09.2728460Z Included Software: https://github.com/actions/runner-images/blob/macos-15-arm64/20260427.0018/images/macos/macos-15-arm64-Readme.md
2026-05-04T07:32:09.2729450Z Image Release: https://github.com/actions/runner-images/releases/tag/macos-15-arm64%2F20260427.0018
2026-05-04T07:32:09.2730060Z ##[endgroup]
2026-05-04T07:32:09.2730930Z ##[group]GITHUB_TOKEN Permissions
2026-05-04T07:32:09.2732560Z Contents: read
2026-05-04T07:32:09.2732900Z Metadata: read
2026-05-04T07:32:09.2733200Z Packages: read
2026-05-04T07:32:09.2733510Z ##[endgroup]
2026-05-04T07:32:09.2735910Z Secret source: Actions
2026-05-04T07:32:09.2736880Z Prepare workflow directory
2026-05-04T07:32:09.3004530Z Prepare all required actions
2026-05-04T07:32:09.3038530Z Getting action download info
2026-05-04T07:32:09.4974440Z Download action repository 'actions/checkout@v4' (SHA:34e114876b0b11c390a56381ad16ebd13914f8d5)
2026-05-04T07:32:09.6777600Z Download action repository 'actions/setup-java@v4' (SHA:c1e323688fd81a25caa38c78aa6df2d33d3e20d9)
2026-05-04T07:32:11.2383350Z Complete job name: jdk-8-temurin
2026-05-04T07:32:11.2815390Z ##[group]Run actions/checkout@v4
2026-05-04T07:32:11.2816020Z with:
2026-05-04T07:32:11.2816350Z   repository: sreeya12/jjwt
2026-05-04T07:32:11.2816940Z   token: ***
2026-05-04T07:32:11.2817240Z   ssh-strict: true
2026-05-04T07:32:11.2817540Z   ssh-user: git
2026-05-04T07:32:11.2817850Z   persist-credentials: true
2026-05-04T07:32:11.2818190Z   clean: true
2026-05-04T07:32:11.2818500Z   sparse-checkout-cone-mode: true
2026-05-04T07:32:11.2818880Z   fetch-depth: 1
2026-05-04T07:32:11.2819190Z   fetch-tags: false
2026-05-04T07:32:11.2819520Z   show-progress: true
2026-05-04T07:32:11.2819830Z   lfs: false
2026-05-04T07:32:11.2820140Z   submodules: false
2026-05-04T07:32:11.2820460Z   set-safe-directory: true
2026-05-04T07:32:11.2820920Z env:
2026-05-04T07:32:11.2821250Z   MVN_CMD: ./mvnw --no-transfer-progress -B
2026-05-04T07:32:11.2821670Z ##[endgroup]
2026-05-04T07:32:11.6262640Z Syncing repository: sreeya12/jjwt
2026-05-04T07:32:11.6264770Z ##[group]Getting Git version info
2026-05-04T07:32:11.6265420Z Working directory is '/Users/runner/work/jjwt/jjwt'
2026-05-04T07:32:11.6266250Z [command]/opt/homebrew/bin/git version
2026-05-04T07:32:11.6824000Z git version 2.54.0
2026-05-04T07:32:11.6850830Z ##[endgroup]
2026-05-04T07:32:11.6856900Z Copying '/Users/runner/.gitconfig' to '/Users/runner/work/_temp/7e459cb4-ec5a-4c68-8483-1c3e2cad4a2b/.gitconfig'
2026-05-04T07:32:11.6868680Z Temporarily overriding HOME='/Users/runner/work/_temp/7e459cb4-ec5a-4c68-8483-1c3e2cad4a2b' before making global git config changes
2026-05-04T07:32:11.6869790Z Adding repository directory to the temporary git global config as a safe directory
2026-05-04T07:32:11.6872990Z [command]/opt/homebrew/bin/git config --global --add safe.directory /Users/runner/work/jjwt/jjwt
2026-05-04T07:32:11.6962110Z Deleting the contents of '/Users/runner/work/jjwt/jjwt'
2026-05-04T07:32:11.6964800Z ##[group]Initializing the repository
2026-05-04T07:32:11.6968880Z [command]/opt/homebrew/bin/git init /Users/runner/work/jjwt/jjwt
2026-05-04T07:32:11.7147230Z hint: Using 'master' as the name for the initial branch. This default branch name
2026-05-04T07:32:11.7148760Z hint: will change to "main" in Git 3.0. To configure the initial branch name
2026-05-04T07:32:11.7149470Z hint: to use in all of your new repositories, which will suppress this warning,
2026-05-04T07:32:11.7150030Z hint: call:
2026-05-04T07:32:11.7150350Z hint:
2026-05-04T07:32:11.7150750Z hint: 	git config --global init.defaultBranch <name>
2026-05-04T07:32:11.7151230Z hint:
2026-05-04T07:32:11.7151690Z hint: Names commonly chosen instead of 'master' are 'main', 'trunk' and
2026-05-04T07:32:11.7152390Z hint: 'development'. The just-created branch can be renamed via this command:
2026-05-04T07:32:11.7152940Z hint:
2026-05-04T07:32:11.7153250Z hint: 	git branch -m <name>
2026-05-04T07:32:11.7153620Z hint:
2026-05-04T07:32:11.7154100Z hint: Disable this message with "git config set advice.defaultBranchName false"
2026-05-04T07:32:11.7156140Z Initialized empty Git repository in /Users/runner/work/jjwt/jjwt/.git/
2026-05-04T07:32:11.7157930Z [command]/opt/homebrew/bin/git remote add origin https://github.com/sreeya12/jjwt
2026-05-04T07:32:11.7227820Z ##[endgroup]
2026-05-04T07:32:11.7228450Z ##[group]Disabling automatic garbage collection
2026-05-04T07:32:11.7229900Z [command]/opt/homebrew/bin/git config --local gc.auto 0
2026-05-04T07:32:11.7288450Z ##[endgroup]
2026-05-04T07:32:11.7289050Z ##[group]Setting up auth
2026-05-04T07:32:11.7292800Z [command]/opt/homebrew/bin/git config --local --name-only --get-regexp core\.sshCommand
2026-05-04T07:32:11.7345200Z [command]/opt/homebrew/bin/git submodule foreach --recursive sh -c "git config --local --name-only --get-regexp 'core\.sshCommand' && git config --local --unset-all 'core.sshCommand' || :"
2026-05-04T07:32:11.8138030Z [command]/opt/homebrew/bin/git config --local --name-only --get-regexp http\.https\:\/\/github\.com\/\.extraheader
2026-05-04T07:32:11.8186040Z [command]/opt/homebrew/bin/git submodule foreach --recursive sh -c "git config --local --name-only --get-regexp 'http\.https\:\/\/github\.com\/\.extraheader' && git config --local --unset-all 'http.https://github.com/.extraheader' || :"
2026-05-04T07:32:11.8784790Z [command]/opt/homebrew/bin/git config --local --name-only --get-regexp ^includeIf\.gitdir:
2026-05-04T07:32:11.8833900Z [command]/opt/homebrew/bin/git submodule foreach --recursive git config --local --show-origin --name-only --get-regexp remote.origin.url
2026-05-04T07:32:11.9525790Z [command]/opt/homebrew/bin/git config --local http.https://github.com/.extraheader AUTHORIZATION: basic ***
2026-05-04T07:32:11.9567230Z ##[endgroup]
2026-05-04T07:32:11.9567930Z ##[group]Fetching the repository
2026-05-04T07:32:11.9572260Z [command]/opt/homebrew/bin/git -c protocol.version=2 fetch --no-tags --prune --no-recurse-submodules --depth=1 origin +f8d61dcb25cb1310f3c30d12af9a1fb020650449:refs/remotes/origin/os-expansion-experiment
2026-05-04T07:32:13.0789800Z From https://github.com/sreeya12/jjwt
2026-05-04T07:32:13.0790880Z  * [new ref]         f8d61dcb25cb1310f3c30d12af9a1fb020650449 -> origin/os-expansion-experiment
2026-05-04T07:32:13.0866880Z ##[endgroup]
2026-05-04T07:32:13.0867310Z ##[group]Determining the checkout info
2026-05-04T07:32:13.0867720Z ##[endgroup]
2026-05-04T07:32:13.0870260Z [command]/opt/homebrew/bin/git sparse-checkout disable
2026-05-04T07:32:13.0931450Z [command]/opt/homebrew/bin/git config --local --unset-all extensions.worktreeConfig
2026-05-04T07:32:13.0975560Z ##[group]Checking out the ref
2026-05-04T07:32:13.0977820Z [command]/opt/homebrew/bin/git checkout --progress --force -B os-expansion-experiment refs/remotes/origin/os-expansion-experiment
2026-05-04T07:32:13.1675320Z Switched to a new branch 'os-expansion-experiment'
2026-05-04T07:32:13.1684270Z branch 'os-expansion-experiment' set up to track 'origin/os-expansion-experiment'.
2026-05-04T07:32:13.1714380Z ##[endgroup]
2026-05-04T07:32:13.1770040Z [command]/opt/homebrew/bin/git log -1 --format=%H
2026-05-04T07:32:13.1823750Z f8d61dcb25cb1310f3c30d12af9a1fb020650449
2026-05-04T07:32:13.1999760Z ##[group]Run actions/setup-java@v4
2026-05-04T07:32:13.2000250Z with:
2026-05-04T07:32:13.2000410Z   java-version: 8
2026-05-04T07:32:13.2000590Z   distribution: temurin
2026-05-04T07:32:13.2000770Z   cache: maven
2026-05-04T07:32:13.2000940Z   check-latest: true
2026-05-04T07:32:13.2001130Z   java-package: jdk
2026-05-04T07:32:13.2001380Z   server-id: github
2026-05-04T07:32:13.2001590Z   server-username: GITHUB_ACTOR
2026-05-04T07:32:13.2001820Z   server-password: GITHUB_TOKEN
2026-05-04T07:32:13.2002030Z   overwrite-settings: true
2026-05-04T07:32:13.2002280Z   job-status: success
2026-05-04T07:32:13.2002590Z   token: ***
2026-05-04T07:32:13.2002770Z env:
2026-05-04T07:32:13.2002960Z   MVN_CMD: ./mvnw --no-transfer-progress -B
2026-05-04T07:32:13.2003250Z ##[endgroup]
2026-05-04T07:32:13.3486380Z ##[group]Installed distributions
2026-05-04T07:32:13.3534430Z Trying to resolve the latest version from remote
2026-05-04T07:32:13.5346110Z ##[error]Could not find satisfied version for SemVer '8'. 
Available versions: 26.0.0+35, 25.0.3+9.0.LTS, 25.0.2+10.0.LTS, 25.0.1+8.0.LTS, 25.0.0+36.0.LTS, 24.0.2+12, 24.0.1+9, 24.0.0+36, 23.0.2+7, 23.0.1+11, 23.0.0+37, 22.0.2+9, 22.0.1+8, 22.0.0+36, 21.0.11+10.0.LTS, 21.0.10+7.0.LTS, 21.0.9+10.0.LTS, 21.0.8+9.0.LTS, 21.0.7+6.0.LTS, 21.0.6+7.0.LTS, 21.0.5+11.0.LTS, 21.0.4+7.0.LTS, 21.0.3+9.0.LTS, 21.0.2+13.0.LTS, 21.0.1+12.0.LTS, 21.0.0+35.0.LTS, 20.0.2+9, 20.0.1+9, 20.0.0+36, 19.0.2+7, 19.0.1+10, 19.0.0+36, 18.0.2+101, 18.0.2+9, 18.0.1+10, 18.0.0+36, 17.0.19+10, 17.0.18+8, 17.0.17+10, 17.0.16+8, 17.0.15+6, 17.0.14+7, 17.0.13+11, 17.0.12+7, 17.0.11+9, 17.0.10+7, 17.0.9+9, 17.0.8+101, 17.0.8+7, 17.0.7+7, 17.0.6+10, 17.0.5+8, 17.0.4+101, 17.0.4+8, 17.0.3+7, 17.0.2+8, 17.0.1+12, 17.0.0+35, 11.0.31+11, 11.0.30+7, 11.0.29+7, 11.0.28+6, 11.0.27+6, 11.0.26+4, 11.0.25+9, 11.0.24+8, 11.0.23+9, 11.0.22+7.1, 11.0.22+7, 11.0.21+9, 11.0.20+101, 11.0.20+8, 11.0.19+7, 11.0.18+10, 11.0.17+8, 11.0.16+101, 11.0.16+8, 11.0.15+10
2026-05-04T07:32:13.5583990Z Post job cleanup.
2026-05-04T07:32:13.6996740Z Post job cleanup.
2026-05-04T07:32:13.7793900Z [command]/opt/homebrew/bin/git version
2026-05-04T07:32:13.7849050Z git version 2.54.0
2026-05-04T07:32:13.7882050Z Copying '/Users/runner/.gitconfig' to '/Users/runner/work/_temp/4775106c-2c4d-4844-b5a6-041ef3ddb1ef/.gitconfig'
2026-05-04T07:32:13.7882950Z Temporarily overriding HOME='/Users/runner/work/_temp/4775106c-2c4d-4844-b5a6-041ef3ddb1ef' before making global git config changes
2026-05-04T07:32:13.7883650Z Adding repository directory to the temporary git global config as a safe directory
2026-05-04T07:32:13.7884320Z [command]/opt/homebrew/bin/git config --global --add safe.directory /Users/runner/work/jjwt/jjwt
2026-05-04T07:32:13.7940520Z [command]/opt/homebrew/bin/git config --local --name-only --get-regexp core\.sshCommand
2026-05-04T07:32:13.7996680Z [command]/opt/homebrew/bin/git submodule foreach --recursive sh -c "git config --local --name-only --get-regexp 'core\.sshCommand' && git config --local --unset-all 'core.sshCommand' || :"
2026-05-04T07:32:13.8626920Z [command]/opt/homebrew/bin/git config --local --name-only --get-regexp http\.https\:\/\/github\.com\/\.extraheader
2026-05-04T07:32:13.8667600Z http.https://github.com/.extraheader
2026-05-04T07:32:13.8680380Z [command]/opt/homebrew/bin/git config --local --unset-all http.https://github.com/.extraheader
2026-05-04T07:32:13.8733060Z [command]/opt/homebrew/bin/git submodule foreach --recursive sh -c "git config --local --name-only --get-regexp 'http\.https\:\/\/github\.com\/\.extraheader' && git config --local --unset-all 'http.https://github.com/.extraheader' || :"
2026-05-04T07:32:13.9352210Z [command]/opt/homebrew/bin/git config --local --name-only --get-regexp ^includeIf\.gitdir:
2026-05-04T07:32:13.9408800Z [command]/opt/homebrew/bin/git submodule foreach --recursive git config --local --show-origin --name-only --get-regexp remote.origin.url
2026-05-04T07:32:14.0114980Z Cleaning up orphan processes
2026-05-04T07:32:14.0395730Z ##[warning]Node.js 20 actions are deprecated. The following actions are running on Node.js 20 and may not work as expected: actions/checkout@v4, actions/setup-java@v4. Actions will be forced to run with Node.js 24 by default starting June 2nd, 2026. Node.js 20 will be removed from the runner on September 16th, 2026. Please check if updated versions of these actions are available that support Node.js 24. To opt into Node.js 24 now, set the FORCE_JAVASCRIPT_ACTIONS_TO_NODE24=true environment variable on the runner or in your workflow file. Once Node.js 24 becomes the default, you can temporarily opt out by setting ACTIONS_ALLOW_USE_UNSECURE_NODE_VERSION=true. For more information see: https://github.blog/changelog/2025-09-19-deprecation-of-node-20-on-github-actions-runners/
