2026-05-04T07:22:21.9430220Z Current runner version: '2.334.0'
2026-05-04T07:22:21.9446390Z ##[group]Runner Image Provisioner
2026-05-04T07:22:21.9446880Z Hosted Compute Agent
2026-05-04T07:22:21.9447210Z Version: 20260422.526
2026-05-04T07:22:21.9447590Z Commit: e1a9e573f4d0838b3a7c1b07401aeb29ed3635a9
2026-05-04T07:22:21.9448010Z Build Date: 2026-04-22T09:31:31Z
2026-05-04T07:22:21.9448420Z Worker ID: {7dfd33fd-9ada-41a5-aef4-0398be220f74}
2026-05-04T07:22:21.9448840Z Azure Region: westus
2026-05-04T07:22:21.9449220Z ##[endgroup]
2026-05-04T07:22:21.9450080Z ##[group]Operating System
2026-05-04T07:22:21.9450430Z macOS
2026-05-04T07:22:21.9450700Z 15.7.4
2026-05-04T07:22:21.9450970Z 24G517
2026-05-04T07:22:21.9451240Z ##[endgroup]
2026-05-04T07:22:21.9451530Z ##[group]Runner Image
2026-05-04T07:22:21.9451900Z Image: macos-15-arm64
2026-05-04T07:22:21.9452240Z Version: 20260427.0018.1
2026-05-04T07:22:21.9453020Z Included Software: https://github.com/actions/runner-images/blob/macos-15-arm64/20260427.0018/images/macos/macos-15-arm64-Readme.md
2026-05-04T07:22:21.9453970Z Image Release: https://github.com/actions/runner-images/releases/tag/macos-15-arm64%2F20260427.0018
2026-05-04T07:22:21.9454560Z ##[endgroup]
2026-05-04T07:22:21.9455250Z ##[group]GITHUB_TOKEN Permissions
2026-05-04T07:22:21.9456480Z Contents: read
2026-05-04T07:22:21.9456780Z Metadata: read
2026-05-04T07:22:21.9457070Z Packages: read
2026-05-04T07:22:21.9457370Z ##[endgroup]
2026-05-04T07:22:21.9458930Z Secret source: Actions
2026-05-04T07:22:21.9459330Z Prepare workflow directory
2026-05-04T07:22:21.9733890Z Prepare all required actions
2026-05-04T07:22:21.9759620Z Getting action download info
2026-05-04T07:22:22.3916330Z Download action repository 'actions/checkout@v4' (SHA:34e114876b0b11c390a56381ad16ebd13914f8d5)
2026-05-04T07:22:22.6058980Z Download action repository 'actions/setup-java@v4.7.0' (SHA:3a4f6e1af504cf6a31855fa899c6aa5355ba6c12)
2026-05-04T07:22:23.4015340Z Complete job name: jdk-17-oracle
2026-05-04T07:22:23.4448330Z ##[group]Run actions/checkout@v4
2026-05-04T07:22:23.4448850Z with:
2026-05-04T07:22:23.4449120Z   repository: sreeya12/jjwt
2026-05-04T07:22:23.4449540Z   token: ***
2026-05-04T07:22:23.4449810Z   ssh-strict: true
2026-05-04T07:22:23.4450090Z   ssh-user: git
2026-05-04T07:22:23.4450380Z   persist-credentials: true
2026-05-04T07:22:23.4450700Z   clean: true
2026-05-04T07:22:23.4451000Z   sparse-checkout-cone-mode: true
2026-05-04T07:22:23.4451500Z   fetch-depth: 1
2026-05-04T07:22:23.4451860Z   fetch-tags: false
2026-05-04T07:22:23.4452160Z   show-progress: true
2026-05-04T07:22:23.4452470Z   lfs: false
2026-05-04T07:22:23.4452740Z   submodules: false
2026-05-04T07:22:23.4453040Z   set-safe-directory: true
2026-05-04T07:22:23.4453450Z env:
2026-05-04T07:22:23.4453750Z   MVN_CMD: ./mvnw --no-transfer-progress -B
2026-05-04T07:22:23.4454100Z ##[endgroup]
2026-05-04T07:22:23.7047490Z Syncing repository: sreeya12/jjwt
2026-05-04T07:22:23.7048880Z ##[group]Getting Git version info
2026-05-04T07:22:23.7049390Z Working directory is '/Users/runner/work/jjwt/jjwt'
2026-05-04T07:22:23.7050740Z [command]/opt/homebrew/bin/git version
2026-05-04T07:22:23.7589840Z git version 2.54.0
2026-05-04T07:22:23.7615340Z ##[endgroup]
2026-05-04T07:22:23.7625270Z Copying '/Users/runner/.gitconfig' to '/Users/runner/work/_temp/5ed50d8d-0f0c-4869-9e90-ce055dbbceb0/.gitconfig'
2026-05-04T07:22:23.7631950Z Temporarily overriding HOME='/Users/runner/work/_temp/5ed50d8d-0f0c-4869-9e90-ce055dbbceb0' before making global git config changes
2026-05-04T07:22:23.7632950Z Adding repository directory to the temporary git global config as a safe directory
2026-05-04T07:22:23.7635840Z [command]/opt/homebrew/bin/git config --global --add safe.directory /Users/runner/work/jjwt/jjwt
2026-05-04T07:22:23.7719910Z Deleting the contents of '/Users/runner/work/jjwt/jjwt'
2026-05-04T07:22:23.7722820Z ##[group]Initializing the repository
2026-05-04T07:22:23.7726820Z [command]/opt/homebrew/bin/git init /Users/runner/work/jjwt/jjwt
2026-05-04T07:22:23.7897180Z hint: Using 'master' as the name for the initial branch. This default branch name
2026-05-04T07:22:23.7898910Z hint: will change to "main" in Git 3.0. To configure the initial branch name
2026-05-04T07:22:23.7899800Z hint: to use in all of your new repositories, which will suppress this warning,
2026-05-04T07:22:23.7900320Z hint: call:
2026-05-04T07:22:23.7900640Z hint:
2026-05-04T07:22:23.7901010Z hint: 	git config --global init.defaultBranch <name>
2026-05-04T07:22:23.7901430Z hint:
2026-05-04T07:22:23.7901810Z hint: Names commonly chosen instead of 'master' are 'main', 'trunk' and
2026-05-04T07:22:23.7902450Z hint: 'development'. The just-created branch can be renamed via this command:
2026-05-04T07:22:23.7902960Z hint:
2026-05-04T07:22:23.7903240Z hint: 	git branch -m <name>
2026-05-04T07:22:23.7903550Z hint:
2026-05-04T07:22:23.7903980Z hint: Disable this message with "git config set advice.defaultBranchName false"
2026-05-04T07:22:23.7904690Z Initialized empty Git repository in /Users/runner/work/jjwt/jjwt/.git/
2026-05-04T07:22:23.7905950Z [command]/opt/homebrew/bin/git remote add origin https://github.com/sreeya12/jjwt
2026-05-04T07:22:23.7968170Z ##[endgroup]
2026-05-04T07:22:23.7968750Z ##[group]Disabling automatic garbage collection
2026-05-04T07:22:23.7970440Z [command]/opt/homebrew/bin/git config --local gc.auto 0
2026-05-04T07:22:23.8021690Z ##[endgroup]
2026-05-04T07:22:23.8022230Z ##[group]Setting up auth
2026-05-04T07:22:23.8026460Z [command]/opt/homebrew/bin/git config --local --name-only --get-regexp core\.sshCommand
2026-05-04T07:22:23.8076840Z [command]/opt/homebrew/bin/git submodule foreach --recursive sh -c "git config --local --name-only --get-regexp 'core\.sshCommand' && git config --local --unset-all 'core.sshCommand' || :"
2026-05-04T07:22:23.8789730Z [command]/opt/homebrew/bin/git config --local --name-only --get-regexp http\.https\:\/\/github\.com\/\.extraheader
2026-05-04T07:22:23.8865860Z [command]/opt/homebrew/bin/git submodule foreach --recursive sh -c "git config --local --name-only --get-regexp 'http\.https\:\/\/github\.com\/\.extraheader' && git config --local --unset-all 'http.https://github.com/.extraheader' || :"
2026-05-04T07:22:23.9548380Z [command]/opt/homebrew/bin/git config --local --name-only --get-regexp ^includeIf\.gitdir:
2026-05-04T07:22:23.9614120Z [command]/opt/homebrew/bin/git submodule foreach --recursive git config --local --show-origin --name-only --get-regexp remote.origin.url
2026-05-04T07:22:24.0316370Z [command]/opt/homebrew/bin/git config --local http.https://github.com/.extraheader AUTHORIZATION: basic ***
2026-05-04T07:22:24.0368670Z ##[endgroup]
2026-05-04T07:22:24.0369220Z ##[group]Fetching the repository
2026-05-04T07:22:24.0373870Z [command]/opt/homebrew/bin/git -c protocol.version=2 fetch --no-tags --prune --no-recurse-submodules --depth=1 origin +f8d61dcb25cb1310f3c30d12af9a1fb020650449:refs/remotes/origin/os-expansion-experiment
2026-05-04T07:22:24.6161890Z From https://github.com/sreeya12/jjwt
2026-05-04T07:22:24.6165290Z  * [new ref]         f8d61dcb25cb1310f3c30d12af9a1fb020650449 -> origin/os-expansion-experiment
2026-05-04T07:22:24.6252960Z ##[endgroup]
2026-05-04T07:22:24.6253690Z ##[group]Determining the checkout info
2026-05-04T07:22:24.6254860Z ##[endgroup]
2026-05-04T07:22:24.6258210Z [command]/opt/homebrew/bin/git sparse-checkout disable
2026-05-04T07:22:24.6320180Z [command]/opt/homebrew/bin/git config --local --unset-all extensions.worktreeConfig
2026-05-04T07:22:24.6376610Z ##[group]Checking out the ref
2026-05-04T07:22:24.6377960Z [command]/opt/homebrew/bin/git checkout --progress --force -B os-expansion-experiment refs/remotes/origin/os-expansion-experiment
2026-05-04T07:22:24.7451800Z Switched to a new branch 'os-expansion-experiment'
2026-05-04T07:22:24.7464300Z branch 'os-expansion-experiment' set up to track 'origin/os-expansion-experiment'.
2026-05-04T07:22:24.7469890Z ##[endgroup]
2026-05-04T07:22:24.7565530Z [command]/opt/homebrew/bin/git log -1 --format=%H
2026-05-04T07:22:24.7622860Z f8d61dcb25cb1310f3c30d12af9a1fb020650449
2026-05-04T07:22:24.7815280Z ##[group]Run actions/setup-java@v4.7.0
2026-05-04T07:22:24.7815890Z with:
2026-05-04T07:22:24.7816170Z   distribution: oracle
2026-05-04T07:22:24.7816460Z   java-version: 17
2026-05-04T07:22:24.7816740Z   java-package: jdk
2026-05-04T07:22:24.7817060Z   check-latest: false
2026-05-04T07:22:24.7817350Z   server-id: github
2026-05-04T07:22:24.7817660Z   server-username: GITHUB_ACTOR
2026-05-04T07:22:24.7818000Z   server-password: GITHUB_TOKEN
2026-05-04T07:22:24.7818350Z   overwrite-settings: true
2026-05-04T07:22:24.7818660Z   job-status: success
2026-05-04T07:22:24.7819140Z   token: ***
2026-05-04T07:22:24.7819400Z env:
2026-05-04T07:22:24.7819690Z   MVN_CMD: ./mvnw --no-transfer-progress -B
2026-05-04T07:22:24.7820050Z ##[endgroup]
2026-05-04T07:22:24.9330940Z ##[group]Installed distributions
2026-05-04T07:22:24.9345060Z Trying to resolve the latest version from remote
2026-05-04T07:22:26.1326330Z Resolved latest version as 17
2026-05-04T07:22:26.1364370Z Trying to download...
2026-05-04T07:22:26.1365180Z Downloading Java 17 (Oracle) from https://download.oracle.com/java/17/archive/jdk-17_macos-aarch64_bin.tar.gz ...
2026-05-04T07:22:29.4013250Z Extracting Java archive...
2026-05-04T07:22:29.4261510Z [command]/usr/bin/tar xz -C /Users/runner/work/_temp/0924c0b5-2ae0-426f-93cb-62fe09e77208 -f /Users/runner/work/_temp/2822cc29-7ba9-41ac-b1d2-663f6288829e
2026-05-04T07:22:31.6589900Z Java 17 was downloaded
2026-05-04T07:22:31.6641760Z Setting Java 17 as the default
2026-05-04T07:22:31.6642470Z Creating toolchains.xml for JDK version 17 from oracle
2026-05-04T07:22:31.6680390Z Writing to /Users/runner/.m2/toolchains.xml
2026-05-04T07:22:31.6682880Z 
2026-05-04T07:22:31.6683280Z Java configuration:
2026-05-04T07:22:31.6689270Z   Distribution: oracle
2026-05-04T07:22:31.6689960Z   Version: 17
2026-05-04T07:22:31.6690820Z   Path: /Users/runner/hostedtoolcache/Java_Oracle_jdk/17/arm64/Contents/Home
2026-05-04T07:22:31.6697550Z 
2026-05-04T07:22:31.6698950Z ##[endgroup]
2026-05-04T07:22:31.6736920Z Creating settings.xml with server-id: github
2026-05-04T07:22:31.6737410Z Writing to /Users/runner/.m2/settings.xml
2026-05-04T07:22:31.6822750Z ##[group]Run sudo apt-get install -y softhsm2
2026-05-04T07:22:31.6823240Z [36;1msudo apt-get install -y softhsm2[0m
2026-05-04T07:22:31.6868170Z shell: /bin/bash -e {0}
2026-05-04T07:22:31.6868500Z env:
2026-05-04T07:22:31.6868740Z   MVN_CMD: ./mvnw --no-transfer-progress -B
2026-05-04T07:22:31.6869150Z   JAVA_HOME: /Users/runner/hostedtoolcache/Java_Oracle_jdk/17/arm64/Contents/Home
2026-05-04T07:22:31.6869750Z   JAVA_HOME_17_ARM64: /Users/runner/hostedtoolcache/Java_Oracle_jdk/17/arm64/Contents/Home
2026-05-04T07:22:31.6870100Z ##[endgroup]
2026-05-04T07:22:31.7760540Z sudo: apt-get: command not found
2026-05-04T07:22:31.7782150Z ##[error]Process completed with exit code 1.
2026-05-04T07:22:31.7915520Z Post job cleanup.
2026-05-04T07:22:31.9724290Z Post job cleanup.
2026-05-04T07:22:32.0898530Z [command]/opt/homebrew/bin/git version
2026-05-04T07:22:32.0967910Z git version 2.54.0
2026-05-04T07:22:32.0989960Z Copying '/Users/runner/.gitconfig' to '/Users/runner/work/_temp/ed7bf4c0-56b7-4aed-8355-a5a8d00d58d3/.gitconfig'
2026-05-04T07:22:32.0996570Z Temporarily overriding HOME='/Users/runner/work/_temp/ed7bf4c0-56b7-4aed-8355-a5a8d00d58d3' before making global git config changes
2026-05-04T07:22:32.0997320Z Adding repository directory to the temporary git global config as a safe directory
2026-05-04T07:22:32.0999760Z [command]/opt/homebrew/bin/git config --global --add safe.directory /Users/runner/work/jjwt/jjwt
2026-05-04T07:22:32.1061710Z [command]/opt/homebrew/bin/git config --local --name-only --get-regexp core\.sshCommand
2026-05-04T07:22:32.1118280Z [command]/opt/homebrew/bin/git submodule foreach --recursive sh -c "git config --local --name-only --get-regexp 'core\.sshCommand' && git config --local --unset-all 'core.sshCommand' || :"
2026-05-04T07:22:32.1832510Z [command]/opt/homebrew/bin/git config --local --name-only --get-regexp http\.https\:\/\/github\.com\/\.extraheader
2026-05-04T07:22:32.1896230Z http.https://github.com/.extraheader
2026-05-04T07:22:32.1967950Z [command]/opt/homebrew/bin/git config --local --unset-all http.https://github.com/.extraheader
2026-05-04T07:22:32.2045580Z [command]/opt/homebrew/bin/git submodule foreach --recursive sh -c "git config --local --name-only --get-regexp 'http\.https\:\/\/github\.com\/\.extraheader' && git config --local --unset-all 'http.https://github.com/.extraheader' || :"
2026-05-04T07:22:32.2844500Z [command]/opt/homebrew/bin/git config --local --name-only --get-regexp ^includeIf\.gitdir:
2026-05-04T07:22:32.2896020Z [command]/opt/homebrew/bin/git submodule foreach --recursive git config --local --show-origin --name-only --get-regexp remote.origin.url
2026-05-04T07:22:32.3844940Z Cleaning up orphan processes
2026-05-04T07:22:32.3884580Z ##[warning]Node.js 20 actions are deprecated. The following actions are running on Node.js 20 and may not work as expected: actions/checkout@v4, actions/setup-java@v4.7.0. Actions will be forced to run with Node.js 24 by default starting June 2nd, 2026. Node.js 20 will be removed from the runner on September 16th, 2026. Please check if updated versions of these actions are available that support Node.js 24. To opt into Node.js 24 now, set the FORCE_JAVASCRIPT_ACTIONS_TO_NODE24=true environment variable on the runner or in your workflow file. Once Node.js 24 becomes the default, you can temporarily opt out by setting ACTIONS_ALLOW_USE_UNSECURE_NODE_VERSION=true. For more information see: https://github.blog/changelog/2025-09-19-deprecation-of-node-20-on-github-actions-runners/
