ï»¿2026-04-20T09:07:00.3143450Z Current runner version: '2.333.1'
2026-04-20T09:07:00.3158350Z ##[group]Runner Image Provisioner
2026-04-20T09:07:00.3158850Z Hosted Compute Agent
2026-04-20T09:07:00.3159180Z Version: 20260415.520
2026-04-20T09:07:00.3159550Z Commit: af089020f5f67b61ccc91db6c07980876c02bf7b
2026-04-20T09:07:00.3159980Z Build Date: 2026-04-15T18:07:08Z
2026-04-20T09:07:00.3160380Z Worker ID: {ea43124a-adfb-4b6b-aa7a-9662df19f835}
2026-04-20T09:07:00.3160810Z Azure Region: westus
2026-04-20T09:07:00.3161140Z ##[endgroup]
2026-04-20T09:07:00.3161960Z ##[group]Operating System
2026-04-20T09:07:00.3162310Z macOS
2026-04-20T09:07:00.3162580Z 15.7.4
2026-04-20T09:07:00.3162840Z 24G517
2026-04-20T09:07:00.3164590Z ##[endgroup]
2026-04-20T09:07:00.3164920Z ##[group]Runner Image
2026-04-20T09:07:00.3165240Z Image: macos-15-arm64
2026-04-20T09:07:00.3165560Z Version: 20260414.0270.1
2026-04-20T09:07:00.3166330Z Included Software: https://github.com/actions/runner-images/blob/macos-15-arm64/20260414.0270/images/macos/macos-15-arm64-Readme.md
2026-04-20T09:07:00.3167300Z Image Release: https://github.com/actions/runner-images/releases/tag/macos-15-arm64%2F20260414.0270
2026-04-20T09:07:00.3167900Z ##[endgroup]
2026-04-20T09:07:00.3169970Z ##[group]GITHUB_TOKEN Permissions
2026-04-20T09:07:00.3171250Z Actions: write
2026-04-20T09:07:00.3171560Z ArtifactMetadata: write
2026-04-20T09:07:00.3171890Z Attestations: write
2026-04-20T09:07:00.3172190Z Checks: write
2026-04-20T09:07:00.3172470Z Contents: write
2026-04-20T09:07:00.3172790Z Deployments: write
2026-04-20T09:07:00.3173100Z Discussions: write
2026-04-20T09:07:00.3173410Z Issues: write
2026-04-20T09:07:00.3173700Z Metadata: read
2026-04-20T09:07:00.3173990Z Models: read
2026-04-20T09:07:00.3174290Z Packages: write
2026-04-20T09:07:00.3174590Z Pages: write
2026-04-20T09:07:00.3174930Z PullRequests: write
2026-04-20T09:07:00.3175260Z RepositoryProjects: write
2026-04-20T09:07:00.3175590Z SecurityEvents: write
2026-04-20T09:07:00.3175910Z Statuses: write
2026-04-20T09:07:00.3176220Z ##[endgroup]
2026-04-20T09:07:00.3177600Z Secret source: Actions
2026-04-20T09:07:00.3178010Z Prepare workflow directory
2026-04-20T09:07:00.3468920Z Prepare all required actions
2026-04-20T09:07:00.3547400Z Getting action download info
2026-04-20T09:07:00.9032360Z Download action repository 'actions/checkout@v3' (SHA:f43a0e5ff2bd294095638e18286ca9a3d1956744)
2026-04-20T09:07:01.3867620Z Download action repository 'actions/cache@v3' (SHA:6f8efc29b200d32929f49075959781ed54ec270c)
2026-04-20T09:07:01.5447190Z Download action repository 'actions/setup-java@v3' (SHA:17f84c3641ba7b8f6deff6309fc4c864478f5d62)
2026-04-20T09:07:02.3531780Z Complete job name: Check (macos-latest)
2026-04-20T09:07:02.3953320Z ##[group]Run actions/checkout@v3
2026-04-20T09:07:02.3953890Z with:
2026-04-20T09:07:02.3954170Z   repository: sreeya12/curator
2026-04-20T09:07:02.3954620Z   token: ***
2026-04-20T09:07:02.3954890Z   ssh-strict: true
2026-04-20T09:07:02.3955180Z   persist-credentials: true
2026-04-20T09:07:02.3955490Z   clean: true
2026-04-20T09:07:02.3955800Z   sparse-checkout-cone-mode: true
2026-04-20T09:07:02.3956130Z   fetch-depth: 1
2026-04-20T09:07:02.3956410Z   fetch-tags: false
2026-04-20T09:07:02.3956690Z   lfs: false
2026-04-20T09:07:02.3956950Z   submodules: false
2026-04-20T09:07:02.3957230Z   set-safe-directory: true
2026-04-20T09:07:02.3957620Z env:
2026-04-20T09:07:02.3958330Z   MAVEN_OPTS: -Dhttp.keepAlive=false -Dmaven.wagon.http.pool=false -Dmaven.wagon.http.retryHandler.class=standard -Dmaven.wagon.http.retryHandler.count=3
2026-04-20T09:07:02.3959110Z ##[endgroup]
2026-04-20T09:07:02.7827910Z Syncing repository: sreeya12/curator
2026-04-20T09:07:02.7829930Z ##[group]Getting Git version info
2026-04-20T09:07:02.7850550Z Working directory is '/Users/runner/work/curator/curator'
2026-04-20T09:07:02.8295690Z [command]/opt/homebrew/bin/git version
2026-04-20T09:07:02.9370750Z git version 2.53.0
2026-04-20T09:07:02.9533660Z ##[endgroup]
2026-04-20T09:07:02.9546760Z Copying '/Users/runner/.gitconfig' to '/Users/runner/work/_temp/9504eb1c-2ebd-4090-a8eb-22dabb2ebbd4/.gitconfig'
2026-04-20T09:07:02.9643930Z Temporarily overriding HOME='/Users/runner/work/_temp/9504eb1c-2ebd-4090-a8eb-22dabb2ebbd4' before making global git config changes
2026-04-20T09:07:02.9647930Z Adding repository directory to the temporary git global config as a safe directory
2026-04-20T09:07:02.9650630Z [command]/opt/homebrew/bin/git config --global --add safe.directory /Users/runner/work/curator/curator
2026-04-20T09:07:02.9654820Z Deleting the contents of '/Users/runner/work/curator/curator'
2026-04-20T09:07:02.9657240Z ##[group]Initializing the repository
2026-04-20T09:07:02.9658990Z [command]/opt/homebrew/bin/git init /Users/runner/work/curator/curator
2026-04-20T09:07:03.0066390Z hint: Using 'master' as the name for the initial branch. This default branch name
2026-04-20T09:07:03.0067600Z hint: will change to "main" in Git 3.0. To configure the initial branch name
2026-04-20T09:07:03.0068400Z hint: to use in all of your new repositories, which will suppress this warning,
2026-04-20T09:07:03.0069220Z hint: call:
2026-04-20T09:07:03.0069520Z hint:
2026-04-20T09:07:03.0069960Z hint: 	git config --global init.defaultBranch <name>
2026-04-20T09:07:03.0070470Z hint:
2026-04-20T09:07:03.0071040Z hint: Names commonly chosen instead of 'master' are 'main', 'trunk' and
2026-04-20T09:07:03.0071670Z hint: 'development'. The just-created branch can be renamed via this command:
2026-04-20T09:07:03.0072170Z hint:
2026-04-20T09:07:03.0072540Z hint: 	git branch -m <name>
2026-04-20T09:07:03.0072950Z hint:
2026-04-20T09:07:03.0073390Z hint: Disable this message with "git config set advice.defaultBranchName false"
2026-04-20T09:07:03.0074070Z Initialized empty Git repository in /Users/runner/work/curator/curator/.git/
2026-04-20T09:07:03.0084850Z [command]/opt/homebrew/bin/git remote add origin https://github.com/sreeya12/curator
2026-04-20T09:07:03.0194150Z ##[endgroup]
2026-04-20T09:07:03.0195960Z ##[group]Disabling automatic garbage collection
2026-04-20T09:07:03.0197560Z [command]/opt/homebrew/bin/git config --local gc.auto 0
2026-04-20T09:07:03.0302900Z ##[endgroup]
2026-04-20T09:07:03.0303720Z ##[group]Setting up auth
2026-04-20T09:07:03.0304620Z [command]/opt/homebrew/bin/git config --local --name-only --get-regexp core\.sshCommand
2026-04-20T09:07:03.0365130Z [command]/opt/homebrew/bin/git submodule foreach --recursive sh -c "git config --local --name-only --get-regexp 'core\.sshCommand' && git config --local --unset-all 'core.sshCommand' || :"
2026-04-20T09:07:03.1403190Z [command]/opt/homebrew/bin/git config --local --name-only --get-regexp http\.https\:\/\/github\.com\/\.extraheader
2026-04-20T09:07:03.1471760Z [command]/opt/homebrew/bin/git submodule foreach --recursive sh -c "git config --local --name-only --get-regexp 'http\.https\:\/\/github\.com\/\.extraheader' && git config --local --unset-all 'http.https://github.com/.extraheader' || :"
2026-04-20T09:07:03.2340240Z [command]/opt/homebrew/bin/git config --local http.https://github.com/.extraheader AUTHORIZATION: basic ***
2026-04-20T09:07:03.2438570Z ##[endgroup]
2026-04-20T09:07:03.2439830Z ##[group]Fetching the repository
2026-04-20T09:07:03.2457230Z [command]/opt/homebrew/bin/git -c protocol.version=2 fetch --no-tags --prune --progress --no-recurse-submodules --depth=1 origin +f44b5c3331f8f5e18f8fa661a72e5bc86e5f6634:refs/remotes/origin/os-expansion-experiment
2026-04-20T09:07:03.6866610Z remote: Enumerating objects: 974, done.        
2026-04-20T09:07:03.6867330Z remote: Counting objects:   0% (1/974)        
2026-04-20T09:07:03.6867820Z remote: Counting objects:   1% (10/974)        
2026-04-20T09:07:03.6868280Z remote: Counting objects:   2% (20/974)        
2026-04-20T09:07:03.6868750Z remote: Counting objects:   3% (30/974)        
2026-04-20T09:07:03.6869200Z remote: Counting objects:   4% (39/974)        
2026-04-20T09:07:03.6869730Z remote: Counting objects:   5% (49/974)        
2026-04-20T09:07:03.6870170Z remote: Counting objects:   6% (59/974)        
2026-04-20T09:07:03.6870590Z remote: Counting objects:   7% (69/974)        
2026-04-20T09:07:03.6871420Z remote: Counting objects:   8% (78/974)        
2026-04-20T09:07:03.6871870Z remote: Counting objects:   9% (88/974)        
2026-04-20T09:07:03.6872290Z remote: Counting objects:  10% (98/974)        
2026-04-20T09:07:03.6872740Z remote: Counting objects:  11% (108/974)        
2026-04-20T09:07:03.6873180Z remote: Counting objects:  12% (117/974)        
2026-04-20T09:07:03.6873640Z remote: Counting objects:  13% (127/974)        
2026-04-20T09:07:03.6874200Z remote: Counting objects:  14% (137/974)        
2026-04-20T09:07:03.6874630Z remote: Counting objects:  15% (147/974)        
2026-04-20T09:07:03.6875070Z remote: Counting objects:  16% (156/974)        
2026-04-20T09:07:03.6875500Z remote: Counting objects:  17% (166/974)        
2026-04-20T09:07:03.6875950Z remote: Counting objects:  18% (176/974)        
2026-04-20T09:07:03.6876360Z remote: Counting objects:  19% (186/974)        
2026-04-20T09:07:03.6876860Z remote: Counting objects:  20% (195/974)        
2026-04-20T09:07:03.6877260Z remote: Counting objects:  21% (205/974)        
2026-04-20T09:07:03.6877660Z remote: Counting objects:  22% (215/974)        
2026-04-20T09:07:03.6878070Z remote: Counting objects:  23% (225/974)        
2026-04-20T09:07:03.6878540Z remote: Counting objects:  24% (234/974)        
2026-04-20T09:07:03.6878950Z remote: Counting objects:  25% (244/974)        
2026-04-20T09:07:03.6879350Z remote: Counting objects:  26% (254/974)        
2026-04-20T09:07:03.6879750Z remote: Counting objects:  27% (263/974)        
2026-04-20T09:07:03.6880230Z remote: Counting objects:  28% (273/974)        
2026-04-20T09:07:03.6880740Z remote: Counting objects:  29% (283/974)        
2026-04-20T09:07:03.6881140Z remote: Counting objects:  30% (293/974)        
2026-04-20T09:07:03.6881570Z remote: Counting objects:  31% (302/974)        
2026-04-20T09:07:03.6881960Z remote: Counting objects:  32% (312/974)        
2026-04-20T09:07:03.6882350Z remote: Counting objects:  33% (322/974)        
2026-04-20T09:07:03.6882760Z remote: Counting objects:  34% (332/974)        
2026-04-20T09:07:03.6883180Z remote: Counting objects:  35% (341/974)        
2026-04-20T09:07:03.6883590Z remote: Counting objects:  36% (351/974)        
2026-04-20T09:07:03.6883980Z remote: Counting objects:  37% (361/974)        
2026-04-20T09:07:03.6884400Z remote: Counting objects:  38% (371/974)        
2026-04-20T09:07:03.6884840Z remote: Counting objects:  39% (380/974)        
2026-04-20T09:07:03.6885240Z remote: Counting objects:  40% (390/974)        
2026-04-20T09:07:03.6885640Z remote: Counting objects:  41% (400/974)        
2026-04-20T09:07:03.6886320Z remote: Counting objects:  42% (410/974)        
2026-04-20T09:07:03.6886740Z remote: Counting objects:  43% (419/974)        
2026-04-20T09:07:03.6887150Z remote: Counting objects:  44% (429/974)        
2026-04-20T09:07:03.6887560Z remote: Counting objects:  45% (439/974)        
2026-04-20T09:07:03.6888000Z remote: Counting objects:  46% (449/974)        
2026-04-20T09:07:03.6888520Z remote: Counting objects:  47% (458/974)        
2026-04-20T09:07:03.6888980Z remote: Counting objects:  48% (468/974)        
2026-04-20T09:07:03.6889420Z remote: Counting objects:  49% (478/974)        
2026-04-20T09:07:03.6889860Z remote: Counting objects:  50% (487/974)        
2026-04-20T09:07:03.6890290Z remote: Counting objects:  51% (497/974)        
2026-04-20T09:07:03.6890730Z remote: Counting objects:  52% (507/974)        
2026-04-20T09:07:03.6891190Z remote: Counting objects:  53% (517/974)        
2026-04-20T09:07:03.6891620Z remote: Counting objects:  54% (526/974)        
2026-04-20T09:07:03.6892100Z remote: Counting objects:  55% (536/974)        
2026-04-20T09:07:03.6892560Z remote: Counting objects:  56% (546/974)        
2026-04-20T09:07:03.6893000Z remote: Counting objects:  57% (556/974)        
2026-04-20T09:07:03.6893480Z remote: Counting objects:  58% (565/974)        
2026-04-20T09:07:03.6893920Z remote: Counting objects:  59% (575/974)        
2026-04-20T09:07:03.6894570Z remote: Counting objects:  60% (585/974)        
2026-04-20T09:07:03.6895000Z remote: Counting objects:  61% (595/974)        
2026-04-20T09:07:03.6895440Z remote: Counting objects:  62% (604/974)        
2026-04-20T09:07:03.6895870Z remote: Counting objects:  63% (614/974)        
2026-04-20T09:07:03.6896330Z remote: Counting objects:  64% (624/974)        
2026-04-20T09:07:03.6896760Z remote: Counting objects:  65% (634/974)        
2026-04-20T09:07:03.6897200Z remote: Counting objects:  66% (643/974)        
2026-04-20T09:07:03.6897650Z remote: Counting objects:  67% (653/974)        
2026-04-20T09:07:03.6898070Z remote: Counting objects:  68% (663/974)        
2026-04-20T09:07:03.6898500Z remote: Counting objects:  69% (673/974)        
2026-04-20T09:07:03.6898920Z remote: Counting objects:  70% (682/974)        
2026-04-20T09:07:03.6899350Z remote: Counting objects:  71% (692/974)        
2026-04-20T09:07:03.6899780Z remote: Counting objects:  72% (702/974)        
2026-04-20T09:07:03.6900190Z remote: Counting objects:  73% (712/974)        
2026-04-20T09:07:03.6900610Z remote: Counting objects:  74% (721/974)        
2026-04-20T09:07:03.6901020Z remote: Counting objects:  75% (731/974)        
2026-04-20T09:07:03.6901430Z remote: Counting objects:  76% (741/974)        
2026-04-20T09:07:03.6901900Z remote: Counting objects:  77% (750/974)        
2026-04-20T09:07:03.6902300Z remote: Counting objects:  78% (760/974)        
2026-04-20T09:07:03.6902700Z remote: Counting objects:  79% (770/974)        
2026-04-20T09:07:03.6903100Z remote: Counting objects:  80% (780/974)        
2026-04-20T09:07:03.6903530Z remote: Counting objects:  81% (789/974)        
2026-04-20T09:07:03.6903950Z remote: Counting objects:  82% (799/974)        
2026-04-20T09:07:03.6904360Z remote: Counting objects:  83% (809/974)        
2026-04-20T09:07:03.6904770Z remote: Counting objects:  84% (819/974)        
2026-04-20T09:07:03.6905160Z remote: Counting objects:  85% (828/974)        
2026-04-20T09:07:03.6905590Z remote: Counting objects:  86% (838/974)        
2026-04-20T09:07:03.6906000Z remote: Counting objects:  87% (848/974)        
2026-04-20T09:07:03.6906510Z remote: Counting objects:  88% (858/974)        
2026-04-20T09:07:03.6969830Z remote: Counting objects:  89% (867/974)        
2026-04-20T09:07:03.6980450Z remote: Counting objects:  90% (877/974)        
2026-04-20T09:07:03.6990240Z remote: Counting objects:  91% (887/974)        
2026-04-20T09:07:03.7020220Z remote: Counting objects:  92% (897/974)        
2026-04-20T09:07:03.7020960Z remote: Counting objects:  93% (906/974)        
2026-04-20T09:07:03.7021530Z remote: Counting objects:  94% (916/974)        
2026-04-20T09:07:03.7022540Z remote: Counting objects:  95% (926/974)        
2026-04-20T09:07:03.7023100Z remote: Counting objects:  96% (936/974)        
2026-04-20T09:07:03.7023660Z remote: Counting objects:  97% (945/974)        
2026-04-20T09:07:03.7024230Z remote: Counting objects:  98% (955/974)        
2026-04-20T09:07:03.7024800Z remote: Counting objects:  99% (965/974)        
2026-04-20T09:07:03.7025320Z remote: Counting objects: 100% (974/974)        
2026-04-20T09:07:03.7025870Z remote: Counting objects: 100% (974/974), done.        
2026-04-20T09:07:03.7026460Z remote: Compressing objects:   0% (1/498)        
2026-04-20T09:07:03.7027050Z remote: Compressing objects:   1% (5/498)        
2026-04-20T09:07:03.7027680Z remote: Compressing objects:   2% (10/498)        
2026-04-20T09:07:03.7028310Z remote: Compressing objects:   3% (15/498)        
2026-04-20T09:07:03.7028960Z remote: Compressing objects:   4% (20/498)        
2026-04-20T09:07:03.7029590Z remote: Compressing objects:   5% (25/498)        
2026-04-20T09:07:03.7030240Z remote: Compressing objects:   6% (30/498)        
2026-04-20T09:07:03.7030880Z remote: Compressing objects:   7% (35/498)        
2026-04-20T09:07:03.7031710Z remote: Compressing objects:   8% (40/498)        
2026-04-20T09:07:03.7032350Z remote: Compressing objects:   9% (45/498)        
2026-04-20T09:07:03.7032930Z remote: Compressing objects:  10% (50/498)        
2026-04-20T09:07:03.7033790Z remote: Compressing objects:  11% (55/498)        
2026-04-20T09:07:03.7034420Z remote: Compressing objects:  12% (60/498)        
2026-04-20T09:07:03.7178650Z remote: Compressing objects:  13% (65/498)        
2026-04-20T09:07:03.7179500Z remote: Compressing objects:  14% (70/498)        
2026-04-20T09:07:03.7180120Z remote: Compressing objects:  15% (75/498)        
2026-04-20T09:07:03.7180740Z remote: Compressing objects:  16% (80/498)        
2026-04-20T09:07:03.7181350Z remote: Compressing objects:  17% (85/498)        
2026-04-20T09:07:03.7182000Z remote: Compressing objects:  18% (90/498)        
2026-04-20T09:07:03.7182640Z remote: Compressing objects:  19% (95/498)        
2026-04-20T09:07:03.7183310Z remote: Compressing objects:  20% (100/498)        
2026-04-20T09:07:03.7183970Z remote: Compressing objects:  21% (105/498)        
2026-04-20T09:07:03.7184630Z remote: Compressing objects:  22% (110/498)        
2026-04-20T09:07:03.7185340Z remote: Compressing objects:  23% (115/498)        
2026-04-20T09:07:03.7186030Z remote: Compressing objects:  24% (120/498)        
2026-04-20T09:07:03.7186710Z remote: Compressing objects:  25% (125/498)        
2026-04-20T09:07:03.7187450Z remote: Compressing objects:  26% (130/498)        
2026-04-20T09:07:03.7188260Z remote: Compressing objects:  27% (135/498)        
2026-04-20T09:07:03.7189120Z remote: Compressing objects:  28% (140/498)        
2026-04-20T09:07:03.7190090Z remote: Compressing objects:  29% (145/498)        
2026-04-20T09:07:03.7191050Z remote: Compressing objects:  30% (150/498)        
2026-04-20T09:07:03.7191950Z remote: Compressing objects:  31% (155/498)        
2026-04-20T09:07:03.7192930Z remote: Compressing objects:  32% (160/498)        
2026-04-20T09:07:03.7193820Z remote: Compressing objects:  33% (165/498)        
2026-04-20T09:07:03.7194610Z remote: Compressing objects:  34% (170/498)        
2026-04-20T09:07:03.7195400Z remote: Compressing objects:  35% (175/498)        
2026-04-20T09:07:03.7430880Z remote: Compressing objects:  36% (180/498)        
2026-04-20T09:07:03.7532960Z remote: Compressing objects:  37% (185/498)        
2026-04-20T09:07:03.7635050Z remote: Compressing objects:  38% (190/498)        
2026-04-20T09:07:03.7664250Z remote: Compressing objects:  39% (195/498)        
2026-04-20T09:07:03.7678250Z remote: Compressing objects:  40% (200/498)        
2026-04-20T09:07:03.7679650Z remote: Compressing objects:  41% (205/498)        
2026-04-20T09:07:03.7681030Z remote: Compressing objects:  42% (210/498)        
2026-04-20T09:07:03.7682340Z remote: Compressing objects:  43% (215/498)        
2026-04-20T09:07:03.7684450Z remote: Compressing objects:  44% (220/498)        
2026-04-20T09:07:03.7685830Z remote: Compressing objects:  45% (225/498)        
2026-04-20T09:07:03.7686980Z remote: Compressing objects:  46% (230/498)        
2026-04-20T09:07:03.7688220Z remote: Compressing objects:  47% (235/498)        
2026-04-20T09:07:03.7689450Z remote: Compressing objects:  48% (240/498)        
2026-04-20T09:07:03.7690690Z remote: Compressing objects:  49% (245/498)        
2026-04-20T09:07:03.7691950Z remote: Compressing objects:  50% (249/498)        
2026-04-20T09:07:03.7693230Z remote: Compressing objects:  51% (254/498)        
2026-04-20T09:07:03.7694470Z remote: Compressing objects:  52% (259/498)        
2026-04-20T09:07:03.7695670Z remote: Compressing objects:  53% (264/498)        
2026-04-20T09:07:03.7696900Z remote: Compressing objects:  54% (269/498)        
2026-04-20T09:07:03.7698110Z remote: Compressing objects:  55% (274/498)        
2026-04-20T09:07:03.7699390Z remote: Compressing objects:  56% (279/498)        
2026-04-20T09:07:03.7700580Z remote: Compressing objects:  57% (284/498)        
2026-04-20T09:07:03.7703890Z remote: Compressing objects:  58% (289/498)        
2026-04-20T09:07:03.7705390Z remote: Compressing objects:  59% (294/498)        
2026-04-20T09:07:03.7706700Z remote: Compressing objects:  60% (299/498)        
2026-04-20T09:07:03.7750800Z remote: Compressing objects:  61% (304/498)        
2026-04-20T09:07:03.7775530Z remote: Compressing objects:  62% (309/498)        
2026-04-20T09:07:03.7777500Z remote: Compressing objects:  63% (314/498)        
2026-04-20T09:07:03.7779430Z remote: Compressing objects:  64% (319/498)        
2026-04-20T09:07:03.7785000Z remote: Compressing objects:  65% (324/498)        
2026-04-20T09:07:03.7786430Z remote: Compressing objects:  66% (329/498)        
2026-04-20T09:07:03.7789460Z remote: Compressing objects:  67% (334/498)        
2026-04-20T09:07:03.7791320Z remote: Compressing objects:  68% (339/498)        
2026-04-20T09:07:03.7792670Z remote: Compressing objects:  69% (344/498)        
2026-04-20T09:07:03.7793980Z remote: Compressing objects:  70% (349/498)        
2026-04-20T09:07:03.7795530Z remote: Compressing objects:  71% (354/498)        
2026-04-20T09:07:03.7796900Z remote: Compressing objects:  72% (359/498)        
2026-04-20T09:07:03.7798070Z remote: Compressing objects:  73% (364/498)        
2026-04-20T09:07:03.7799250Z remote: Compressing objects:  74% (369/498)        
2026-04-20T09:07:03.7800500Z remote: Compressing objects:  75% (374/498)        
2026-04-20T09:07:03.7801670Z remote: Compressing objects:  76% (379/498)        
2026-04-20T09:07:03.7802880Z remote: Compressing objects:  77% (384/498)        
2026-04-20T09:07:03.7804220Z remote: Compressing objects:  78% (389/498)        
2026-04-20T09:07:03.7805610Z remote: Compressing objects:  79% (394/498)        
2026-04-20T09:07:03.7806870Z remote: Compressing objects:  80% (399/498)        
2026-04-20T09:07:03.7808050Z remote: Compressing objects:  81% (404/498)        
2026-04-20T09:07:03.7809220Z remote: Compressing objects:  82% (409/498)        
2026-04-20T09:07:03.7810400Z remote: Compressing objects:  83% (414/498)        
2026-04-20T09:07:03.7811570Z remote: Compressing objects:  84% (419/498)        
2026-04-20T09:07:03.7812810Z remote: Compressing objects:  85% (424/498)        
2026-04-20T09:07:03.7813970Z remote: Compressing objects:  86% (429/498)        
2026-04-20T09:07:03.7815190Z remote: Compressing objects:  87% (434/498)        
2026-04-20T09:07:03.7816310Z remote: Compressing objects:  88% (439/498)        
2026-04-20T09:07:03.7817430Z remote: Compressing objects:  89% (444/498)        
2026-04-20T09:07:03.7818590Z remote: Compressing objects:  90% (449/498)        
2026-04-20T09:07:03.7819810Z remote: Compressing objects:  91% (454/498)        
2026-04-20T09:07:03.7821070Z remote: Compressing objects:  92% (459/498)        
2026-04-20T09:07:03.7822280Z remote: Compressing objects:  93% (464/498)        
2026-04-20T09:07:03.7823980Z remote: Compressing objects:  94% (469/498)        
2026-04-20T09:07:03.7825300Z remote: Compressing objects:  95% (474/498)        
2026-04-20T09:07:03.7826510Z remote: Compressing objects:  96% (479/498)        
2026-04-20T09:07:03.7827680Z remote: Compressing objects:  97% (484/498)        
2026-04-20T09:07:03.7828900Z remote: Compressing objects:  98% (489/498)        
2026-04-20T09:07:03.7830240Z remote: Compressing objects:  99% (494/498)        
2026-04-20T09:07:03.7831480Z remote: Compressing objects: 100% (498/498)        
2026-04-20T09:07:03.7832730Z remote: Compressing objects: 100% (498/498), done.        
2026-04-20T09:07:03.7939960Z Receiving objects:   0% (1/974)
2026-04-20T09:07:03.7981620Z Receiving objects:   1% (10/974)
2026-04-20T09:07:03.7989980Z Receiving objects:   2% (20/974)
2026-04-20T09:07:03.7990870Z Receiving objects:   3% (30/974)
2026-04-20T09:07:03.7991700Z Receiving objects:   4% (39/974)
2026-04-20T09:07:03.8167190Z Receiving objects:   5% (49/974)
2026-04-20T09:07:03.8176320Z Receiving objects:   6% (59/974)
2026-04-20T09:07:03.8180090Z Receiving objects:   7% (69/974)
2026-04-20T09:07:03.8185520Z Receiving objects:   8% (78/974)
2026-04-20T09:07:03.8192540Z Receiving objects:   9% (88/974)
2026-04-20T09:07:03.8198080Z Receiving objects:  10% (98/974)
2026-04-20T09:07:03.8323270Z Receiving objects:  11% (108/974)
2026-04-20T09:07:03.8365870Z Receiving objects:  12% (117/974)
2026-04-20T09:07:03.8368700Z Receiving objects:  13% (127/974)
2026-04-20T09:07:03.8370190Z Receiving objects:  14% (137/974)
2026-04-20T09:07:03.8371290Z Receiving objects:  15% (147/974)
2026-04-20T09:07:03.8377340Z Receiving objects:  16% (156/974)
2026-04-20T09:07:03.8378420Z Receiving objects:  17% (166/974)
2026-04-20T09:07:03.8380850Z Receiving objects:  18% (176/974)
2026-04-20T09:07:03.8384870Z Receiving objects:  19% (186/974)
2026-04-20T09:07:03.8386260Z Receiving objects:  20% (195/974)
2026-04-20T09:07:03.8388120Z Receiving objects:  21% (205/974)
2026-04-20T09:07:03.8389330Z Receiving objects:  22% (215/974)
2026-04-20T09:07:03.8390840Z Receiving objects:  23% (225/974)
2026-04-20T09:07:03.8394910Z Receiving objects:  24% (234/974)
2026-04-20T09:07:03.8399880Z Receiving objects:  25% (244/974)
2026-04-20T09:07:03.8401360Z Receiving objects:  26% (254/974)
2026-04-20T09:07:03.8402730Z Receiving objects:  27% (263/974)
2026-04-20T09:07:03.8403760Z Receiving objects:  28% (273/974)
2026-04-20T09:07:03.8404760Z Receiving objects:  29% (283/974)
2026-04-20T09:07:03.8405670Z Receiving objects:  30% (293/974)
2026-04-20T09:07:03.8406500Z Receiving objects:  31% (302/974)
2026-04-20T09:07:03.8407360Z Receiving objects:  32% (312/974)
2026-04-20T09:07:03.8517090Z Receiving objects:  33% (322/974)
2026-04-20T09:07:03.8566490Z Receiving objects:  34% (332/974)
2026-04-20T09:07:03.8569930Z Receiving objects:  35% (341/974)
2026-04-20T09:07:03.8575010Z Receiving objects:  36% (351/974)
2026-04-20T09:07:03.8577830Z Receiving objects:  37% (361/974)
2026-04-20T09:07:03.8580010Z Receiving objects:  38% (371/974)
2026-04-20T09:07:03.8582520Z Receiving objects:  39% (380/974)
2026-04-20T09:07:03.8583560Z Receiving objects:  40% (390/974)
2026-04-20T09:07:03.8587240Z Receiving objects:  41% (400/974)
2026-04-20T09:07:03.8591910Z Receiving objects:  42% (410/974)
2026-04-20T09:07:03.8594480Z Receiving objects:  43% (419/974)
2026-04-20T09:07:03.8597730Z Receiving objects:  44% (429/974)
2026-04-20T09:07:03.8602530Z Receiving objects:  45% (439/974)
2026-04-20T09:07:03.8603880Z Receiving objects:  46% (449/974)
2026-04-20T09:07:03.8605340Z Receiving objects:  47% (458/974)
2026-04-20T09:07:03.8606530Z Receiving objects:  48% (468/974)
2026-04-20T09:07:03.8607770Z Receiving objects:  49% (478/974)
2026-04-20T09:07:03.8609130Z Receiving objects:  50% (487/974)
2026-04-20T09:07:03.8610250Z Receiving objects:  51% (497/974)
2026-04-20T09:07:03.8611570Z Receiving objects:  52% (507/974)
2026-04-20T09:07:03.8612770Z Receiving objects:  53% (517/974)
2026-04-20T09:07:03.8614050Z Receiving objects:  54% (526/974)
2026-04-20T09:07:03.8615510Z Receiving objects:  55% (536/974)
2026-04-20T09:07:03.8619360Z Receiving objects:  56% (546/974)
2026-04-20T09:07:03.8628740Z Receiving objects:  57% (556/974)
2026-04-20T09:07:03.8629520Z Receiving objects:  58% (565/974)
2026-04-20T09:07:03.8630290Z Receiving objects:  59% (575/974)
2026-04-20T09:07:03.8631030Z Receiving objects:  60% (585/974)
2026-04-20T09:07:03.8695260Z Receiving objects:  61% (595/974)
2026-04-20T09:07:03.8697980Z Receiving objects:  62% (604/974)
2026-04-20T09:07:03.8704150Z Receiving objects:  63% (614/974)
2026-04-20T09:07:03.8706180Z Receiving objects:  64% (624/974)
2026-04-20T09:07:03.8707050Z Receiving objects:  65% (634/974)
2026-04-20T09:07:03.8710920Z Receiving objects:  66% (643/974)
2026-04-20T09:07:03.8712940Z Receiving objects:  67% (653/974)
2026-04-20T09:07:03.8715170Z Receiving objects:  68% (663/974)
2026-04-20T09:07:03.8717170Z Receiving objects:  69% (673/974)
2026-04-20T09:07:03.8717960Z Receiving objects:  70% (682/974)
2026-04-20T09:07:03.8761710Z Receiving objects:  71% (692/974)
2026-04-20T09:07:03.8792800Z Receiving objects:  72% (702/974)
2026-04-20T09:07:03.8794330Z Receiving objects:  73% (712/974)
2026-04-20T09:07:03.8795580Z Receiving objects:  74% (721/974)
2026-04-20T09:07:03.8796760Z Receiving objects:  75% (731/974)
2026-04-20T09:07:03.8797630Z Receiving objects:  76% (741/974)
2026-04-20T09:07:03.8799000Z Receiving objects:  77% (750/974)
2026-04-20T09:07:03.8800110Z Receiving objects:  78% (760/974)
2026-04-20T09:07:03.8801240Z Receiving objects:  79% (770/974)
2026-04-20T09:07:03.8802070Z Receiving objects:  80% (780/974)
2026-04-20T09:07:03.8803230Z Receiving objects:  81% (789/974)
2026-04-20T09:07:03.8804130Z Receiving objects:  82% (799/974)
2026-04-20T09:07:03.8804970Z Receiving objects:  83% (809/974)
2026-04-20T09:07:03.8805840Z Receiving objects:  84% (819/974)
2026-04-20T09:07:03.8806690Z Receiving objects:  85% (828/974)
2026-04-20T09:07:03.8807490Z Receiving objects:  86% (838/974)
2026-04-20T09:07:03.8808280Z Receiving objects:  87% (848/974)
2026-04-20T09:07:03.8810120Z remote: Total 974 (delta 498), reused 717 (delta 373), pack-reused 0 (from 0)        
2026-04-20T09:07:03.8811540Z Receiving objects:  88% (858/974)
2026-04-20T09:07:03.8812340Z Receiving objects:  89% (867/974)
2026-04-20T09:07:03.8816870Z Receiving objects:  90% (877/974)
2026-04-20T09:07:03.8819220Z Receiving objects:  91% (887/974)
2026-04-20T09:07:03.8821570Z Receiving objects:  92% (897/974)
2026-04-20T09:07:03.8823440Z Receiving objects:  93% (906/974)
2026-04-20T09:07:03.8825890Z Receiving objects:  94% (916/974)
2026-04-20T09:07:03.8835720Z Receiving objects:  95% (926/974)
2026-04-20T09:07:03.8840670Z Receiving objects:  96% (936/974)
2026-04-20T09:07:03.8842690Z Receiving objects:  97% (945/974)
2026-04-20T09:07:03.8845590Z Receiving objects:  98% (955/974)
2026-04-20T09:07:03.8847290Z Receiving objects:  99% (965/974)
2026-04-20T09:07:03.8851940Z Receiving objects: 100% (974/974)
2026-04-20T09:07:03.8854160Z Receiving objects: 100% (974/974), 739.76 KiB | 7.71 MiB/s, done.
2026-04-20T09:07:03.8858700Z Resolving deltas:   0% (0/498)
2026-04-20T09:07:03.8860430Z Resolving deltas:   1% (6/498)
2026-04-20T09:07:03.8862070Z Resolving deltas:   2% (11/498)
2026-04-20T09:07:03.8865300Z Resolving deltas:   3% (15/498)
2026-04-20T09:07:03.8868560Z Resolving deltas:   4% (20/498)
2026-04-20T09:07:03.8871040Z Resolving deltas:   5% (25/498)
2026-04-20T09:07:03.8872400Z Resolving deltas:   6% (30/498)
2026-04-20T09:07:03.8878240Z Resolving deltas:   7% (35/498)
2026-04-20T09:07:03.8883230Z Resolving deltas:   8% (41/498)
2026-04-20T09:07:03.8884570Z Resolving deltas:   9% (45/498)
2026-04-20T09:07:03.8888920Z Resolving deltas:  10% (50/498)
2026-04-20T09:07:03.8890240Z Resolving deltas:  11% (55/498)
2026-04-20T09:07:03.8893650Z Resolving deltas:  12% (60/498)
2026-04-20T09:07:03.8899850Z Resolving deltas:  13% (65/498)
2026-04-20T09:07:03.8903170Z Resolving deltas:  14% (70/498)
2026-04-20T09:07:03.8905010Z Resolving deltas:  15% (76/498)
2026-04-20T09:07:03.8910080Z Resolving deltas:  16% (80/498)
2026-04-20T09:07:03.8912190Z Resolving deltas:  17% (86/498)
2026-04-20T09:07:03.8913830Z Resolving deltas:  18% (90/498)
2026-04-20T09:07:03.8915430Z Resolving deltas:  19% (95/498)
2026-04-20T09:07:03.8916280Z Resolving deltas:  20% (100/498)
2026-04-20T09:07:03.8917010Z Resolving deltas:  21% (105/498)
2026-04-20T09:07:03.8917700Z Resolving deltas:  22% (110/498)
2026-04-20T09:07:03.8918430Z Resolving deltas:  23% (115/498)
2026-04-20T09:07:03.8919130Z Resolving deltas:  24% (120/498)
2026-04-20T09:07:03.8919820Z Resolving deltas:  25% (125/498)
2026-04-20T09:07:03.8920520Z Resolving deltas:  26% (130/498)
2026-04-20T09:07:03.8921230Z Resolving deltas:  27% (135/498)
2026-04-20T09:07:03.8921920Z Resolving deltas:  28% (141/498)
2026-04-20T09:07:03.8922610Z Resolving deltas:  29% (145/498)
2026-04-20T09:07:03.8923350Z Resolving deltas:  30% (150/498)
2026-04-20T09:07:03.8924070Z Resolving deltas:  31% (155/498)
2026-04-20T09:07:03.8924780Z Resolving deltas:  32% (160/498)
2026-04-20T09:07:03.8926070Z Resolving deltas:  33% (165/498)
2026-04-20T09:07:03.8926780Z Resolving deltas:  34% (170/498)
2026-04-20T09:07:03.8927490Z Resolving deltas:  35% (175/498)
2026-04-20T09:07:03.8929320Z Resolving deltas:  36% (180/498)
2026-04-20T09:07:03.8930370Z Resolving deltas:  37% (185/498)
2026-04-20T09:07:03.8931080Z Resolving deltas:  38% (190/498)
2026-04-20T09:07:03.8932090Z Resolving deltas:  39% (197/498)
2026-04-20T09:07:03.8932770Z Resolving deltas:  40% (200/498)
2026-04-20T09:07:03.8933480Z Resolving deltas:  41% (206/498)
2026-04-20T09:07:03.8934180Z Resolving deltas:  42% (211/498)
2026-04-20T09:07:03.8934890Z Resolving deltas:  43% (215/498)
2026-04-20T09:07:03.8935610Z Resolving deltas:  44% (220/498)
2026-04-20T09:07:03.8936310Z Resolving deltas:  45% (226/498)
2026-04-20T09:07:03.8937000Z Resolving deltas:  46% (230/498)
2026-04-20T09:07:03.8937760Z Resolving deltas:  47% (235/498)
2026-04-20T09:07:03.8938480Z Resolving deltas:  48% (240/498)
2026-04-20T09:07:03.8939170Z Resolving deltas:  49% (245/498)
2026-04-20T09:07:03.8939870Z Resolving deltas:  50% (249/498)
2026-04-20T09:07:03.8940580Z Resolving deltas:  51% (254/498)
2026-04-20T09:07:03.8941280Z Resolving deltas:  52% (259/498)
2026-04-20T09:07:03.8942000Z Resolving deltas:  53% (264/498)
2026-04-20T09:07:03.8942760Z Resolving deltas:  54% (269/498)
2026-04-20T09:07:03.8943460Z Resolving deltas:  55% (274/498)
2026-04-20T09:07:03.8944250Z Resolving deltas:  56% (279/498)
2026-04-20T09:07:03.8944940Z Resolving deltas:  57% (284/498)
2026-04-20T09:07:03.8945630Z Resolving deltas:  58% (289/498)
2026-04-20T09:07:03.8946380Z Resolving deltas:  59% (294/498)
2026-04-20T09:07:03.8947090Z Resolving deltas:  60% (299/498)
2026-04-20T09:07:03.8947800Z Resolving deltas:  61% (304/498)
2026-04-20T09:07:03.8948490Z Resolving deltas:  62% (309/498)
2026-04-20T09:07:03.8949210Z Resolving deltas:  63% (315/498)
2026-04-20T09:07:03.8949900Z Resolving deltas:  64% (319/498)
2026-04-20T09:07:03.8950600Z Resolving deltas:  65% (324/498)
2026-04-20T09:07:03.8951300Z Resolving deltas:  66% (330/498)
2026-04-20T09:07:03.8951990Z Resolving deltas:  67% (334/498)
2026-04-20T09:07:03.8952680Z Resolving deltas:  68% (339/498)
2026-04-20T09:07:03.8953370Z Resolving deltas:  69% (344/498)
2026-04-20T09:07:03.8954090Z Resolving deltas:  70% (349/498)
2026-04-20T09:07:03.8954800Z Resolving deltas:  71% (354/498)
2026-04-20T09:07:03.8955520Z Resolving deltas:  72% (359/498)
2026-04-20T09:07:03.8956200Z Resolving deltas:  73% (364/498)
2026-04-20T09:07:03.8956950Z Resolving deltas:  74% (370/498)
2026-04-20T09:07:03.8957640Z Resolving deltas:  75% (374/498)
2026-04-20T09:07:03.8958310Z Resolving deltas:  76% (380/498)
2026-04-20T09:07:03.8958990Z Resolving deltas:  77% (384/498)
2026-04-20T09:07:03.8959660Z Resolving deltas:  78% (389/498)
2026-04-20T09:07:03.8960330Z Resolving deltas:  79% (394/498)
2026-04-20T09:07:03.8961000Z Resolving deltas:  80% (399/498)
2026-04-20T09:07:03.8963130Z Resolving deltas:  81% (404/498)
2026-04-20T09:07:03.8963920Z Resolving deltas:  82% (409/498)
2026-04-20T09:07:03.8965040Z Resolving deltas:  83% (414/498)
2026-04-20T09:07:03.8966240Z Resolving deltas:  84% (420/498)
2026-04-20T09:07:03.8967010Z Resolving deltas:  85% (424/498)
2026-04-20T09:07:03.8967720Z Resolving deltas:  86% (429/498)
2026-04-20T09:07:03.8968500Z Resolving deltas:  87% (435/498)
2026-04-20T09:07:03.8969180Z Resolving deltas:  88% (439/498)
2026-04-20T09:07:03.8969890Z Resolving deltas:  89% (444/498)
2026-04-20T09:07:03.8970570Z Resolving deltas:  90% (449/498)
2026-04-20T09:07:03.8971250Z Resolving deltas:  91% (454/498)
2026-04-20T09:07:03.8971930Z Resolving deltas:  92% (459/498)
2026-04-20T09:07:03.8972610Z Resolving deltas:  93% (464/498)
2026-04-20T09:07:03.8973280Z Resolving deltas:  94% (469/498)
2026-04-20T09:07:03.8973960Z Resolving deltas:  95% (474/498)
2026-04-20T09:07:03.8974640Z Resolving deltas:  96% (481/498)
2026-04-20T09:07:03.8975310Z Resolving deltas:  97% (484/498)
2026-04-20T09:07:03.8975990Z Resolving deltas:  98% (489/498)
2026-04-20T09:07:03.8976680Z Resolving deltas:  99% (496/498)
2026-04-20T09:07:03.8977350Z Resolving deltas: 100% (498/498)
2026-04-20T09:07:03.8978040Z Resolving deltas: 100% (498/498), done.
2026-04-20T09:07:03.9056240Z From https://github.com/sreeya12/curator
2026-04-20T09:07:03.9059270Z  * [new ref]         f44b5c3331f8f5e18f8fa661a72e5bc86e5f6634 -> origin/os-expansion-experiment
2026-04-20T09:07:03.9199600Z ##[endgroup]
2026-04-20T09:07:03.9200840Z ##[group]Determining the checkout info
2026-04-20T09:07:03.9202810Z ##[endgroup]
2026-04-20T09:07:03.9203800Z ##[group]Checking out the ref
2026-04-20T09:07:03.9206680Z [command]/opt/homebrew/bin/git checkout --progress --force -B os-expansion-experiment refs/remotes/origin/os-expansion-experiment
2026-04-20T09:07:04.0301360Z Switched to a new branch 'os-expansion-experiment'
2026-04-20T09:07:04.0403870Z branch 'os-expansion-experiment' set up to track 'origin/os-expansion-experiment'.
2026-04-20T09:07:04.0695270Z ##[endgroup]
2026-04-20T09:07:04.0901310Z [command]/opt/homebrew/bin/git log -1 --format='%H'
2026-04-20T09:07:04.0946390Z 'f44b5c3331f8f5e18f8fa661a72e5bc86e5f6634'
2026-04-20T09:07:04.1066290Z ##[group]Run docker run --rm -v $(pwd):/github/workspace ghcr.io/korandoru/hawkeye-native:v3 check
2026-04-20T09:07:04.1068060Z [36;1mdocker run --rm -v $(pwd):/github/workspace ghcr.io/korandoru/hawkeye-native:v3 check[0m
2026-04-20T09:07:04.1109980Z shell: /bin/bash -e {0}
2026-04-20T09:07:04.1110610Z env:
2026-04-20T09:07:04.1112330Z   MAVEN_OPTS: -Dhttp.keepAlive=false -Dmaven.wagon.http.pool=false -Dmaven.wagon.http.retryHandler.class=standard -Dmaven.wagon.http.retryHandler.count=3
2026-04-20T09:07:04.1114180Z ##[endgroup]
2026-04-20T09:07:04.1574590Z /Users/runner/work/_temp/831767e3-671c-4b09-b637-7a2d45f0f92c.sh: line 1: docker: command not found
2026-04-20T09:07:04.1588730Z ##[error]Process completed with exit code 127.
2026-04-20T09:07:04.1798720Z Post job cleanup.
2026-04-20T09:07:04.2497110Z [command]/opt/homebrew/bin/git version
2026-04-20T09:07:04.2557600Z git version 2.53.0
2026-04-20T09:07:04.2581320Z Copying '/Users/runner/.gitconfig' to '/Users/runner/work/_temp/1fde51bc-4d90-42ac-9bf5-15641e0924f7/.gitconfig'
2026-04-20T09:07:04.2588230Z Temporarily overriding HOME='/Users/runner/work/_temp/1fde51bc-4d90-42ac-9bf5-15641e0924f7' before making global git config changes
2026-04-20T09:07:04.2590140Z Adding repository directory to the temporary git global config as a safe directory
2026-04-20T09:07:04.2591720Z [command]/opt/homebrew/bin/git config --global --add safe.directory /Users/runner/work/curator/curator
2026-04-20T09:07:04.2654080Z [command]/opt/homebrew/bin/git config --local --name-only --get-regexp core\.sshCommand
2026-04-20T09:07:04.2717060Z [command]/opt/homebrew/bin/git submodule foreach --recursive sh -c "git config --local --name-only --get-regexp 'core\.sshCommand' && git config --local --unset-all 'core.sshCommand' || :"
2026-04-20T09:07:04.3485760Z [command]/opt/homebrew/bin/git config --local --name-only --get-regexp http\.https\:\/\/github\.com\/\.extraheader
2026-04-20T09:07:04.3536920Z http.https://github.com/.extraheader
2026-04-20T09:07:04.3544610Z [command]/opt/homebrew/bin/git config --local --unset-all http.https://github.com/.extraheader
2026-04-20T09:07:04.3607090Z [command]/opt/homebrew/bin/git submodule foreach --recursive sh -c "git config --local --name-only --get-regexp 'http\.https\:\/\/github\.com\/\.extraheader' && git config --local --unset-all 'http.https://github.com/.extraheader' || :"
2026-04-20T09:07:04.4459700Z Cleaning up orphan processes
2026-04-20T09:07:04.7433640Z ##[warning]Node.js 20 actions are deprecated. The following actions are running on Node.js 20 and may not work as expected: actions/checkout@v3. Actions will be forced to run with Node.js 24 by default starting June 2nd, 2026. Node.js 20 will be removed from the runner on September 16th, 2026. Please check if updated versions of these actions are available that support Node.js 24. To opt into Node.js 24 now, set the FORCE_JAVASCRIPT_ACTIONS_TO_NODE24=true environment variable on the runner or in your workflow file. Once Node.js 24 becomes the default, you can temporarily opt out by setting ACTIONS_ALLOW_USE_UNSECURE_NODE_VERSION=true. For more information see: https://github.blog/changelog/2025-09-19-deprecation-of-node-20-on-github-actions-runners/
