ï»¿2026-05-04T07:28:32.3776300Z Current runner version: '2.334.0'
2026-05-04T07:28:32.3789760Z ##[group]Runner Image Provisioner
2026-05-04T07:28:32.3790220Z Hosted Compute Agent
2026-05-04T07:28:32.3790570Z Version: 20260422.526
2026-05-04T07:28:32.3790950Z Commit: e1a9e573f4d0838b3a7c1b07401aeb29ed3635a9
2026-05-04T07:28:32.3791380Z Build Date: 2026-04-22T09:31:31Z
2026-05-04T07:28:32.3791790Z Worker ID: {9cb737aa-ae02-4f00-be82-3866de76c63b}
2026-05-04T07:28:32.3792220Z Azure Region: westus
2026-05-04T07:28:32.3792560Z ##[endgroup]
2026-05-04T07:28:32.3793320Z ##[group]Operating System
2026-05-04T07:28:32.3793680Z macOS
2026-05-04T07:28:32.3793960Z 15.7.4
2026-05-04T07:28:32.3794230Z 24G517
2026-05-04T07:28:32.3794510Z ##[endgroup]
2026-05-04T07:28:32.3794820Z ##[group]Runner Image
2026-05-04T07:28:32.3795150Z Image: macos-15-arm64
2026-05-04T07:28:32.3795460Z Version: 20260427.0018.1
2026-05-04T07:28:32.3796190Z Included Software: https://github.com/actions/runner-images/blob/macos-15-arm64/20260427.0018/images/macos/macos-15-arm64-Readme.md
2026-05-04T07:28:32.3797130Z Image Release: https://github.com/actions/runner-images/releases/tag/macos-15-arm64%2F20260427.0018
2026-05-04T07:28:32.3797710Z ##[endgroup]
2026-05-04T07:28:32.3798350Z ##[group]GITHUB_TOKEN Permissions
2026-05-04T07:28:32.3799210Z Metadata: read
2026-05-04T07:28:32.3799520Z SecurityEvents: write
2026-05-04T07:28:32.3799850Z ##[endgroup]
2026-05-04T07:28:32.3801080Z Secret source: Actions
2026-05-04T07:28:32.3801470Z Prepare workflow directory
2026-05-04T07:28:32.4003460Z Prepare all required actions
2026-05-04T07:28:32.4032640Z Getting action download info
2026-05-04T07:28:32.8339350Z Download action repository 'actions/checkout@11bd71901bbe5b1630ceea73d27597364c9af683' (SHA:11bd71901bbe5b1630ceea73d27597364c9af683)
2026-05-04T07:28:33.0000950Z Download action repository 'actions/setup-java@3a4f6e1af504cf6a31855fa899c6aa5355ba6c12' (SHA:3a4f6e1af504cf6a31855fa899c6aa5355ba6c12)
2026-05-04T07:28:33.8608870Z Download action repository 'github/codeql-action@70df9def86d22bf0ea4e7f8b956e7b92e7c1ea22' (SHA:70df9def86d22bf0ea4e7f8b956e7b92e7c1ea22)
2026-05-04T07:28:51.2419190Z Complete job name: build (macos-latest)
2026-05-04T07:28:51.2843820Z ##[group]Run actions/checkout@11bd71901bbe5b1630ceea73d27597364c9af683
2026-05-04T07:28:51.2844370Z with:
2026-05-04T07:28:51.2844520Z   repository: sreeya12/joda-time
2026-05-04T07:28:51.2844990Z   token: ***
2026-05-04T07:28:51.2845120Z   ssh-strict: true
2026-05-04T07:28:51.2845250Z   ssh-user: git
2026-05-04T07:28:51.2845390Z   persist-credentials: true
2026-05-04T07:28:51.2845550Z   clean: true
2026-05-04T07:28:51.2845700Z   sparse-checkout-cone-mode: true
2026-05-04T07:28:51.2845870Z   fetch-depth: 1
2026-05-04T07:28:51.2846010Z   fetch-tags: false
2026-05-04T07:28:51.2846160Z   show-progress: true
2026-05-04T07:28:51.2846290Z   lfs: false
2026-05-04T07:28:51.2846420Z   submodules: false
2026-05-04T07:28:51.2846550Z   set-safe-directory: true
2026-05-04T07:28:51.2846820Z ##[endgroup]
2026-05-04T07:28:51.5964080Z Syncing repository: sreeya12/joda-time
2026-05-04T07:28:51.5965570Z ##[group]Getting Git version info
2026-05-04T07:28:51.5965950Z Working directory is '/Users/runner/work/joda-time/joda-time'
2026-05-04T07:28:51.6026080Z [command]/opt/homebrew/bin/git version
2026-05-04T07:28:51.6871190Z git version 2.54.0
2026-05-04T07:28:51.6898900Z ##[endgroup]
2026-05-04T07:28:51.6904650Z Copying '/Users/runner/.gitconfig' to '/Users/runner/work/_temp/4f4606fc-444f-4dec-8d2b-632fa64a5944/.gitconfig'
2026-05-04T07:28:51.6919750Z Temporarily overriding HOME='/Users/runner/work/_temp/4f4606fc-444f-4dec-8d2b-632fa64a5944' before making global git config changes
2026-05-04T07:28:51.6921410Z Adding repository directory to the temporary git global config as a safe directory
2026-05-04T07:28:51.6923880Z [command]/opt/homebrew/bin/git config --global --add safe.directory /Users/runner/work/joda-time/joda-time
2026-05-04T07:28:51.7024170Z Deleting the contents of '/Users/runner/work/joda-time/joda-time'
2026-05-04T07:28:51.7027460Z ##[group]Initializing the repository
2026-05-04T07:28:51.7036830Z [command]/opt/homebrew/bin/git init /Users/runner/work/joda-time/joda-time
2026-05-04T07:28:51.7245260Z hint: Using 'master' as the name for the initial branch. This default branch name
2026-05-04T07:28:51.7246540Z hint: will change to "main" in Git 3.0. To configure the initial branch name
2026-05-04T07:28:51.7247580Z hint: to use in all of your new repositories, which will suppress this warning,
2026-05-04T07:28:51.7248500Z hint: call:
2026-05-04T07:28:51.7249020Z hint:
2026-05-04T07:28:51.7249570Z hint: 	git config --global init.defaultBranch <name>
2026-05-04T07:28:51.7250180Z hint:
2026-05-04T07:28:51.7250760Z hint: Names commonly chosen instead of 'master' are 'main', 'trunk' and
2026-05-04T07:28:51.7251790Z hint: 'development'. The just-created branch can be renamed via this command:
2026-05-04T07:28:51.7252550Z hint:
2026-05-04T07:28:51.7252930Z hint: 	git branch -m <name>
2026-05-04T07:28:51.7253370Z hint:
2026-05-04T07:28:51.7254030Z hint: Disable this message with "git config set advice.defaultBranchName false"
2026-05-04T07:28:51.7255210Z Initialized empty Git repository in /Users/runner/work/joda-time/joda-time/.git/
2026-05-04T07:28:51.7257380Z [command]/opt/homebrew/bin/git remote add origin https://github.com/sreeya12/joda-time
2026-05-04T07:28:51.7330630Z ##[endgroup]
2026-05-04T07:28:51.7331460Z ##[group]Disabling automatic garbage collection
2026-05-04T07:28:51.7342090Z [command]/opt/homebrew/bin/git config --local gc.auto 0
2026-05-04T07:28:51.7419170Z ##[endgroup]
2026-05-04T07:28:51.7427290Z ##[group]Setting up auth
2026-05-04T07:28:51.7434990Z [command]/opt/homebrew/bin/git config --local --name-only --get-regexp core\.sshCommand
2026-05-04T07:28:51.7482030Z [command]/opt/homebrew/bin/git submodule foreach --recursive sh -c "git config --local --name-only --get-regexp 'core\.sshCommand' && git config --local --unset-all 'core.sshCommand' || :"
2026-05-04T07:28:51.8496950Z [command]/opt/homebrew/bin/git config --local --name-only --get-regexp http\.https\:\/\/github\.com\/\.extraheader
2026-05-04T07:28:51.8562630Z [command]/opt/homebrew/bin/git submodule foreach --recursive sh -c "git config --local --name-only --get-regexp 'http\.https\:\/\/github\.com\/\.extraheader' && git config --local --unset-all 'http.https://github.com/.extraheader' || :"
2026-05-04T07:28:51.9409670Z [command]/opt/homebrew/bin/git config --local http.https://github.com/.extraheader AUTHORIZATION: basic ***
2026-05-04T07:28:51.9498670Z ##[endgroup]
2026-05-04T07:28:51.9499890Z ##[group]Fetching the repository
2026-05-04T07:28:51.9505040Z [command]/opt/homebrew/bin/git -c protocol.version=2 fetch --no-tags --prune --no-recurse-submodules --depth=1 origin +84d737c51bd14491bbbbae7f78bd3c54077eeb7b:refs/remotes/origin/os-expansion-experiment
2026-05-04T07:28:52.9673700Z From https://github.com/sreeya12/joda-time
2026-05-04T07:28:52.9676690Z  * [new ref]         84d737c51bd14491bbbbae7f78bd3c54077eeb7b -> origin/os-expansion-experiment
2026-05-04T07:28:52.9800190Z ##[endgroup]
2026-05-04T07:28:52.9800760Z ##[group]Determining the checkout info
2026-05-04T07:28:52.9801220Z ##[endgroup]
2026-05-04T07:28:52.9801600Z [command]/opt/homebrew/bin/git sparse-checkout disable
2026-05-04T07:28:52.9896630Z [command]/opt/homebrew/bin/git config --local --unset-all extensions.worktreeConfig
2026-05-04T07:28:52.9986060Z ##[group]Checking out the ref
2026-05-04T07:28:52.9987780Z [command]/opt/homebrew/bin/git checkout --progress --force -B os-expansion-experiment refs/remotes/origin/os-expansion-experiment
2026-05-04T07:28:53.0910890Z Switched to a new branch 'os-expansion-experiment'
2026-05-04T07:28:53.0929530Z branch 'os-expansion-experiment' set up to track 'origin/os-expansion-experiment'.
2026-05-04T07:28:53.0933510Z ##[endgroup]
2026-05-04T07:28:53.1035310Z [command]/opt/homebrew/bin/git log -1 --format=%H
2026-05-04T07:28:53.1164890Z 84d737c51bd14491bbbbae7f78bd3c54077eeb7b
2026-05-04T07:28:53.1362380Z ##[group]Run actions/setup-java@3a4f6e1af504cf6a31855fa899c6aa5355ba6c12
2026-05-04T07:28:53.1362950Z with:
2026-05-04T07:28:53.1363100Z   java-version: 8
2026-05-04T07:28:53.1363260Z   distribution: temurin
2026-05-04T07:28:53.1363410Z   cache: maven
2026-05-04T07:28:53.1363550Z   java-package: jdk
2026-05-04T07:28:53.1363710Z   check-latest: false
2026-05-04T07:28:53.1363870Z   server-id: github
2026-05-04T07:28:53.1364020Z   server-username: GITHUB_ACTOR
2026-05-04T07:28:53.1364200Z   server-password: GITHUB_TOKEN
2026-05-04T07:28:53.1364400Z   overwrite-settings: true
2026-05-04T07:28:53.1364570Z   job-status: success
2026-05-04T07:28:53.1364810Z   token: ***
2026-05-04T07:28:53.1364930Z ##[endgroup]
2026-05-04T07:28:53.2993080Z ##[group]Installed distributions
2026-05-04T07:28:53.3032290Z Trying to resolve the latest version from remote
2026-05-04T07:28:53.6251990Z ##[error]Could not find satisfied version for SemVer '8'. 
Available versions: 26.0.0+35, 25.0.3+9.0.LTS, 25.0.2+10.0.LTS, 25.0.1+8.0.LTS, 25.0.0+36.0.LTS, 24.0.2+12, 24.0.1+9, 24.0.0+36, 23.0.2+7, 23.0.1+11, 23.0.0+37, 22.0.2+9, 22.0.1+8, 22.0.0+36, 21.0.11+10.0.LTS, 21.0.10+7.0.LTS, 21.0.9+10.0.LTS, 21.0.8+9.0.LTS, 21.0.7+6.0.LTS, 21.0.6+7.0.LTS, 21.0.5+11.0.LTS, 21.0.4+7.0.LTS, 21.0.3+9.0.LTS, 21.0.2+13.0.LTS, 21.0.1+12.0.LTS, 21.0.0+35.0.LTS, 20.0.2+9, 20.0.1+9, 20.0.0+36, 19.0.2+7, 19.0.1+10, 19.0.0+36, 18.0.2+101, 18.0.2+9, 18.0.1+10, 18.0.0+36, 17.0.19+10, 17.0.18+8, 17.0.17+10, 17.0.16+8, 17.0.15+6, 17.0.14+7, 17.0.13+11, 17.0.12+7, 17.0.11+9, 17.0.10+7, 17.0.9+9, 17.0.8+101, 17.0.8+7, 17.0.7+7, 17.0.6+10, 17.0.5+8, 17.0.4+101, 17.0.4+8, 17.0.3+7, 17.0.2+8, 17.0.1+12, 17.0.0+35, 11.0.31+11, 11.0.30+7, 11.0.29+7, 11.0.28+6, 11.0.27+6, 11.0.26+4, 11.0.25+9, 11.0.24+8, 11.0.23+9, 11.0.22+7.1, 11.0.22+7, 11.0.21+9, 11.0.20+101, 11.0.20+8, 11.0.19+7, 11.0.18+10, 11.0.17+8, 11.0.16+101, 11.0.16+8, 11.0.15+10
2026-05-04T07:28:53.6380460Z Post job cleanup.
2026-05-04T07:28:53.7678880Z Post job cleanup.
2026-05-04T07:28:53.8418360Z [command]/opt/homebrew/bin/git version
2026-05-04T07:28:53.8472040Z git version 2.54.0
2026-05-04T07:28:53.8492060Z Copying '/Users/runner/.gitconfig' to '/Users/runner/work/_temp/ada1ce89-d390-4d2b-9c9e-6a99eca3f5e2/.gitconfig'
2026-05-04T07:28:53.8498530Z Temporarily overriding HOME='/Users/runner/work/_temp/ada1ce89-d390-4d2b-9c9e-6a99eca3f5e2' before making global git config changes
2026-05-04T07:28:53.8499300Z Adding repository directory to the temporary git global config as a safe directory
2026-05-04T07:28:53.8506710Z [command]/opt/homebrew/bin/git config --global --add safe.directory /Users/runner/work/joda-time/joda-time
2026-05-04T07:28:53.8566040Z [command]/opt/homebrew/bin/git config --local --name-only --get-regexp core\.sshCommand
2026-05-04T07:28:53.8621260Z [command]/opt/homebrew/bin/git submodule foreach --recursive sh -c "git config --local --name-only --get-regexp 'core\.sshCommand' && git config --local --unset-all 'core.sshCommand' || :"
2026-05-04T07:28:53.9262920Z [command]/opt/homebrew/bin/git config --local --name-only --get-regexp http\.https\:\/\/github\.com\/\.extraheader
2026-05-04T07:28:53.9308980Z http.https://github.com/.extraheader
2026-05-04T07:28:53.9317020Z [command]/opt/homebrew/bin/git config --local --unset-all http.https://github.com/.extraheader
2026-05-04T07:28:53.9371490Z [command]/opt/homebrew/bin/git submodule foreach --recursive sh -c "git config --local --name-only --get-regexp 'http\.https\:\/\/github\.com\/\.extraheader' && git config --local --unset-all 'http.https://github.com/.extraheader' || :"
2026-05-04T07:28:54.0117360Z Cleaning up orphan processes
2026-05-04T07:28:54.0208190Z ##[warning]Node.js 20 actions are deprecated. The following actions are running on Node.js 20 and may not work as expected: actions/checkout@11bd71901bbe5b1630ceea73d27597364c9af683, actions/setup-java@3a4f6e1af504cf6a31855fa899c6aa5355ba6c12. Actions will be forced to run with Node.js 24 by default starting June 2nd, 2026. Node.js 20 will be removed from the runner on September 16th, 2026. Please check if updated versions of these actions are available that support Node.js 24. To opt into Node.js 24 now, set the FORCE_JAVASCRIPT_ACTIONS_TO_NODE24=true environment variable on the runner or in your workflow file. Once Node.js 24 becomes the default, you can temporarily opt out by setting ACTIONS_ALLOW_USE_UNSECURE_NODE_VERSION=true. For more information see: https://github.blog/changelog/2025-09-19-deprecation-of-node-20-on-github-actions-runners/
